Component: ARM Compiler 6.16 Tool: armlink [5e4cc100]

==============================================================================

Section Cross References

    main.o(.text.main) refers to stm32f4xx_hal.o(.text.HAL_Init) for HAL_Init
    main.o(.text.main) refers to main.o(.text.SystemClock_Config) for SystemClock_Config
    main.o(.text.main) refers to main.o(.bss.hnand1) for hnand1
    main.o(.text.main) refers to stm32f4xx_hal_nand.o(.text.HAL_NAND_Init) for HAL_NAND_Init
    main.o(.text.main) refers to main.o(.bss.htim14) for htim14
    main.o(.text.main) refers to stm32f4xx_hal_tim.o(.text.HAL_TIM_Base_Init) for HAL_TIM_Base_Init
    main.o(.text.main) refers to main.o(.bss.huart3) for huart3
    main.o(.text.main) refers to stm32f4xx_hal_uart.o(.text.HAL_UART_Init) for HAL_UART_Init
    main.o(.ARM.exidx.text.main) refers to main.o(.text.main) for [Anonymous Symbol]
    main.o(.text.SystemClock_Config) refers to rt_memclr_w.o(.text) for __aeabi_memclr4
    main.o(.text.SystemClock_Config) refers to stm32f4xx_hal_rcc.o(.text.HAL_RCC_OscConfig) for HAL_RCC_OscConfig
    main.o(.text.SystemClock_Config) refers to stm32f4xx_hal_rcc.o(.text.HAL_RCC_ClockConfig) for HAL_RCC_ClockConfig
    main.o(.ARM.exidx.text.SystemClock_Config) refers to main.o(.text.SystemClock_Config) for [Anonymous Symbol]
    main.o(.ARM.exidx.text.Error_Handler) refers to main.o(.text.Error_Handler) for [Anonymous Symbol]
    stm32f4xx_it.o(.ARM.exidx.text.NMI_Handler) refers to stm32f4xx_it.o(.text.NMI_Handler) for [Anonymous Symbol]
    stm32f4xx_it.o(.ARM.exidx.text.HardFault_Handler) refers to stm32f4xx_it.o(.text.HardFault_Handler) for [Anonymous Symbol]
    stm32f4xx_it.o(.ARM.exidx.text.MemManage_Handler) refers to stm32f4xx_it.o(.text.MemManage_Handler) for [Anonymous Symbol]
    stm32f4xx_it.o(.ARM.exidx.text.BusFault_Handler) refers to stm32f4xx_it.o(.text.BusFault_Handler) for [Anonymous Symbol]
    stm32f4xx_it.o(.ARM.exidx.text.UsageFault_Handler) refers to stm32f4xx_it.o(.text.UsageFault_Handler) for [Anonymous Symbol]
    stm32f4xx_it.o(.ARM.exidx.text.DebugMon_Handler) refers to stm32f4xx_it.o(.text.DebugMon_Handler) for [Anonymous Symbol]
    stm32f4xx_it.o(.text.USART3_IRQHandler) refers to main.o(.bss.huart3) for huart3
    stm32f4xx_it.o(.text.USART3_IRQHandler) refers to stm32f4xx_hal_uart.o(.text.HAL_UART_IRQHandler) for HAL_UART_IRQHandler
    stm32f4xx_it.o(.ARM.exidx.text.USART3_IRQHandler) refers to stm32f4xx_it.o(.text.USART3_IRQHandler) for [Anonymous Symbol]
    clib_arm.o(.text._platform_post_stackheap_init) refers to freertos_evr.o(.text.EvrFreeRTOSSetup) for EvrFreeRTOSSetup
    clib_arm.o(.ARM.exidx.text._platform_post_stackheap_init) refers to clib_arm.o(.text._platform_post_stackheap_init) for [Anonymous Symbol]
    clib_arm.o(.text.__user_perthread_libspace) refers to tasks.o(.text.xTaskGetSchedulerState) for xTaskGetSchedulerState
    clib_arm.o(.text.__user_perthread_libspace) refers to clib_arm.o(.bss.os_libspace) for os_libspace
    clib_arm.o(.text.__user_perthread_libspace) refers to tasks.o(.text.xTaskGetCurrentTaskHandle) for xTaskGetCurrentTaskHandle
    clib_arm.o(.text.__user_perthread_libspace) refers to clib_arm.o(.bss.os_libspace_id) for os_libspace_id
    clib_arm.o(.ARM.exidx.text.__user_perthread_libspace) refers to clib_arm.o(.text.__user_perthread_libspace) for [Anonymous Symbol]
    clib_arm.o(.text._mutex_initialize) refers to clib_arm.o(.bss.clib_mutex_cb) for clib_mutex_cb
    clib_arm.o(.text._mutex_initialize) refers to clib_arm.o(.bss.clib_mutex_id) for clib_mutex_id
    clib_arm.o(.text._mutex_initialize) refers to tasks.o(.text.xTaskGetSchedulerState) for xTaskGetSchedulerState
    clib_arm.o(.text._mutex_initialize) refers to queue.o(.text.xQueueCreateMutex) for xQueueCreateMutex
    clib_arm.o(.text._mutex_initialize) refers to queue.o(.text.xQueueCreateMutexStatic) for xQueueCreateMutexStatic
    clib_arm.o(.ARM.exidx.text._mutex_initialize) refers to clib_arm.o(.text._mutex_initialize) for [Anonymous Symbol]
    clib_arm.o(.text._mutex_acquire) refers to tasks.o(.text.xTaskGetSchedulerState) for xTaskGetSchedulerState
    clib_arm.o(.text._mutex_acquire) refers to queue.o(.text.xQueueSemaphoreTake) for xQueueSemaphoreTake
    clib_arm.o(.ARM.exidx.text._mutex_acquire) refers to clib_arm.o(.text._mutex_acquire) for [Anonymous Symbol]
    clib_arm.o(.text._mutex_release) refers to tasks.o(.text.xTaskGetSchedulerState) for xTaskGetSchedulerState
    clib_arm.o(.text._mutex_release) refers to queue.o(.text.xQueueGenericSend) for xQueueGenericSend
    clib_arm.o(.ARM.exidx.text._mutex_release) refers to clib_arm.o(.text._mutex_release) for [Anonymous Symbol]
    clib_arm.o(.text._mutex_free) refers to queue.o(.text.vQueueDelete) for vQueueDelete
    clib_arm.o(.text._mutex_free) refers to clib_arm.o(.bss.clib_mutex_id) for clib_mutex_id
[...]
    .ARM.Collect$$libinit$$00000001          0x08000222   Section        4  libinit2.o(.ARM.Collect$$libinit$$00000001)
    .ARM.Collect$$libinit$$00000004          0x08000226   Section        0  libinit2.o(.ARM.Collect$$libinit$$00000004)
    .ARM.Collect$$libinit$$0000000A          0x08000226   Section        0  libinit2.o(.ARM.Collect$$libinit$$0000000A)
    .ARM.Collect$$libinit$$0000000C          0x08000226   Section        0  libinit2.o(.ARM.Collect$$libinit$$0000000C)
    .ARM.Collect$$libinit$$0000000E          0x08000226   Section        0  libinit2.o(.ARM.Collect$$libinit$$0000000E)
    .ARM.Collect$$libinit$$00000011          0x08000226   Section        0  libinit2.o(.ARM.Collect$$libinit$$00000011)
    .ARM.Collect$$libinit$$00000013          0x08000226   Section        0  libinit2.o(.ARM.Collect$$libinit$$00000013)
    .ARM.Collect$$libinit$$00000015          0x08000226   Section        0  libinit2.o(.ARM.Collect$$libinit$$00000015)
    .ARM.Collect$$libinit$$00000017          0x08000226   Section        0  libinit2.o(.ARM.Collect$$libinit$$00000017)
    .ARM.Collect$$libinit$$00000019          0x08000226   Section        0  libinit2.o(.ARM.Collect$$libinit$$00000019)
    .ARM.Collect$$libinit$$0000001B          0x08000226   Section        0  libinit2.o(.ARM.Collect$$libinit$$0000001B)
    .ARM.Collect$$libinit$$0000001D          0x08000226   Section        0  libinit2.o(.ARM.Collect$$libinit$$0000001D)
    .ARM.Collect$$libinit$$0000001F          0x08000226   Section        0  libinit2.o(.ARM.Collect$$libinit$$0000001F)
    .ARM.Collect$$libinit$$00000021          0x08000226   Section        0  libinit2.o(.ARM.Collect$$libinit$$00000021)
    .ARM.Collect$$libinit$$00000023          0x08000226   Section        0  libinit2.o(.ARM.Collect$$libinit$$00000023)
    .ARM.Collect$$libinit$$00000025          0x08000226   Section        0  libinit2.o(.ARM.Collect$$libinit$$00000025)
    .ARM.Collect$$libinit$$0000002C          0x08000226   Section        0  libinit2.o(.ARM.Collect$$libinit$$0000002C)
    .ARM.Collect$$libinit$$0000002E          0x08000226   Section        0  libinit2.o(.ARM.Collect$$libinit$$0000002E)
    .ARM.Collect$$libinit$$00000030          0x08000226   Section        0  libinit2.o(.ARM.Collect$$libinit$$00000030)
    .ARM.Collect$$libinit$$00000032          0x08000226   Section        0  libinit2.o(.ARM.Collect$$libinit$$00000032)
    .ARM.Collect$$libinit$$00000033          0x08000226   Section        2  libinit2.o(.ARM.Collect$$libinit$$00000033)
    .ARM.Collect$$libshutdown$$00000000      0x08000228   Section        2  libshutdown.o(.ARM.Collect$$libshutdown$$00000000)
    .ARM.Collect$$libshutdown$$00000002      0x0800022a   Section        0  libshutdown2.o(.ARM.Collect$$libshutdown$$00000002)
    .ARM.Collect$$libshutdown$$00000004      0x0800022a   Section        0  libshutdown2.o(.ARM.Collect$$libshutdown$$00000004)
    .ARM.Collect$$libshutdown$$00000007      0x0800022a   Section        0  libshutdown2.o(.ARM.Collect$$libshutdown$$00000007)
    .ARM.Collect$$libshutdown$$0000000A      0x0800022a   Section        0  libshutdown2.o(.ARM.Collect$$libshutdown$$0000000A)
    .ARM.Collect$$libshutdown$$0000000C      0x0800022a   Section        0  libshutdown2.o(.ARM.Collect$$libshutdown$$0000000C)
    .ARM.Collect$$libshutdown$$0000000F      0x0800022a   Section        0  libshutdown2.o(.ARM.Collect$$libshutdown$$0000000F)
    .ARM.Collect$$libshutdown$$00000010      0x0800022a   Section        2  libshutdown2.o(.ARM.Collect$$libshutdown$$00000010)
    .ARM.Collect$$rtentry$$00000000          0x0800022c   Section        0  __rtentry.o(.ARM.Collect$$rtentry$$00000000)
    .ARM.Collect$$rtentry$$00000002          0x0800022c   Section        0  __rtentry2.o(.ARM.Collect$$rtentry$$00000002)
    .ARM.Collect$$rtentry$$00000004          0x0800022c   Section        6  __rtentry4.o(.ARM.Collect$$rtentry$$00000004)
    .ARM.Collect$$rtentry$$00000008          0x08000232   Section        8  __rtentry2.o(.ARM.Collect$$rtentry$$00000008)
    .ARM.Collect$$rtentry$$0000000A          0x0800023a   Section        4  __rtentry2.o(.ARM.Collect$$rtentry$$0000000A)
    .ARM.Collect$$rtentry$$0000000C          0x0800023e   Section        0  __rtentry2.o(.ARM.Collect$$rtentry$$0000000C)
    .ARM.Collect$$rtentry$$0000000D          0x0800023e   Section        8  __rtentry2.o(.ARM.Collect$$rtentry$$0000000D)
    .ARM.Collect$$rtexit$$00000000           0x08000246   Section        2  rtexit.o(.ARM.Collect$$rtexit$$00000000)
    .ARM.Collect$$rtexit$$00000002           0x08000248   Section        0  rtexit2.o(.ARM.Collect$$rtexit$$00000002)
    .ARM.Collect$$rtexit$$00000003           0x08000248   Section        4  rtexit2.o(.ARM.Collect$$rtexit$$00000003)
    .ARM.Collect$$rtexit$$00000004           0x0800024c   Section        6  rtexit2.o(.ARM.Collect$$rtexit$$00000004)
    $v0                                      0x08000254   Number         0  startup_stm32f429xx.o(.text)
    .text                                    0x08000254   Section       64  startup_stm32f429xx.o(.text)
    .text                                    0x08000294   Section      240  lludivv7m.o(.text)
    .text                                    0x08000384   Section      138  rt_memcpy_v6.o(.text)
    .text                                    0x0800040e   Section      100  rt_memcpy_w.o(.text)
    .text                                    0x08000472   Section       78  rt_memclr_w.o(.text)
    .text                                    0x080004c0   Section        0  heapauxi.o(.text)
    .text                                    0x080004c8   Section        8  libspace.o(.text)
    .text                                    0x080004d0   Section       74  sys_stackheap_outer.o(.text)
    .text                                    0x0800051a   Section        0  exit.o(.text)
    .text                                    0x0800052c   Section        0  sys_exit.o(.text)
    .text                                    0x08000538   Section        2  use_no_semi.o(.text)
    .text                                    0x0800053a   Section        0  indicate_semi.o(.text)
    [Anonymous Symbol]                       0x0800053c   Section        0  stm32f4xx_it.o(.text.BusFault_Handler)
    [Anonymous Symbol]                       0x08000540   Section        0  stm32f4xx_it.o(.text.DebugMon_Handler)
    [Anonymous Symbol]                       0x08000544   Section        0  eventrecorder.o(.text.EventRecord2)
    [Anonymous Symbol]                       0x080006b8   Section        0  eventrecorder.o(.text.EventRecorderTimerGetCount)
    [Anonymous Symbol]                       0x080006c4   Section        0  freertos_evr.o(.text.EvrFreeRTOSHeap_Free)
    [Anonymous Symbol]                       0x080006d8   Section        0  freertos_evr.o(.text.EvrFreeRTOSHeap_Malloc)
    [Anonymous Symbol]                       0x080006e8   Section        0  freertos_evr.o(.text.EvrFreeRTOSQueue_BlockingOnQueueReceive)
    [Anonymous Symbol]                       0x080006fc   Section        0  freertos_evr.o(.text.EvrFreeRTOSQueue_BlockingOnQueueSend)
    [Anonymous Symbol]                       0x08000710   Section        0  freertos_evr.o(.text.EvrFreeRTOSQueue_CreateMutex)
    [Anonymous Symbol]                       0x08000724   Section        0  freertos_evr.o(.text.EvrFreeRTOSQueue_CreateMutexFailed)
    [Anonymous Symbol]                       0x08000734   Section        0  freertos_evr.o(.text.EvrFreeRTOSQueue_QueueCreate)
    [Anonymous Symbol]                       0x08000748   Section        0  freertos_evr.o(.text.EvrFreeRTOSQueue_QueueCreateFailed)
    [Anonymous Symbol]                       0x08000758   Section        0  freertos_evr.o(.text.EvrFreeRTOSQueue_QueueDelete)
    [Anonymous Symbol]                       0x0800076c   Section        0  freertos_evr.o(.text.EvrFreeRTOSQueue_QueueReceive)
    [Anonymous Symbol]                       0x08000780   Section        0  freertos_evr.o(.text.EvrFreeRTOSQueue_QueueReceiveFailed)
    [Anonymous Symbol]                       0x08000790   Section        0  freertos_evr.o(.text.EvrFreeRTOSQueue_QueueSend)
    [Anonymous Symbol]                       0x080007a4   Section        0  freertos_evr.o(.text.EvrFreeRTOSQueue_QueueSendFailed)
    [Anonymous Symbol]                       0x080007b4   Section        0  freertos_evr.o(.text.EvrFreeRTOSSetup)
    [Anonymous Symbol]                       0x080007e4   Section        0  freertos_evr.o(.text.EvrFreeRTOSTasks_MovedTaskToReadyState)
    [Anonymous Symbol]                       0x080007f8   Section        0  freertos_evr.o(.text.EvrFreeRTOSTasks_PostMovedTaskToReadyState)
    [Anonymous Symbol]                       0x0800080c   Section        0  freertos_evr.o(.text.EvrFreeRTOSTasks_TaskIncrementTick)
    [Anonymous Symbol]                       0x08000820   Section        0  freertos_evr.o(.text.EvrFreeRTOSTasks_TaskPriorityDisinherit)
    [Anonymous Symbol]                       0x08000834   Section        0  freertos_evr.o(.text.EvrFreeRTOSTasks_TaskPriorityInherit)
    [Anonymous Symbol]                       0x08000848   Section        0  freertos_evr.o(.text.EvrFreeRTOSTasks_TaskSwitchedIn)
    [Anonymous Symbol]                       0x0800085c   Section        0  freertos_evr.o(.text.EvrFreeRTOSTasks_TaskSwitchedOut)
    [Anonymous Symbol]                       0x08000870   Section        0  stm32f4xx_ll_fmc.o(.text.FMC_NAND_AttributeSpace_Timing_Init)
    [Anonymous Symbol]                       0x0800089c   Section        0  stm32f4xx_ll_fmc.o(.text.FMC_NAND_CommonSpace_Timing_Init)
    [Anonymous Symbol]                       0x080008c8   Section        0  stm32f4xx_ll_fmc.o(.text.FMC_NAND_Init)
    [Anonymous Symbol]                       0x08000908   Section        0  stm32f4xx_hal_dma.o(.text.HAL_DMA_Abort)
    [Anonymous Symbol]                       0x08000988   Section        0  stm32f4xx_hal_dma.o(.text.HAL_DMA_Abort_IT)
    [Anonymous Symbol]                       0x080009ac   Section        0  stm32f4xx_hal_gpio.o(.text.HAL_GPIO_Init)
    [Anonymous Symbol]                       0x08000b48   Section        0  stm32f4xx_hal.o(.text.HAL_GetTick)
    [Anonymous Symbol]                       0x08000b54   Section        0  stm32f4xx_hal.o(.text.HAL_Init)
    [Anonymous Symbol]                       0x08000b84   Section        0  stm32f4xx_hal.o(.text.HAL_InitTick)
    [Anonymous Symbol]                       0x08000bd4   Section        0  stm32f4xx_hal_msp.o(.text.HAL_MspInit)
    [Anonymous Symbol]                       0x08000c0c   Section        0  stm32f4xx_hal_nand.o(.text.HAL_NAND_Init)
    [Anonymous Symbol]                       0x08000c68   Section        0  stm32f4xx_hal_msp.o(.text.HAL_NAND_MspInit)
    [Anonymous Symbol]                       0x08000cf0   Section        0  stm32f4xx_hal_cortex.o(.text.HAL_NVIC_EnableIRQ)
    [Anonymous Symbol]                       0x08000d10   Section        0  stm32f4xx_hal_cortex.o(.text.HAL_NVIC_SetPriority)
    [Anonymous Symbol]                       0x08000d68   Section        0  stm32f4xx_hal_cortex.o(.text.HAL_NVIC_SetPriorityGrouping)
    [Anonymous Symbol]                       0x08000d88   Section        0  stm32f4xx_hal_rcc.o(.text.HAL_RCC_ClockConfig)
    [Anonymous Symbol]                       0x08000ee8   Section        0  stm32f4xx_hal_rcc.o(.text.HAL_RCC_GetPCLK1Freq)
    [Anonymous Symbol]                       0x08000f10   Section        0  stm32f4xx_hal_rcc.o(.text.HAL_RCC_GetPCLK2Freq)
    [Anonymous Symbol]                       0x08000f38   Section        0  stm32f4xx_hal_rcc.o(.text.HAL_RCC_GetSysClockFreq)
    [Anonymous Symbol]                       0x08000fa0   Section        0  stm32f4xx_hal_rcc.o(.text.HAL_RCC_OscConfig)
    [Anonymous Symbol]                       0x080012e8   Section        0  stm32f4xx_hal_cortex.o(.text.HAL_SYSTICK_Config)
    [Anonymous Symbol]                       0x08001314   Section        0  stm32f4xx_hal_tim.o(.text.HAL_TIM_Base_Init)
    [Anonymous Symbol]                       0x08001370   Section        0  stm32f4xx_hal_msp.o(.text.HAL_TIM_Base_MspInit)
    [Anonymous Symbol]                       0x080013a8   Section        0  stm32f4xx_hal_uart.o(.text.HAL_UARTEx_RxEventCallback)
    [Anonymous Symbol]                       0x080013ac   Section        0  stm32f4xx_hal_uart.o(.text.HAL_UART_ErrorCallback)
    [Anonymous Symbol]                       0x080013b0   Section        0  stm32f4xx_hal_uart.o(.text.HAL_UART_IRQHandler)
    [Anonymous Symbol]                       0x080016a0   Section        0  stm32f4xx_hal_uart.o(.text.HAL_UART_Init)
    [Anonymous Symbol]                       0x08001700   Section        0  stm32f4xx_hal_msp.o(.text.HAL_UART_MspInit)
    [Anonymous Symbol]                       0x08001784   Section        0  stm32f4xx_hal_uart.o(.text.HAL_UART_RxCpltCallback)
    [Anonymous Symbol]                       0x08001788   Section        0  stm32f4xx_hal_uart.o(.text.HAL_UART_TxCpltCallback)
    [Anonymous Symbol]                       0x0800178c   Section        0  stm32f4xx_it.o(.text.HardFault_Handler)
    [Anonymous Symbol]                       0x08001790   Section        0  stm32f4xx_it.o(.text.MemManage_Handler)
    [Anonymous Symbol]                       0x08001794   Section        0  stm32f4xx_it.o(.text.NMI_Handler)
    [Anonymous Symbol]                       0x080017a0   Section        0  port.o(.text.PendSV_Handler)
    pxCurrentTCBConst                        0x08001800   Number         0  port.o(.text.PendSV_Handler)
    [Anonymous Symbol]                       0x08001810   Section        0  port.o(.text.SVC_Handler)
    pxCurrentTCBConst2                       0x08001830   Number         0  port.o(.text.SVC_Handler)
    [Anonymous Symbol]                       0x08001834   Section        0  cmsis_os2.o(.text.SysTick_Handler)
    [Anonymous Symbol]                       0x08001850   Section        0  main.o(.text.SystemClock_Config)
    [Anonymous Symbol]                       0x080018f4   Section        0  system_stm32f4xx.o(.text.SystemInit)
    [Anonymous Symbol]                       0x08001908   Section        0  stm32f4xx_hal_tim.o(.text.TIM_Base_SetConfig)
    UART_DMAAbortOnError                     0x08001a2d   Thumb Code    16  stm32f4xx_hal_uart.o(.text.UART_DMAAbortOnError)
    [Anonymous Symbol]                       0x08001a2c   Section        0  stm32f4xx_hal_uart.o(.text.UART_DMAAbortOnError)
    UART_Receive_IT                          0x08001a3d   Thumb Code   196  stm32f4xx_hal_uart.o(.text.UART_Receive_IT)
    [Anonymous Symbol]                       0x08001a3c   Section        0  stm32f4xx_hal_uart.o(.text.UART_Receive_IT)
    UART_SetConfig                           0x08001b01   Thumb Code   222  stm32f4xx_hal_uart.o(.text.UART_SetConfig)
    [Anonymous Symbol]                       0x08001b00   Section        0  stm32f4xx_hal_uart.o(.text.UART_SetConfig)
    [Anonymous Symbol]                       0x08001be0   Section        0  stm32f4xx_it.o(.text.USART3_IRQHandler)
    [Anonymous Symbol]                       0x08001bf0   Section        0  stm32f4xx_it.o(.text.UsageFault_Handler)
    __tagsym$$used.1                         0x08001bf4   Number         0  clib_arm.o(.text._mutex_acquire)
    [Anonymous Symbol]                       0x08001bf4   Section        0  clib_arm.o(.text._mutex_acquire)
    __tagsym$$used.3                         0x08001c10   Number         0  clib_arm.o(.text._mutex_free)
    [Anonymous Symbol]                       0x08001c10   Section        0  clib_arm.o(.text._mutex_free)
    __tagsym$$used.0                         0x08001c40   Number         0  clib_arm.o(.text._mutex_initialize)
    [Anonymous Symbol]                       0x08001c40   Section        0  clib_arm.o(.text._mutex_initialize)
    __tagsym$$used.2                         0x08001c9c   Number         0  clib_arm.o(.text._mutex_release)
    [Anonymous Symbol]                       0x08001c9c   Section        0  clib_arm.o(.text._mutex_release)
    [Anonymous Symbol]                       0x08001cb8   Section        0  clib_arm.o(.text._platform_post_stackheap_init)
    [Anonymous Symbol]                       0x08001cc4   Section        0  main.o(.text.main)
    prvAddCurrentTaskToDelayedList           0x08001e21   Thumb Code   156  tasks.o(.text.prvAddCurrentTaskToDelayedList)
    [Anonymous Symbol]                       0x08001e20   Section        0  tasks.o(.text.prvAddCurrentTaskToDelayedList)
    prvUnlockQueue                           0x08001ebd   Thumb Code   114  queue.o(.text.prvUnlockQueue)
    [Anonymous Symbol]                       0x08001ebc   Section        0  queue.o(.text.prvUnlockQueue)
    [Anonymous Symbol]                       0x08001f30   Section        0  heap_4.o(.text.pvPortMalloc)
    [Anonymous Symbol]                       0x080020f8   Section        0  tasks.o(.text.pvTaskIncrementMutexHeldCount)
    [Anonymous Symbol]                       0x08002110   Section        0  list.o(.text.uxListRemove)
    [Anonymous Symbol]                       0x08002134   Section        0  cmsis_os2.o(.text.vApplicationStackOverflowHook)
    [Anonymous Symbol]                       0x08002138   Section        0  cmsis_os2.o(.text.vApplicationTickHook)
    [Anonymous Symbol]                       0x0800213c   Section        0  list.o(.text.vListInitialise)
    [Anonymous Symbol]                       0x08002154   Section        0  list.o(.text.vListInsert)
    [Anonymous Symbol]                       0x08002190   Section        0  port.o(.text.vPortEnterCritical)
    [Anonymous Symbol]                       0x080021b0   Section        0  port.o(.text.vPortExitCritical)
    [Anonymous Symbol]                       0x080021cc   Section        0  heap_4.o(.text.vPortFree)
    [Anonymous Symbol]                       0x08002280   Section        0  queue.o(.text.vQueueDelete)
    [Anonymous Symbol]                       0x0800229c   Section        0  tasks.o(.text.vTaskInternalSetTimeOutState)
    [Anonymous Symbol]                       0x080022b8   Section        0  tasks.o(.text.vTaskMissedYield)
    [Anonymous Symbol]                       0x080022c8   Section        0  tasks.o(.text.vTaskPlaceOnEventList)
    [Anonymous Symbol]                       0x080022e8   Section        0  tasks.o(.text.vTaskPriorityDisinheritAfterTimeout)
    [Anonymous Symbol]                       0x08002380   Section        0  tasks.o(.text.vTaskSuspendAll)
    __tagsym$$used.0                         0x08002390   Number         0  tasks.o(.text.vTaskSwitchContext)
    [Anonymous Symbol]                       0x08002390   Section        0  tasks.o(.text.vTaskSwitchContext)
    [Anonymous Symbol]                       0x0800244c   Section        0  port.o(.text.xPortSysTickHandler)
    [Anonymous Symbol]                       0x0800247c   Section        0  queue.o(.text.xQueueCreateMutex)
    [Anonymous Symbol]                       0x08002510   Section        0  queue.o(.text.xQueueCreateMutexStatic)
    [Anonymous Symbol]                       0x08002598   Section        0  queue.o(.text.xQueueGenericSend)
    [Anonymous Symbol]                       0x08002748   Section        0  queue.o(.text.xQueueSemaphoreTake)
    [Anonymous Symbol]                       0x080028d0   Section        0  tasks.o(.text.xTaskCheckForTimeOut)
    [Anonymous Symbol]                       0x08002938   Section        0  tasks.o(.text.xTaskGetSchedulerState)
    [Anonymous Symbol]                       0x08002960   Section        0  tasks.o(.text.xTaskIncrementTick)
    [Anonymous Symbol]                       0x08002b24   Section        0  tasks.o(.text.xTaskPriorityDisinherit)
    [Anonymous Symbol]                       0x08002bac   Section        0  tasks.o(.text.xTaskPriorityInherit)
    [Anonymous Symbol]                       0x08002c6c   Section        0  tasks.o(.text.xTaskRemoveFromEventList)
    [Anonymous Symbol]                       0x08002d4c   Section        0  tasks.o(.text.xTaskResumeAll)
    $v0                                      0x08002ed4   Number         0  fpinit.o(x$fpl$fpinit)
    x$fpl$fpinit                             0x08002ed4   Section       26  fpinit.o(x$fpl$fpinit)
    __tagsym$$used.0                         0x08002f08   Number         0  eventrecorder.o(.rodata.EventRecorderInfo)
    uxCriticalNesting                        0x2000000c   Data           4  port.o(.data.uxCriticalNesting)
    [Anonymous Symbol]                       0x2000000c   Section        0  port.o(.data.uxCriticalNesting)
    .bss                                     0x20000040   Section       96  libspace.o(.bss)
    EvrFreeRTOSSetup.init                    0x200000a0   Data           1  freertos_evr.o(.bss.EvrFreeRTOSSetup.init)
    [Anonymous Symbol]                       0x200000a0   Section        0  freertos_evr.o(.bss.EvrFreeRTOSSetup.init)
    FMC_Initialized                          0x200000a4   Data           1  stm32f4xx_hal_msp.o(.bss.FMC_Initialized)
    [Anonymous Symbol]                       0x200000a4   Section        0  stm32f4xx_hal_msp.o(.bss.FMC_Initialized)
    clib_mutex_cb                            0x200000a8   Data         400  clib_arm.o(.bss.clib_mutex_cb)
    [Anonymous Symbol]                       0x200000a8   Section        0  clib_arm.o(.bss.clib_mutex_cb)
    clib_mutex_id                            0x20000238   Data          20  clib_arm.o(.bss.clib_mutex_id)
    [Anonymous Symbol]                       0x20000238   Section        0  clib_arm.o(.bss.clib_mutex_id)
    EventBuffer                              0x20000340   Data        1024  eventrecorder.o(.bss.noinit)
    [Anonymous Symbol]                       0x20000340   Section        0  eventrecorder.o(.bss.noinit)
    EventFilter                              0x20000740   Data         128  eventrecorder.o(.bss.noinit)
    EventStatus                              0x200007c0   Data          36  eventrecorder.o(.bss.noinit)
    pxDelayedTaskList                        0x200007e8   Data           4  tasks.o(.bss.pxDelayedTaskList)
    [Anonymous Symbol]                       0x200007e8   Section        0  tasks.o(.bss.pxDelayedTaskList)
    pxEnd                                    0x200007ec   Data           4  heap_4.o(.bss.pxEnd)
    [Anonymous Symbol]                       0x200007ec   Section        0  heap_4.o(.bss.pxEnd)
    pxOverflowDelayedTaskList                0x200007f0   Data           4  tasks.o(.bss.pxOverflowDelayedTaskList)
    [Anonymous Symbol]                       0x200007f0   Section        0  tasks.o(.bss.pxOverflowDelayedTaskList)
    pxReadyTasksLists                        0x200007f4   Data        1120  tasks.o(.bss.pxReadyTasksLists)
    [Anonymous Symbol]                       0x200007f4   Section        0  tasks.o(.bss.pxReadyTasksLists)
    ucHeap                                   0x20000c54   Data        8192  heap_4.o(.bss.ucHeap)
    [Anonymous Symbol]                       0x20000c54   Section        0  heap_4.o(.bss.ucHeap)
    uxCurrentNumberOfTasks                   0x20002c58   Data           4  tasks.o(.bss.uxCurrentNumberOfTasks)
    [Anonymous Symbol]                       0x20002c58   Section        0  tasks.o(.bss.uxCurrentNumberOfTasks)
    uxSchedulerSuspended                     0x20002c5c   Data           4  tasks.o(.bss.uxSchedulerSuspended)
    [Anonymous Symbol]                       0x20002c5c   Section        0  tasks.o(.bss.uxSchedulerSuspended)
    uxTopReadyPriority                       0x20002c60   Data           4  tasks.o(.bss.uxTopReadyPriority)
    [Anonymous Symbol]                       0x20002c60   Section        0  tasks.o(.bss.uxTopReadyPriority)
    xBlockAllocatedBit                       0x20002c64   Data           1  heap_4.o(.bss.xBlockAllocatedBit)
    [Anonymous Symbol]                       0x20002c64   Section        0  heap_4.o(.bss.xBlockAllocatedBit)
    xFreeBytesRemaining                      0x20002c68   Data           4  heap_4.o(.bss.xFreeBytesRemaining)
    [Anonymous Symbol]                       0x20002c68   Section        0  heap_4.o(.bss.xFreeBytesRemaining)
    xMinimumEverFreeBytesRemaining           0x20002c6c   Data           4  heap_4.o(.bss.xMinimumEverFreeBytesRemaining)
    [Anonymous Symbol]                       0x20002c6c   Section        0  heap_4.o(.bss.xMinimumEverFreeBytesRemaining)
    xNextTaskUnblockTime                     0x20002c70   Data           4  tasks.o(.bss.xNextTaskUnblockTime)
    [Anonymous Symbol]                       0x20002c70   Section        0  tasks.o(.bss.xNextTaskUnblockTime)
    xNumOfOverflows                          0x20002c74   Data           4  tasks.o(.bss.xNumOfOverflows)
    [Anonymous Symbol]                       0x20002c74   Section        0  tasks.o(.bss.xNumOfOverflows)
    xNumberOfSuccessfulAllocations           0x20002c78   Data           4  heap_4.o(.bss.xNumberOfSuccessfulAllocations)
    [Anonymous Symbol]                       0x20002c78   Section        0  heap_4.o(.bss.xNumberOfSuccessfulAllocations)
    xNumberOfSuccessfulFrees                 0x20002c7c   Data           4  heap_4.o(.bss.xNumberOfSuccessfulFrees)
    [Anonymous Symbol]                       0x20002c7c   Section        0  heap_4.o(.bss.xNumberOfSuccessfulFrees)
    xPendedTicks                             0x20002c80   Data           4  tasks.o(.bss.xPendedTicks)
    [Anonymous Symbol]                       0x20002c80   Section        0  tasks.o(.bss.xPendedTicks)
    xPendingReadyList                        0x20002c84   Data          20  tasks.o(.bss.xPendingReadyList)
    [Anonymous Symbol]                       0x20002c84   Section        0  tasks.o(.bss.xPendingReadyList)
    xSchedulerRunning                        0x20002c98   Data           4  tasks.o(.bss.xSchedulerRunning)
    [Anonymous Symbol]                       0x20002c98   Section        0  tasks.o(.bss.xSchedulerRunning)
    xStart                                   0x20002c9c   Data           8  heap_4.o(.bss.xStart)
    [Anonymous Symbol]                       0x20002c9c   Section        0  heap_4.o(.bss.xStart)
    xSuspendedTaskList                       0x20002ca4   Data          20  tasks.o(.bss.xSuspendedTaskList)
    [Anonymous Symbol]                       0x20002ca4   Section        0  tasks.o(.bss.xSuspendedTaskList)
    xTickCount                               0x20002cb8   Data           4  tasks.o(.bss.xTickCount)
    [Anonymous Symbol]                       0x20002cb8   Section        0  tasks.o(.bss.xTickCount)
    xYieldPending                            0x20002cbc   Data           4  tasks.o(.bss.xYieldPending)
    [Anonymous Symbol]                       0x20002cbc   Section        0  tasks.o(.bss.xYieldPending)
    Heap_Mem                                 0x20002cc0   Data         512  startup_stm32f429xx.o(HEAP)
    HEAP                                     0x20002cc0   Section      512  startup_stm32f429xx.o(HEAP)
    Stack_Mem                                0x20002ec0   Data        1024  startup_stm32f429xx.o(STACK)
    STACK                                    0x20002ec0   Section     1024  startup_stm32f429xx.o(STACK)
    __initial_sp                             0x200032c0   Data           0  startup_stm32f429xx.o(STACK)

    Global Symbols

    Symbol Name                              Value     Ov Type        Size  Object(Section)

    BuildAttributes$$THM_ISAv4$E$P$D$K$B$S$7EM$VFPi3$EXTD16$VFPS$VFMA$PE$A:L22UL41UL21$X:L11$S22US41US21$IEEE1$IW$~IW$USESV6$~STKCKD$USESV7$~SHL$OTIME$ROPI$EBA8$UX$STANDARDLIB$REQ8$PRES8$EABIv2 0x00000000   Number         0  anon$$obj.o ABSOLUTE
    __ARM_exceptions_init                     - Undefined Weak Reference
    __alloca_initialize                       - Undefined Weak Reference
    __arm_preinit_                            - Undefined Weak Reference
    __cpp_initialize__aeabi_                  - Undefined Weak Reference
    __cxa_finalize                            - Undefined Weak Reference
    __sigvec_lookup                           - Undefined Weak Reference
    __user_heap_extent                        - Undefined Weak Reference
    _atexit_init                              - Undefined Weak Reference
    _call_atexit_fns                          - Undefined Weak Reference
    _clock_init                               - Undefined Weak Reference
    _fp_trap_init                             - Undefined Weak Reference
    _fp_trap_shutdown                         - Undefined Weak Reference
    _get_lc_collate                           - Undefined Weak Reference
    _get_lc_monetary                          - Undefined Weak Reference
    _get_lc_numeric                           - Undefined Weak Reference
    _get_lc_time                              - Undefined Weak Reference
    _getenv_init                              - Undefined Weak Reference
    _handle_redirection                       - Undefined Weak Reference
    _rand_init                                - Undefined Weak Reference
    _signal_finish                            - Undefined Weak Reference
    _signal_init                              - Undefined Weak Reference
    __Vectors_Size                           0x000001ac   Number         0  startup_stm32f429xx.o ABSOLUTE
    __Vectors                                0x08000000   Data           4  startup_stm32f429xx.o(RESET)
    __Vectors_End                            0x080001ac   Data           0  startup_stm32f429xx.o(RESET)
    __main                                   0x080001ad   Thumb Code     8  __main.o(!!!main)
    __scatterload                            0x080001b5   Thumb Code     0  __scatter.o(!!!scatter)
    __scatterload_rt2                        0x080001b5   Thumb Code    44  __scatter.o(!!!scatter)
    __scatterload_rt2_thumb_only             0x080001b5   Thumb Code     0  __scatter.o(!!!scatter)
    __scatterload_null                       0x080001c3   Thumb Code     0  __scatter.o(!!!scatter)
    __scatterload_copy                       0x080001e9   Thumb Code    26  __scatter_copy.o(!!handler_copy)
    __scatterload_zeroinit                   0x08000205   Thumb Code    28  __scatter_zi.o(!!handler_zi)
    __rt_lib_init                            0x08000221   Thumb Code     0  libinit.o(.ARM.Collect$$libinit$$00000000)
    __rt_lib_init_fp_1                       0x08000223   Thumb Code     0  libinit2.o(.ARM.Collect$$libinit$$00000001)
    __rt_lib_init_alloca_1                   0x08000227   Thumb Code     0  libinit2.o(.ARM.Collect$$libinit$$0000002E)
    __rt_lib_init_argv_1                     0x08000227   Thumb Code     0  libinit2.o(.ARM.Collect$$libinit$$0000002C)
    __rt_lib_init_atexit_1                   0x08000227   Thumb Code     0  libinit2.o(.ARM.Collect$$libinit$$0000001B)
    __rt_lib_init_clock_1                    0x08000227   Thumb Code     0  libinit2.o(.ARM.Collect$$libinit$$00000021)
    __rt_lib_init_cpp_1                      0x08000227   Thumb Code     0  libinit2.o(.ARM.Collect$$libinit$$00000032)
    __rt_lib_init_exceptions_1               0x08000227   Thumb Code     0  libinit2.o(.ARM.Collect$$libinit$$00000030)
    __rt_lib_init_fp_trap_1                  0x08000227   Thumb Code     0  libinit2.o(.ARM.Collect$$libinit$$0000001F)
    __rt_lib_init_getenv_1                   0x08000227   Thumb Code     0  libinit2.o(.ARM.Collect$$libinit$$00000023)
    __rt_lib_init_heap_1                     0x08000227   Thumb Code     0  libinit2.o(.ARM.Collect$$libinit$$0000000A)
    __rt_lib_init_lc_collate_1               0x08000227   Thumb Code     0  libinit2.o(.ARM.Collect$$libinit$$00000011)
    __rt_lib_init_lc_ctype_1                 0x08000227   Thumb Code     0  libinit2.o(.ARM.Collect$$libinit$$00000013)
    __rt_lib_init_lc_monetary_1              0x08000227   Thumb Code     0  libinit2.o(.ARM.Collect$$libinit$$00000015)
    __rt_lib_init_lc_numeric_1               0x08000227   Thumb Code     0  libinit2.o(.ARM.Collect$$libinit$$00000017)
    __rt_lib_init_lc_time_1                  0x08000227   Thumb Code     0  libinit2.o(.ARM.Collect$$libinit$$00000019)
    __rt_lib_init_preinit_1                  0x08000227   Thumb Code     0  libinit2.o(.ARM.Collect$$libinit$$00000004)
    __rt_lib_init_rand_1                     0x08000227   Thumb Code     0  libinit2.o(.ARM.Collect$$libinit$$0000000E)
    __rt_lib_init_return                     0x08000227   Thumb Code     0  libinit2.o(.ARM.Collect$$libinit$$00000033)
    __rt_lib_init_signal_1                   0x08000227   Thumb Code     0  libinit2.o(.ARM.Collect$$libinit$$0000001D)
    __rt_lib_init_stdio_1                    0x08000227   Thumb Code     0  libinit2.o(.ARM.Collect$$libinit$$00000025)
    __rt_lib_init_user_alloc_1               0x08000227   Thumb Code     0  libinit2.o(.ARM.Collect$$libinit$$0000000C)
    __rt_lib_shutdown                        0x08000229   Thumb Code     0  libshutdown.o(.ARM.Collect$$libshutdown$$00000000)
    __rt_lib_shutdown_cpp_1                  0x0800022b   Thumb Code     0  libshutdown2.o(.ARM.Collect$$libshutdown$$00000002)
    __rt_lib_shutdown_fp_trap_1              0x0800022b   Thumb Code     0  libshutdown2.o(.ARM.Collect$$libshutdown$$00000007)
    __rt_lib_shutdown_heap_1                 0x0800022b   Thumb Code     0  libshutdown2.o(.ARM.Collect$$libshutdown$$0000000F)
    __rt_lib_shutdown_return                 0x0800022b   Thumb Code     0  libshutdown2.o(.ARM.Collect$$libshutdown$$00000010)
    __rt_lib_shutdown_signal_1               0x0800022b   Thumb Code     0  libshutdown2.o(.ARM.Collect$$libshutdown$$0000000A)
    __rt_lib_shutdown_stdio_1                0x0800022b   Thumb Code     0  libshutdown2.o(.ARM.Collect$$libshutdown$$00000004)
    __rt_lib_shutdown_user_alloc_1           0x0800022b   Thumb Code     0  libshutdown2.o(.ARM.Collect$$libshutdown$$0000000C)
    __rt_entry                               0x0800022d   Thumb Code     0  __rtentry.o(.ARM.Collect$$rtentry$$00000000)
    __rt_entry_presh_1                       0x0800022d   Thumb Code     0  __rtentry2.o(.ARM.Collect$$rtentry$$00000002)
    __rt_entry_sh                            0x0800022d   Thumb Code     0  __rtentry4.o(.ARM.Collect$$rtentry$$00000004)
    __rt_entry_postsh_1                      0x08000233   Thumb Code     0  __rtentry2.o(.ARM.Collect$$rtentry$$00000008)
    __rt_entry_li                            0x0800023b   Thumb Code     0  __rtentry2.o(.ARM.Collect$$rtentry$$0000000A)
    __rt_entry_main                          0x0800023f   Thumb Code     0  __rtentry2.o(.ARM.Collect$$rtentry$$0000000D)
    __rt_entry_postli_1                      0x0800023f   Thumb Code     0  __rtentry2.o(.ARM.Collect$$rtentry$$0000000C)
    __rt_exit                                0x08000247   Thumb Code     0  rtexit.o(.ARM.Collect$$rtexit$$00000000)
    __rt_exit_ls                             0x08000249   Thumb Code     0  rtexit2.o(.ARM.Collect$$rtexit$$00000003)
    __rt_exit_prels_1                        0x08000249   Thumb Code     0  rtexit2.o(.ARM.Collect$$rtexit$$00000002)
    __rt_exit_exit                           0x0800024d   Thumb Code     0  rtexit2.o(.ARM.Collect$$rtexit$$00000004)
    Reset_Handler                            0x08000255   Thumb Code     8  startup_stm32f429xx.o(.text)
    ADC_IRQHandler                           0x0800026f   Thumb Code     0  startup_stm32f429xx.o(.text)
    CAN1_RX0_IRQHandler                      0x0800026f   Thumb Code     0  startup_stm32f429xx.o(.text)
    CAN1_RX1_IRQHandler                      0x0800026f   Thumb Code     0  startup_stm32f429xx.o(.text)
    CAN1_SCE_IRQHandler                      0x0800026f   Thumb Code     0  startup_stm32f429xx.o(.text)
    CAN1_TX_IRQHandler                       0x0800026f   Thumb Code     0  startup_stm32f429xx.o(.text)
    CAN2_RX0_IRQHandler                      0x0800026f   Thumb Code     0  startup_stm32f429xx.o(.text)
    CAN2_RX1_IRQHandler                      0x0800026f   Thumb Code     0  startup_stm32f429xx.o(.text)
    CAN2_SCE_IRQHandler                      0x0800026f   Thumb Code     0  startup_stm32f429xx.o(.text)
    CAN2_TX_IRQHandler                       0x0800026f   Thumb Code     0  startup_stm32f429xx.o(.text)
    DCMI_IRQHandler                          0x0800026f   Thumb Code     0  startup_stm32f429xx.o(.text)
    DMA1_Stream0_IRQHandler                  0x0800026f   Thumb Code     0  startup_stm32f429xx.o(.text)
    DMA1_Stream1_IRQHandler                  0x0800026f   Thumb Code     0  startup_stm32f429xx.o(.text)
    DMA1_Stream2_IRQHandler                  0x0800026f   Thumb Code     0  startup_stm32f429xx.o(.text)
    DMA1_Stream3_IRQHandler                  0x0800026f   Thumb Code     0  startup_stm32f429xx.o(.text)
    DMA1_Stream4_IRQHandler                  0x0800026f   Thumb Code     0  startup_stm32f429xx.o(.text)
    DMA1_Stream5_IRQHandler                  0x0800026f   Thumb Code     0  startup_stm32f429xx.o(.text)
    DMA1_Stream6_IRQHandler                  0x0800026f   Thumb Code     0  startup_stm32f429xx.o(.text)
    DMA1_Stream7_IRQHandler                  0x0800026f   Thumb Code     0  startup_stm32f429xx.o(.text)
    DMA2D_IRQHandler                         0x0800026f   Thumb Code     0  startup_stm32f429xx.o(.text)
    DMA2_Stream0_IRQHandler                  0x0800026f   Thumb Code     0  startup_stm32f429xx.o(.text)
    DMA2_Stream1_IRQHandler                  0x0800026f   Thumb Code     0  startup_stm32f429xx.o(.text)
    DMA2_Stream2_IRQHandler                  0x0800026f   Thumb Code     0  startup_stm32f429xx.o(.text)
    DMA2_Stream3_IRQHandler                  0x0800026f   Thumb Code     0  startup_stm32f429xx.o(.text)
    DMA2_Stream4_IRQHandler                  0x0800026f   Thumb Code     0  startup_stm32f429xx.o(.text)
    DMA2_Stream5_IRQHandler                  0x0800026f   Thumb Code     0  startup_stm32f429xx.o(.text)
    DMA2_Stream6_IRQHandler                  0x0800026f   Thumb Code     0  startup_stm32f429xx.o(.text)
    DMA2_Stream7_IRQHandler                  0x0800026f   Thumb Code     0  startup_stm32f429xx.o(.text)
    ETH_IRQHandler                           0x0800026f   Thumb Code     0  startup_stm32f429xx.o(.text)
    ETH_WKUP_IRQHandler                      0x0800026f   Thumb Code     0  startup_stm32f429xx.o(.text)
    EXTI0_IRQHandler                         0x0800026f   Thumb Code     0  startup_stm32f429xx.o(.text)
    EXTI15_10_IRQHandler                     0x0800026f   Thumb Code     0  startup_stm32f429xx.o(.text)
    EXTI1_IRQHandler                         0x0800026f   Thumb Code     0  startup_stm32f429xx.o(.text)
    EXTI2_IRQHandler                         0x0800026f   Thumb Code     0  startup_stm32f429xx.o(.text)
    EXTI3_IRQHandler                         0x0800026f   Thumb Code     0  startup_stm32f429xx.o(.text)
    EXTI4_IRQHandler                         0x0800026f   Thumb Code     0  startup_stm32f429xx.o(.text)
    EXTI9_5_IRQHandler                       0x0800026f   Thumb Code     0  startup_stm32f429xx.o(.text)
    FLASH_IRQHandler                         0x0800026f   Thumb Code     0  startup_stm32f429xx.o(.text)
    FMC_IRQHandler                           0x0800026f   Thumb Code     0  startup_stm32f429xx.o(.text)
    FPU_IRQHandler                           0x0800026f   Thumb Code     0  startup_stm32f429xx.o(.text)
    HASH_RNG_IRQHandler                      0x0800026f   Thumb Code     0  startup_stm32f429xx.o(.text)
    I2C1_ER_IRQHandler                       0x0800026f   Thumb Code     0  startup_stm32f429xx.o(.text)
    I2C1_EV_IRQHandler                       0x0800026f   Thumb Code     0  startup_stm32f429xx.o(.text)
    I2C2_ER_IRQHandler                       0x0800026f   Thumb Code     0  startup_stm32f429xx.o(.text)
    I2C2_EV_IRQHandler                       0x0800026f   Thumb Code     0  startup_stm32f429xx.o(.text)
    I2C3_ER_IRQHandler                       0x0800026f   Thumb Code     0  startup_stm32f429xx.o(.text)
    I2C3_EV_IRQHandler                       0x0800026f   Thumb Code     0  startup_stm32f429xx.o(.text)
    LTDC_ER_IRQHandler                       0x0800026f   Thumb Code     0  startup_stm32f429xx.o(.text)
    LTDC_IRQHandler                          0x0800026f   Thumb Code     0  startup_stm32f429xx.o(.text)
    OTG_FS_IRQHandler                        0x0800026f   Thumb Code     0  startup_stm32f429xx.o(.text)
    OTG_FS_WKUP_IRQHandler                   0x0800026f   Thumb Code     0  startup_stm32f429xx.o(.text)
    OTG_HS_EP1_IN_IRQHandler                 0x0800026f   Thumb Code     0  startup_stm32f429xx.o(.text)
    OTG_HS_EP1_OUT_IRQHandler                0x0800026f   Thumb Code     0  startup_stm32f429xx.o(.text)
    OTG_HS_IRQHandler                        0x0800026f   Thumb Code     0  startup_stm32f429xx.o(.text)
    OTG_HS_WKUP_IRQHandler                   0x0800026f   Thumb Code     0  startup_stm32f429xx.o(.text)
    PVD_IRQHandler                           0x0800026f   Thumb Code     0  startup_stm32f429xx.o(.text)
    RCC_IRQHandler                           0x0800026f   Thumb Code     0  startup_stm32f429xx.o(.text)
    RTC_Alarm_IRQHandler                     0x0800026f   Thumb Code     0  startup_stm32f429xx.o(.text)
    RTC_WKUP_IRQHandler                      0x0800026f   Thumb Code     0  startup_stm32f429xx.o(.text)
    SAI1_IRQHandler                          0x0800026f   Thumb Code     0  startup_stm32f429xx.o(.text)
    SDIO_IRQHandler                          0x0800026f   Thumb Code     0  startup_stm32f429xx.o(.text)
    SPI1_IRQHandler                          0x0800026f   Thumb Code     0  startup_stm32f429xx.o(.text)
    SPI2_IRQHandler                          0x0800026f   Thumb Code     0  startup_stm32f429xx.o(.text)
    SPI3_IRQHandler                          0x0800026f   Thumb Code     0  startup_stm32f429xx.o(.text)
    SPI4_IRQHandler                          0x0800026f   Thumb Code     0  startup_stm32f429xx.o(.text)
    SPI5_IRQHandler                          0x0800026f   Thumb Code     0  startup_stm32f429xx.o(.text)
    SPI6_IRQHandler                          0x0800026f   Thumb Code     0  startup_stm32f429xx.o(.text)
    TAMP_STAMP_IRQHandler                    0x0800026f   Thumb Code     0  startup_stm32f429xx.o(.text)
    TIM1_BRK_TIM9_IRQHandler                 0x0800026f   Thumb Code     0  startup_stm32f429xx.o(.text)
    TIM1_CC_IRQHandler                       0x0800026f   Thumb Code     0  startup_stm32f429xx.o(.text)
    TIM1_TRG_COM_TIM11_IRQHandler            0x0800026f   Thumb Code     0  startup_stm32f429xx.o(.text)
    TIM1_UP_TIM10_IRQHandler                 0x0800026f   Thumb Code     0  startup_stm32f429xx.o(.text)
    TIM2_IRQHandler                          0x0800026f   Thumb Code     0  startup_stm32f429xx.o(.text)
    TIM3_IRQHandler                          0x0800026f   Thumb Code     0  startup_stm32f429xx.o(.text)
    TIM4_IRQHandler                          0x0800026f   Thumb Code     0  startup_stm32f429xx.o(.text)
    TIM5_IRQHandler                          0x0800026f   Thumb Code     0  startup_stm32f429xx.o(.text)
    TIM6_DAC_IRQHandler                      0x0800026f   Thumb Code     0  startup_stm32f429xx.o(.text)
    TIM7_IRQHandler                          0x0800026f   Thumb Code     0  startup_stm32f429xx.o(.text)
    TIM8_BRK_TIM12_IRQHandler                0x0800026f   Thumb Code     0  startup_stm32f429xx.o(.text)
    TIM8_CC_IRQHandler                       0x0800026f   Thumb Code     0  startup_stm32f429xx.o(.text)
    TIM8_TRG_COM_TIM14_IRQHandler            0x0800026f   Thumb Code     0  startup_stm32f429xx.o(.text)
    TIM8_UP_TIM13_IRQHandler                 0x0800026f   Thumb Code     0  startup_stm32f429xx.o(.text)
    UART4_IRQHandler                         0x0800026f   Thumb Code     0  startup_stm32f429xx.o(.text)
    UART5_IRQHandler                         0x0800026f   Thumb Code     0  startup_stm32f429xx.o(.text)
    UART7_IRQHandler                         0x0800026f   Thumb Code     0  startup_stm32f429xx.o(.text)
    UART8_IRQHandler                         0x0800026f   Thumb Code     0  startup_stm32f429xx.o(.text)
    USART1_IRQHandler                        0x0800026f   Thumb Code     0  startup_stm32f429xx.o(.text)
    USART2_IRQHandler                        0x0800026f   Thumb Code     0  startup_stm32f429xx.o(.text)
    USART6_IRQHandler                        0x0800026f   Thumb Code     0  startup_stm32f429xx.o(.text)
    WWDG_IRQHandler                          0x0800026f   Thumb Code     0  startup_stm32f429xx.o(.text)
    __user_initial_stackheap                 0x08000271   Thumb Code     0  startup_stm32f429xx.o(.text)
    __aeabi_uldivmod                         0x08000295   Thumb Code     0  lludivv7m.o(.text)
    _ll_udiv                                 0x08000295   Thumb Code   240  lludivv7m.o(.text)
    __aeabi_memcpy                           0x08000385   Thumb Code     0  rt_memcpy_v6.o(.text)
    __rt_memcpy                              0x08000385   Thumb Code   138  rt_memcpy_v6.o(.text)
    _memcpy_lastbytes                        0x080003eb   Thumb Code     0  rt_memcpy_v6.o(.text)
    __aeabi_memcpy4                          0x0800040f   Thumb Code     0  rt_memcpy_w.o(.text)
    __aeabi_memcpy8                          0x0800040f   Thumb Code     0  rt_memcpy_w.o(.text)
    __rt_memcpy_w                            0x0800040f   Thumb Code   100  rt_memcpy_w.o(.text)
    _memcpy_lastbytes_aligned                0x08000457   Thumb Code     0  rt_memcpy_w.o(.text)
    __aeabi_memclr4                          0x08000473   Thumb Code     0  rt_memclr_w.o(.text)
    __aeabi_memclr8                          0x08000473   Thumb Code     0  rt_memclr_w.o(.text)
    __rt_memclr_w                            0x08000473   Thumb Code     0  rt_memclr_w.o(.text)
    _memset_w                                0x08000477   Thumb Code    74  rt_memclr_w.o(.text)
    __use_two_region_memory                  0x080004c1   Thumb Code     2  heapauxi.o(.text)
    __rt_heap_escrow                         0x080004c3   Thumb Code     2  heapauxi.o(.text)
    __rt_heap_expand                         0x080004c5   Thumb Code     2  heapauxi.o(.text)
    __user_libspace                          0x080004c9   Thumb Code     8  libspace.o(.text)
    __user_perproc_libspace                  0x080004c9   Thumb Code     0  libspace.o(.text)
    __user_setup_stackheap                   0x080004d1   Thumb Code    74  sys_stackheap_outer.o(.text)
    exit                                     0x0800051b   Thumb Code    18  exit.o(.text)
    _sys_exit                                0x0800052d   Thumb Code     8  sys_exit.o(.text)
    __I$use$semihosting                      0x08000539   Thumb Code     0  use_no_semi.o(.text)
    __use_no_semihosting_swi                 0x08000539   Thumb Code     2  use_no_semi.o(.text)
    __semihosting_library_function           0x0800053b   Thumb Code     0  indicate_semi.o(.text)
    BusFault_Handler                         0x0800053d   Thumb Code     2  stm32f4xx_it.o(.text.BusFault_Handler)
    DebugMon_Handler                         0x08000541   Thumb Code     2  stm32f4xx_it.o(.text.DebugMon_Handler)
    EventRecord2                             0x08000545   Thumb Code   370  eventrecorder.o(.text.EventRecord2)
    EventRecorderTimerGetCount               0x080006b9   Thumb Code    12  eventrecorder.o(.text.EventRecorderTimerGetCount)
    EvrFreeRTOSHeap_Free                     0x080006c5   Thumb Code    20  freertos_evr.o(.text.EvrFreeRTOSHeap_Free)
    EvrFreeRTOSHeap_Malloc                   0x080006d9   Thumb Code    16  freertos_evr.o(.text.EvrFreeRTOSHeap_Malloc)
    EvrFreeRTOSQueue_BlockingOnQueueReceive  0x080006e9   Thumb Code    20  freertos_evr.o(.text.EvrFreeRTOSQueue_BlockingOnQueueReceive)
    EvrFreeRTOSQueue_BlockingOnQueueSend     0x080006fd   Thumb Code    20  freertos_evr.o(.text.EvrFreeRTOSQueue_BlockingOnQueueSend)
    EvrFreeRTOSQueue_CreateMutex             0x08000711   Thumb Code    20  freertos_evr.o(.text.EvrFreeRTOSQueue_CreateMutex)
    EvrFreeRTOSQueue_CreateMutexFailed       0x08000725   Thumb Code    16  freertos_evr.o(.text.EvrFreeRTOSQueue_CreateMutexFailed)
    EvrFreeRTOSQueue_QueueCreate             0x08000735   Thumb Code    20  freertos_evr.o(.text.EvrFreeRTOSQueue_QueueCreate)
    EvrFreeRTOSQueue_QueueCreateFailed       0x08000749   Thumb Code    16  freertos_evr.o(.text.EvrFreeRTOSQueue_QueueCreateFailed)
    EvrFreeRTOSQueue_QueueDelete             0x08000759   Thumb Code    20  freertos_evr.o(.text.EvrFreeRTOSQueue_QueueDelete)
    EvrFreeRTOSQueue_QueueReceive            0x0800076d   Thumb Code    20  freertos_evr.o(.text.EvrFreeRTOSQueue_QueueReceive)
    EvrFreeRTOSQueue_QueueReceiveFailed      0x08000781   Thumb Code    16  freertos_evr.o(.text.EvrFreeRTOSQueue_QueueReceiveFailed)
    EvrFreeRTOSQueue_QueueSend               0x08000791   Thumb Code    20  freertos_evr.o(.text.EvrFreeRTOSQueue_QueueSend)
    EvrFreeRTOSQueue_QueueSendFailed         0x080007a5   Thumb Code    16  freertos_evr.o(.text.EvrFreeRTOSQueue_QueueSendFailed)
    EvrFreeRTOSSetup                         0x080007b5   Thumb Code    48  freertos_evr.o(.text.EvrFreeRTOSSetup)
    EvrFreeRTOSTasks_MovedTaskToReadyState   0x080007e5   Thumb Code    20  freertos_evr.o(.text.EvrFreeRTOSTasks_MovedTaskToReadyState)
    EvrFreeRTOSTasks_PostMovedTaskToReadyState 0x080007f9   Thumb Code    20  freertos_evr.o(.text.EvrFreeRTOSTasks_PostMovedTaskToReadyState)
    EvrFreeRTOSTasks_TaskIncrementTick       0x0800080d   Thumb Code    20  freertos_evr.o(.text.EvrFreeRTOSTasks_TaskIncrementTick)
    EvrFreeRTOSTasks_TaskPriorityDisinherit  0x08000821   Thumb Code    20  freertos_evr.o(.text.EvrFreeRTOSTasks_TaskPriorityDisinherit)
    EvrFreeRTOSTasks_TaskPriorityInherit     0x08000835   Thumb Code    20  freertos_evr.o(.text.EvrFreeRTOSTasks_TaskPriorityInherit)
    EvrFreeRTOSTasks_TaskSwitchedIn          0x08000849   Thumb Code    20  freertos_evr.o(.text.EvrFreeRTOSTasks_TaskSwitchedIn)
    EvrFreeRTOSTasks_TaskSwitchedOut         0x0800085d   Thumb Code    20  freertos_evr.o(.text.EvrFreeRTOSTasks_TaskSwitchedOut)
    FMC_NAND_AttributeSpace_Timing_Init      0x08000871   Thumb Code    42  stm32f4xx_ll_fmc.o(.text.FMC_NAND_AttributeSpace_Timing_Init)
    FMC_NAND_CommonSpace_Timing_Init         0x0800089d   Thumb Code    42  stm32f4xx_ll_fmc.o(.text.FMC_NAND_CommonSpace_Timing_Init)
    FMC_NAND_Init                            0x080008c9   Thumb Code    62  stm32f4xx_ll_fmc.o(.text.FMC_NAND_Init)
    HAL_DMA_Abort                            0x08000909   Thumb Code   128  stm32f4xx_hal_dma.o(.text.HAL_DMA_Abort)
    HAL_DMA_Abort_IT                         0x08000989   Thumb Code    36  stm32f4xx_hal_dma.o(.text.HAL_DMA_Abort_IT)
    HAL_GPIO_Init                            0x080009ad   Thumb Code   412  stm32f4xx_hal_gpio.o(.text.HAL_GPIO_Init)
    HAL_GetTick                              0x08000b49   Thumb Code    12  stm32f4xx_hal.o(.text.HAL_GetTick)
    HAL_Init                                 0x08000b55   Thumb Code    46  stm32f4xx_hal.o(.text.HAL_Init)
    HAL_InitTick                             0x08000b85   Thumb Code    80  stm32f4xx_hal.o(.text.HAL_InitTick)
    HAL_MspInit                              0x08000bd5   Thumb Code    56  stm32f4xx_hal_msp.o(.text.HAL_MspInit)
    HAL_NAND_Init                            0x08000c0d   Thumb Code    90  stm32f4xx_hal_nand.o(.text.HAL_NAND_Init)
    HAL_NAND_MspInit                         0x08000c69   Thumb Code   136  stm32f4xx_hal_msp.o(.text.HAL_NAND_MspInit)
    HAL_NVIC_EnableIRQ                       0x08000cf1   Thumb Code    32  stm32f4xx_hal_cortex.o(.text.HAL_NVIC_EnableIRQ)
    HAL_NVIC_SetPriority                     0x08000d11   Thumb Code    86  stm32f4xx_hal_cortex.o(.text.HAL_NVIC_SetPriority)
    HAL_NVIC_SetPriorityGrouping             0x08000d69   Thumb Code    32  stm32f4xx_hal_cortex.o(.text.HAL_NVIC_SetPriorityGrouping)
    HAL_RCC_ClockConfig                      0x08000d89   Thumb Code   352  stm32f4xx_hal_rcc.o(.text.HAL_RCC_ClockConfig)
    HAL_RCC_GetPCLK1Freq                     0x08000ee9   Thumb Code    38  stm32f4xx_hal_rcc.o(.text.HAL_RCC_GetPCLK1Freq)
    HAL_RCC_GetPCLK2Freq                     0x08000f11   Thumb Code    38  stm32f4xx_hal_rcc.o(.text.HAL_RCC_GetPCLK2Freq)
    HAL_RCC_GetSysClockFreq                  0x08000f39   Thumb Code   104  stm32f4xx_hal_rcc.o(.text.HAL_RCC_GetSysClockFreq)
    HAL_RCC_OscConfig                        0x08000fa1   Thumb Code   840  stm32f4xx_hal_rcc.o(.text.HAL_RCC_OscConfig)
    HAL_SYSTICK_Config                       0x080012e9   Thumb Code    44  stm32f4xx_hal_cortex.o(.text.HAL_SYSTICK_Config)
    HAL_TIM_Base_Init                        0x08001315   Thumb Code    90  stm32f4xx_hal_tim.o(.text.HAL_TIM_Base_Init)
    HAL_TIM_Base_MspInit                     0x08001371   Thumb Code    54  stm32f4xx_hal_msp.o(.text.HAL_TIM_Base_MspInit)
    HAL_UARTEx_RxEventCallback               0x080013a9   Thumb Code     2  stm32f4xx_hal_uart.o(.text.HAL_UARTEx_RxEventCallback)
    HAL_UART_ErrorCallback                   0x080013ad   Thumb Code     2  stm32f4xx_hal_uart.o(.text.HAL_UART_ErrorCallback)
    HAL_UART_IRQHandler                      0x080013b1   Thumb Code   750  stm32f4xx_hal_uart.o(.text.HAL_UART_IRQHandler)
    HAL_UART_Init                            0x080016a1   Thumb Code    94  stm32f4xx_hal_uart.o(.text.HAL_UART_Init)
    HAL_UART_MspInit                         0x08001701   Thumb Code   132  stm32f4xx_hal_msp.o(.text.HAL_UART_MspInit)
    HAL_UART_RxCpltCallback                  0x08001785   Thumb Code     2  stm32f4xx_hal_uart.o(.text.HAL_UART_RxCpltCallback)
    HAL_UART_TxCpltCallback                  0x08001789   Thumb Code     2  stm32f4xx_hal_uart.o(.text.HAL_UART_TxCpltCallback)
    HardFault_Handler                        0x0800178d   Thumb Code     2  stm32f4xx_it.o(.text.HardFault_Handler)
    MemManage_Handler                        0x08001791   Thumb Code     2  stm32f4xx_it.o(.text.MemManage_Handler)
    NMI_Handler                              0x08001795   Thumb Code     2  stm32f4xx_it.o(.text.NMI_Handler)
    PendSV_Handler                           0x080017a1   Thumb Code   100  port.o(.text.PendSV_Handler)
    SVC_Handler                              0x08001811   Thumb Code    36  port.o(.text.SVC_Handler)
    SysTick_Handler                          0x08001835   Thumb Code    26  cmsis_os2.o(.text.SysTick_Handler)
    SystemClock_Config                       0x08001851   Thumb Code   162  main.o(.text.SystemClock_Config)
    SystemInit                               0x080018f5   Thumb Code    18  system_stm32f4xx.o(.text.SystemInit)
    TIM_Base_SetConfig                       0x08001909   Thumb Code   292  stm32f4xx_hal_tim.o(.text.TIM_Base_SetConfig)
    USART3_IRQHandler                        0x08001be1   Thumb Code    16  stm32f4xx_it.o(.text.USART3_IRQHandler)
    UsageFault_Handler                       0x08001bf1   Thumb Code     2  stm32f4xx_it.o(.text.UsageFault_Handler)
    _mutex_acquire                           0x08001bf5   Thumb Code    26  clib_arm.o(.text._mutex_acquire)
    _mutex_free                              0x08001c11   Thumb Code    48  clib_arm.o(.text._mutex_free)
    _mutex_initialize                        0x08001c41   Thumb Code    90  clib_arm.o(.text._mutex_initialize)
    _mutex_release                           0x08001c9d   Thumb Code    28  clib_arm.o(.text._mutex_release)
    _platform_post_stackheap_init            0x08001cb9   Thumb Code    10  clib_arm.o(.text._platform_post_stackheap_init)
    main                                     0x08001cc5   Thumb Code   346  main.o(.text.main)
    pvPortMalloc                             0x08001f31   Thumb Code   454  heap_4.o(.text.pvPortMalloc)
    pvTaskIncrementMutexHeldCount            0x080020f9   Thumb Code    24  tasks.o(.text.pvTaskIncrementMutexHeldCount)
    uxListRemove                             0x08002111   Thumb Code    36  list.o(.text.uxListRemove)
    vApplicationStackOverflowHook            0x08002135   Thumb Code     2  cmsis_os2.o(.text.vApplicationStackOverflowHook)
    vApplicationTickHook                     0x08002139   Thumb Code     2  cmsis_os2.o(.text.vApplicationTickHook)
    vListInitialise                          0x0800213d   Thumb Code    22  list.o(.text.vListInitialise)
    vListInsert                              0x08002155   Thumb Code    58  list.o(.text.vListInsert)
    vPortEnterCritical                       0x08002191   Thumb Code    32  port.o(.text.vPortEnterCritical)
    vPortExitCritical                        0x080021b1   Thumb Code    26  port.o(.text.vPortExitCritical)
    vPortFree                                0x080021cd   Thumb Code   180  heap_4.o(.text.vPortFree)
    vQueueDelete                             0x08002281   Thumb Code    26  queue.o(.text.vQueueDelete)
    vTaskInternalSetTimeOutState             0x0800229d   Thumb Code    26  tasks.o(.text.vTaskInternalSetTimeOutState)
    vTaskMissedYield                         0x080022b9   Thumb Code    14  tasks.o(.text.vTaskMissedYield)
    vTaskPlaceOnEventList                    0x080022c9   Thumb Code    30  tasks.o(.text.vTaskPlaceOnEventList)
    vTaskPriorityDisinheritAfterTimeout      0x080022e9   Thumb Code   150  tasks.o(.text.vTaskPriorityDisinheritAfterTimeout)
    vTaskSuspendAll                          0x08002381   Thumb Code    16  tasks.o(.text.vTaskSuspendAll)
    vTaskSwitchContext                       0x08002391   Thumb Code   186  tasks.o(.text.vTaskSwitchContext)
    xPortSysTickHandler                      0x0800244d   Thumb Code    46  port.o(.text.xPortSysTickHandler)
    xQueueCreateMutex                        0x0800247d   Thumb Code   148  queue.o(.text.xQueueCreateMutex)
    xQueueCreateMutexStatic                  0x08002511   Thumb Code   134  queue.o(.text.xQueueCreateMutexStatic)
    xQueueGenericSend                        0x08002599   Thumb Code   432  queue.o(.text.xQueueGenericSend)
    xQueueSemaphoreTake                      0x08002749   Thumb Code   390  queue.o(.text.xQueueSemaphoreTake)
    xTaskCheckForTimeOut                     0x080028d1   Thumb Code   104  tasks.o(.text.xTaskCheckForTimeOut)
    xTaskGetSchedulerState                   0x08002939   Thumb Code    38  tasks.o(.text.xTaskGetSchedulerState)
    xTaskIncrementTick                       0x08002961   Thumb Code   450  tasks.o(.text.xTaskIncrementTick)
    xTaskPriorityDisinherit                  0x08002b25   Thumb Code   136  tasks.o(.text.xTaskPriorityDisinherit)
    xTaskPriorityInherit                     0x08002bad   Thumb Code   190  tasks.o(.text.xTaskPriorityInherit)
    xTaskRemoveFromEventList                 0x08002c6d   Thumb Code   224  tasks.o(.text.xTaskRemoveFromEventList)
    xTaskResumeAll                           0x08002d4d   Thumb Code   392  tasks.o(.text.xTaskResumeAll)
    _fp_init                                 0x08002ed5   Thumb Code    26  fpinit.o(x$fpl$fpinit)
    __fplib_config_fpu_vfp                   0x08002eed   Thumb Code     0  fpinit.o(x$fpl$fpinit)
    __fplib_config_pureend_doubles           0x08002eed   Thumb Code     0  fpinit.o(x$fpl$fpinit)
    AHBPrescTable                            0x08002eee   Data          16  system_stm32f4xx.o(.rodata.AHBPrescTable)
    APBPrescTable                            0x08002efe   Data           8  system_stm32f4xx.o(.rodata.APBPrescTable)
    EventRecorderInfo                        0x08002f08   Data          24  eventrecorder.o(.rodata.EventRecorderInfo)
    Region$$Table$$Base                      0x08002f20   Number         0  anon$$obj.o(Region$$Table)
    Region$$Table$$Limit                     0x08002f40   Number         0  anon$$obj.o(Region$$Table)
    SystemCoreClock                          0x20000000   Data           4  system_stm32f4xx.o(.data.SystemCoreClock)
    uwTickFreq                               0x20000004   Data           1  stm32f4xx_hal.o(.data.uwTickFreq)
    uwTickPrio                               0x20000008   Data           4  stm32f4xx_hal.o(.data.uwTickPrio)
    __libspace_start                         0x20000040   Data          96  libspace.o(.bss)
    __temporary_stack_top$libspace           0x200000a0   Data           0  libspace.o(.bss)
    hnand1                                   0x2000024c   Data          64  main.o(.bss.hnand1)
    htim14                                   0x2000028c   Data          72  main.o(.bss.htim14)
    huart3                                   0x200002d4   Data          68  main.o(.bss.huart3)
    pxCurrentTCB                             0x200007e4   Data           4  tasks.o(.bss.pxCurrentTCB)
    uwTick                                   0x20002c54   Data           4  stm32f4xx_hal.o(.bss.uwTick)



==============================================================================

Memory Map of the image

  Image Entry point : 0x080001ad

  Load Region LR_IROM1 (Base: 0x08000000, Size: 0x00002f80, Max: 0x00200000, ABSOLUTE)

    Execution Region ER_IROM1 (Exec base: 0x08000000, Load base: 0x08000000, Size: 0x00002f40, Max: 0x00200000, ABSOLUTE)

    Exec Addr    Load Addr    Size         Type   Attr      Idx    E Section Name        Object

    0x08000000   0x08000000   0x000001ac   Data   RO         1260    RESET               startup_stm32f429xx.o
    0x080001ac   0x080001ac   0x00000008   Code   RO         2593  * !!!main             c_w.l(__main.o)
    0x080001b4   0x080001b4   0x00000034   Code   RO         2912    !!!scatter          c_w.l(__scatter.o)
    0x080001e8   0x080001e8   0x0000001a   Code   RO         2914    !!handler_copy      c_w.l(__scatter_copy.o)
    0x08000202   0x08000202   0x00000002   PAD
    0x08000204   0x08000204   0x0000001c   Code   RO         2916    !!handler_zi        c_w.l(__scatter_zi.o)
    0x08000220   0x08000220   0x00000002   Code   RO         2732    .ARM.Collect$$libinit$$00000000  c_w.l(libinit.o)
    0x08000222   0x08000222   0x00000004   Code   RO         2733    .ARM.Collect$$libinit$$00000001  c_w.l(libinit2.o)
    0x08000226   0x08000226   0x00000000   Code   RO         2736    .ARM.Collect$$libinit$$00000004  c_w.l(libinit2.o)
    0x08000226   0x08000226   0x00000000   Code   RO         2739    .ARM.Collect$$libinit$$0000000A  c_w.l(libinit2.o)
    0x08000226   0x08000226   0x00000000   Code   RO         2741    .ARM.Collect$$libinit$$0000000C  c_w.l(libinit2.o)
    0x08000226   0x08000226   0x00000000   Code   RO         2743    .ARM.Collect$$libinit$$0000000E  c_w.l(libinit2.o)
    0x08000226   0x08000226   0x00000000   Code   RO         2746    .ARM.Collect$$libinit$$00000011  c_w.l(libinit2.o)
    0x08000226   0x08000226   0x00000000   Code   RO         2748    .ARM.Collect$$libinit$$00000013  c_w.l(libinit2.o)
    0x08000226   0x08000226   0x00000000   Code   RO         2750    .ARM.Collect$$libinit$$00000015  c_w.l(libinit2.o)
    0x08000226   0x08000226   0x00000000   Code   RO         2752    .ARM.Collect$$libinit$$00000017  c_w.l(libinit2.o)
    0x08000226   0x08000226   0x00000000   Code   RO         2754    .ARM.Collect$$libinit$$00000019  c_w.l(libinit2.o)
    0x08000226   0x08000226   0x00000000   Code   RO         2756    .ARM.Collect$$libinit$$0000001B  c_w.l(libinit2.o)
    0x08000226   0x08000226   0x00000000   Code   RO         2758    .ARM.Collect$$libinit$$0000001D  c_w.l(libinit2.o)
    0x08000226   0x08000226   0x00000000   Code   RO         2760    .ARM.Collect$$libinit$$0000001F  c_w.l(libinit2.o)
    0x08000226   0x08000226   0x00000000   Code   RO         2762    .ARM.Collect$$libinit$$00000021  c_w.l(libinit2.o)
    0x08000226   0x08000226   0x00000000   Code   RO         2764    .ARM.Collect$$libinit$$00000023  c_w.l(libinit2.o)
    0x08000226   0x08000226   0x00000000   Code   RO         2766    .ARM.Collect$$libinit$$00000025  c_w.l(libinit2.o)
    0x08000226   0x08000226   0x00000000   Code   RO         2770    .ARM.Collect$$libinit$$0000002C  c_w.l(libinit2.o)
    0x08000226   0x08000226   0x00000000   Code   RO         2772    .ARM.Collect$$libinit$$0000002E  c_w.l(libinit2.o)
    0x08000226   0x08000226   0x00000000   Code   RO         2774    .ARM.Collect$$libinit$$00000030  c_w.l(libinit2.o)
    0x08000226   0x08000226   0x00000000   Code   RO         2776    .ARM.Collect$$libinit$$00000032  c_w.l(libinit2.o)
    0x08000226   0x08000226   0x00000002   Code   RO         2777    .ARM.Collect$$libinit$$00000033  c_w.l(libinit2.o)
    0x08000228   0x08000228   0x00000002   Code   RO         2894    .ARM.Collect$$libshutdown$$00000000  c_w.l(libshutdown.o)
    0x0800022a   0x0800022a   0x00000000   Code   RO         2779    .ARM.Collect$$libshutdown$$00000002  c_w.l(libshutdown2.o)
    0x0800022a   0x0800022a   0x00000000   Code   RO         2781    .ARM.Collect$$libshutdown$$00000004  c_w.l(libshutdown2.o)
    0x0800022a   0x0800022a   0x00000000   Code   RO         2784    .ARM.Collect$$libshutdown$$00000007  c_w.l(libshutdown2.o)
    0x0800022a   0x0800022a   0x00000000   Code   RO         2787    .ARM.Collect$$libshutdown$$0000000A  c_w.l(libshutdown2.o)
    0x0800022a   0x0800022a   0x00000000   Code   RO         2789    .ARM.Collect$$libshutdown$$0000000C  c_w.l(libshutdown2.o)
    0x0800022a   0x0800022a   0x00000000   Code   RO         2792    .ARM.Collect$$libshutdown$$0000000F  c_w.l(libshutdown2.o)
    0x0800022a   0x0800022a   0x00000002   Code   RO         2793    .ARM.Collect$$libshutdown$$00000010  c_w.l(libshutdown2.o)
    0x0800022c   0x0800022c   0x00000000   Code   RO         2598    .ARM.Collect$$rtentry$$00000000  c_w.l(__rtentry.o)
    0x0800022c   0x0800022c   0x00000000   Code   RO         2617    .ARM.Collect$$rtentry$$00000002  c_w.l(__rtentry2.o)
    0x0800022c   0x0800022c   0x00000006   Code   RO         2629    .ARM.Collect$$rtentry$$00000004  c_w.l(__rtentry4.o)
    0x08000232   0x08000232   0x00000008   Code   RO         2618    .ARM.Collect$$rtentry$$00000008  c_w.l(__rtentry2.o)
    0x0800023a   0x0800023a   0x00000004   Code   RO         2620    .ARM.Collect$$rtentry$$0000000A  c_w.l(__rtentry2.o)
    0x0800023e   0x0800023e   0x00000000   Code   RO         2622    .ARM.Collect$$rtentry$$0000000C  c_w.l(__rtentry2.o)
    0x0800023e   0x0800023e   0x00000008   Code   RO         2623    .ARM.Collect$$rtentry$$0000000D  c_w.l(__rtentry2.o)
    0x08000246   0x08000246   0x00000002   Code   RO         2794    .ARM.Collect$$rtexit$$00000000  c_w.l(rtexit.o)
    0x08000248   0x08000248   0x00000000   Code   RO         2840    .ARM.Collect$$rtexit$$00000002  c_w.l(rtexit2.o)
    0x08000248   0x08000248   0x00000004   Code   RO         2841    .ARM.Collect$$rtexit$$00000003  c_w.l(rtexit2.o)
    0x0800024c   0x0800024c   0x00000006   Code   RO         2842    .ARM.Collect$$rtexit$$00000004  c_w.l(rtexit2.o)
    0x08000252   0x08000252   0x00000002   PAD
    0x08000254   0x08000254   0x00000040   Code   RO         1261    .text               startup_stm32f429xx.o
    0x08000294   0x08000294   0x000000f0   Code   RO         2567    .text               c_w.l(lludivv7m.o)
    0x08000384   0x08000384   0x0000008a   Code   RO         2577    .text               c_w.l(rt_memcpy_v6.o)
    0x0800040e   0x0800040e   0x00000064   Code   RO         2579    .text               c_w.l(rt_memcpy_w.o)
    0x08000472   0x08000472   0x0000004e   Code   RO         2587    .text               c_w.l(rt_memclr_w.o)
    0x080004c0   0x080004c0   0x00000006   Code   RO         2591    .text               c_w.l(heapauxi.o)
    0x080004c6   0x080004c6   0x00000002   PAD
    0x080004c8   0x080004c8   0x00000008   Code   RO         2595    .text               c_w.l(libspace.o)
    0x080004d0   0x080004d0   0x0000004a   Code   RO         2641    .text               c_w.l(sys_stackheap_outer.o)
    0x0800051a   0x0800051a   0x00000012   Code   RO         2719    .text               c_w.l(exit.o)
    0x0800052c   0x0800052c   0x0000000c   Code   RO         2835    .text               c_w.l(sys_exit.o)
    0x08000538   0x08000538   0x00000002   Code   RO         2881    .text               c_w.l(use_no_semi.o)
    0x0800053a   0x0800053a   0x00000000   Code   RO         2883    .text               c_w.l(indicate_semi.o)
    0x0800053a   0x0800053a   0x00000002   PAD
    0x0800053c   0x0800053c   0x00000002   Code   RO           25    .text.BusFault_Handler  stm32f4xx_it.o
    0x0800053e   0x0800053e   0x00000002   PAD
    0x08000540   0x08000540   0x00000002   Code   RO           29    .text.DebugMon_Handler  stm32f4xx_it.o
    0x08000542   0x08000542   0x00000002   PAD
    0x08000544   0x08000544   0x00000172   Code   RO          325    .text.EventRecord2  eventrecorder.o
    0x080006b6   0x080006b6   0x00000002   PAD
    0x080006b8   0x080006b8   0x0000000c   Code   RO          309    .text.EventRecorderTimerGetCount  eventrecorder.o
    0x080006c4   0x080006c4   0x00000014   Code   RO         1583    .text.EvrFreeRTOSHeap_Free  freertos_evr.o
    0x080006d8   0x080006d8   0x00000010   Code   RO         1581    .text.EvrFreeRTOSHeap_Malloc  freertos_evr.o
    0x080006e8   0x080006e8   0x00000014   Code   RO         1515    .text.EvrFreeRTOSQueue_BlockingOnQueueReceive  freertos_evr.o
    0x080006fc   0x080006fc   0x00000014   Code   RO         1517    .text.EvrFreeRTOSQueue_BlockingOnQueueSend  freertos_evr.o
    0x08000710   0x08000710   0x00000014   Code   RO         1471    .text.EvrFreeRTOSQueue_CreateMutex  freertos_evr.o
    0x08000724   0x08000724   0x00000010   Code   RO         1473    .text.EvrFreeRTOSQueue_CreateMutexFailed  freertos_evr.o
    0x08000734   0x08000734   0x00000014   Code   RO         1467    .text.EvrFreeRTOSQueue_QueueCreate  freertos_evr.o
    0x08000748   0x08000748   0x00000010   Code   RO         1469    .text.EvrFreeRTOSQueue_QueueCreateFailed  freertos_evr.o
    0x08000758   0x08000758   0x00000014   Code   RO         1511    .text.EvrFreeRTOSQueue_QueueDelete  freertos_evr.o
    0x0800076c   0x0800076c   0x00000014   Code   RO         1491    .text.EvrFreeRTOSQueue_QueueReceive  freertos_evr.o
    0x08000780   0x08000780   0x00000010   Code   RO         1499    .text.EvrFreeRTOSQueue_QueueReceiveFailed  freertos_evr.o
    0x08000790   0x08000790   0x00000014   Code   RO         1487    .text.EvrFreeRTOSQueue_QueueSend  freertos_evr.o
    0x080007a4   0x080007a4   0x00000010   Code   RO         1489    .text.EvrFreeRTOSQueue_QueueSendFailed  freertos_evr.o
    0x080007b4   0x080007b4   0x00000030   Code   RO         1413    .text.EvrFreeRTOSSetup  freertos_evr.o
    0x080007e4   0x080007e4   0x00000014   Code   RO         1445    .text.EvrFreeRTOSTasks_MovedTaskToReadyState  freertos_evr.o
    0x080007f8   0x080007f8   0x00000014   Code   RO         1447    .text.EvrFreeRTOSTasks_PostMovedTaskToReadyState  freertos_evr.o
    0x0800080c   0x0800080c   0x00000014   Code   RO         1433    .text.EvrFreeRTOSTasks_TaskIncrementTick  freertos_evr.o
    0x08000820   0x08000820   0x00000014   Code   RO         1443    .text.EvrFreeRTOSTasks_TaskPriorityDisinherit  freertos_evr.o
    0x08000834   0x08000834   0x00000014   Code   RO         1441    .text.EvrFreeRTOSTasks_TaskPriorityInherit  freertos_evr.o
    0x08000848   0x08000848   0x00000014   Code   RO         1439    .text.EvrFreeRTOSTasks_TaskSwitchedIn  freertos_evr.o
    0x0800085c   0x0800085c   0x00000014   Code   RO         1437    .text.EvrFreeRTOSTasks_TaskSwitchedOut  freertos_evr.o
    0x08000870   0x08000870   0x0000002a   Code   RO         1213    .text.FMC_NAND_AttributeSpace_Timing_Init  stm32f4xx_ll_fmc.o
    0x0800089a   0x0800089a   0x00000002   PAD
    0x0800089c   0x0800089c   0x0000002a   Code   RO         1211    .text.FMC_NAND_CommonSpace_Timing_Init  stm32f4xx_ll_fmc.o
    0x080008c6   0x080008c6   0x00000002   PAD
    0x080008c8   0x080008c8   0x0000003e   Code   RO         1209    .text.FMC_NAND_Init  stm32f4xx_ll_fmc.o
    0x08000906   0x08000906   0x00000002   PAD
    0x08000908   0x08000908   0x00000080   Code   RO          639    .text.HAL_DMA_Abort  stm32f4xx_hal_dma.o
    0x08000988   0x08000988   0x00000024   Code   RO          641    .text.HAL_DMA_Abort_IT  stm32f4xx_hal_dma.o
    0x080009ac   0x080009ac   0x0000019c   Code   RO          479    .text.HAL_GPIO_Init  stm32f4xx_hal_gpio.o
    0x08000b48   0x08000b48   0x0000000c   Code   RO          376    .text.HAL_GetTick   stm32f4xx_hal.o
    0x08000b54   0x08000b54   0x0000002e   Code   RO          364    .text.HAL_Init      stm32f4xx_hal.o
    0x08000b82   0x08000b82   0x00000002   PAD
    0x08000b84   0x08000b84   0x00000050   Code   RO          366    .text.HAL_InitTick  stm32f4xx_hal.o
    0x08000bd4   0x08000bd4   0x00000038   Code   RO          678    .text.HAL_MspInit   stm32f4xx_hal_msp.o
    0x08000c0c   0x08000c0c   0x0000005a   Code   RO          702    .text.HAL_NAND_Init  stm32f4xx_hal_nand.o
    0x08000c66   0x08000c66   0x00000002   PAD
    0x08000c68   0x08000c68   0x00000088   Code   RO          688    .text.HAL_NAND_MspInit  stm32f4xx_hal_msp.o
    0x08000cf0   0x08000cf0   0x00000020   Code   RO          437    .text.HAL_NVIC_EnableIRQ  stm32f4xx_hal_cortex.o
    0x08000d10   0x08000d10   0x00000056   Code   RO          435    .text.HAL_NVIC_SetPriority  stm32f4xx_hal_cortex.o
    0x08000d66   0x08000d66   0x00000002   PAD
    0x08000d68   0x08000d68   0x00000020   Code   RO          433    .text.HAL_NVIC_SetPriorityGrouping  stm32f4xx_hal_cortex.o
    0x08000d88   0x08000d88   0x00000160   Code   RO          575    .text.HAL_RCC_ClockConfig  stm32f4xx_hal_rcc.o
    0x08000ee8   0x08000ee8   0x00000026   Code   RO          587    .text.HAL_RCC_GetPCLK1Freq  stm32f4xx_hal_rcc.o
    0x08000f0e   0x08000f0e   0x00000002   PAD
    0x08000f10   0x08000f10   0x00000026   Code   RO          589    .text.HAL_RCC_GetPCLK2Freq  stm32f4xx_hal_rcc.o
    0x08000f36   0x08000f36   0x00000002   PAD
    0x08000f38   0x08000f38   0x00000068   Code   RO          577    .text.HAL_RCC_GetSysClockFreq  stm32f4xx_hal_rcc.o
    0x08000fa0   0x08000fa0   0x00000348   Code   RO          573    .text.HAL_RCC_OscConfig  stm32f4xx_hal_rcc.o
    0x080012e8   0x080012e8   0x0000002c   Code   RO          445    .text.HAL_SYSTICK_Config  stm32f4xx_hal_cortex.o
    0x08001314   0x08001314   0x0000005a   Code   RO          758    .text.HAL_TIM_Base_Init  stm32f4xx_hal_tim.o
    0x0800136e   0x0800136e   0x00000002   PAD
    0x08001370   0x08001370   0x00000036   Code   RO          680    .text.HAL_TIM_Base_MspInit  stm32f4xx_hal_msp.o
    0x080013a6   0x080013a6   0x00000002   PAD
    0x080013a8   0x080013a8   0x00000002   Code   RO         1161    .text.HAL_UARTEx_RxEventCallback  stm32f4xx_hal_uart.o
    0x080013aa   0x080013aa   0x00000002   PAD
    0x080013ac   0x080013ac   0x00000002   Code   RO         1159    .text.HAL_UART_ErrorCallback  stm32f4xx_hal_uart.o
    0x080013ae   0x080013ae   0x00000002   PAD
    0x080013b0   0x080013b0   0x000002ee   Code   RO         1153    .text.HAL_UART_IRQHandler  stm32f4xx_hal_uart.o
    0x0800169e   0x0800169e   0x00000002   PAD
    0x080016a0   0x080016a0   0x0000005e   Code   RO         1077    .text.HAL_UART_Init  stm32f4xx_hal_uart.o
    0x080016fe   0x080016fe   0x00000002   PAD
    0x08001700   0x08001700   0x00000084   Code   RO          684    .text.HAL_UART_MspInit  stm32f4xx_hal_msp.o
    0x08001784   0x08001784   0x00000002   Code   RO         1167    .text.HAL_UART_RxCpltCallback  stm32f4xx_hal_uart.o
    0x08001786   0x08001786   0x00000002   PAD
    0x08001788   0x08001788   0x00000002   Code   RO         1163    .text.HAL_UART_TxCpltCallback  stm32f4xx_hal_uart.o
    0x0800178a   0x0800178a   0x00000002   PAD
    0x0800178c   0x0800178c   0x00000002   Code   RO           21    .text.HardFault_Handler  stm32f4xx_it.o
    0x0800178e   0x0800178e   0x00000002   PAD
    0x08001790   0x08001790   0x00000002   Code   RO           23    .text.MemManage_Handler  stm32f4xx_it.o
    0x08001792   0x08001792   0x00000002   PAD
    0x08001794   0x08001794   0x00000002   Code   RO           19    .text.NMI_Handler   stm32f4xx_it.o
    0x08001796   0x08001796   0x0000000a   PAD
    0x080017a0   0x080017a0   0x00000064   Code   RO         1668    .text.PendSV_Handler  port.o
    0x08001804   0x08001804   0x0000000c   PAD
    0x08001810   0x08001810   0x00000024   Code   RO         1652    .text.SVC_Handler   port.o
    0x08001834   0x08001834   0x0000001a   Code   RO           64    .text.SysTick_Handler  cmsis_os2.o
    0x0800184e   0x0800184e   0x00000002   PAD
    0x08001850   0x08001850   0x000000a2   Code   RO            4    .text.SystemClock_Config  main.o
    0x080018f2   0x080018f2   0x00000002   PAD
    0x080018f4   0x080018f4   0x00000012   Code   RO         1268    .text.SystemInit    system_stm32f4xx.o
    0x08001906   0x08001906   0x00000002   PAD
    0x08001908   0x08001908   0x00000124   Code   RO          762    .text.TIM_Base_SetConfig  stm32f4xx_hal_tim.o
    0x08001a2c   0x08001a2c   0x00000010   Code   RO         1157    .text.UART_DMAAbortOnError  stm32f4xx_hal_uart.o
    0x08001a3c   0x08001a3c   0x000000c4   Code   RO         1155    .text.UART_Receive_IT  stm32f4xx_hal_uart.o
    0x08001b00   0x08001b00   0x000000de   Code   RO         1081    .text.UART_SetConfig  stm32f4xx_hal_uart.o
    0x08001bde   0x08001bde   0x00000002   PAD
    0x08001be0   0x08001be0   0x00000010   Code   RO           31    .text.USART3_IRQHandler  stm32f4xx_it.o
    0x08001bf0   0x08001bf0   0x00000002   Code   RO           27    .text.UsageFault_Handler  stm32f4xx_it.o
    0x08001bf2   0x08001bf2   0x00000002   PAD
    0x08001bf4   0x08001bf4   0x0000001a   Code   RO           46    .text._mutex_acquire  clib_arm.o
    0x08001c0e   0x08001c0e   0x00000002   PAD
    0x08001c10   0x08001c10   0x00000030   Code   RO           50    .text._mutex_free   clib_arm.o
    0x08001c40   0x08001c40   0x0000005a   Code   RO           44    .text._mutex_initialize  clib_arm.o
    0x08001c9a   0x08001c9a   0x00000002   PAD
    0x08001c9c   0x08001c9c   0x0000001c   Code   RO           48    .text._mutex_release  clib_arm.o
    0x08001cb8   0x08001cb8   0x0000000a   Code   RO           40    .text._platform_post_stackheap_init  clib_arm.o
    0x08001cc2   0x08001cc2   0x00000002   PAD
    0x08001cc4   0x08001cc4   0x0000015a   Code   RO            2    .text.main          main.o
    0x08001e1e   0x08001e1e   0x00000002   PAD
    0x08001e20   0x08001e20   0x0000009c   Code   RO         1791    .text.prvAddCurrentTaskToDelayedList  tasks.o
    0x08001ebc   0x08001ebc   0x00000072   Code   RO         1737    .text.prvUnlockQueue  queue.o
    0x08001f2e   0x08001f2e   0x00000002   PAD
    0x08001f30   0x08001f30   0x000001c6   Code   RO         1681    .text.pvPortMalloc  heap_4.o
    0x080020f6   0x080020f6   0x00000002   PAD
    0x080020f8   0x080020f8   0x00000018   Code   RO         1871    .text.pvTaskIncrementMutexHeldCount  tasks.o
    0x08002110   0x08002110   0x00000024   Code   RO         1638    .text.uxListRemove  list.o
    0x08002134   0x08002134   0x00000002   Code   RO          214    .text.vApplicationStackOverflowHook  cmsis_os2.o
    0x08002136   0x08002136   0x00000002   PAD
    0x08002138   0x08002138   0x00000002   Code   RO          212    .text.vApplicationTickHook  cmsis_os2.o
    0x0800213a   0x0800213a   0x00000002   PAD
    0x0800213c   0x0800213c   0x00000016   Code   RO         1630    .text.vListInitialise  list.o
    0x08002152   0x08002152   0x00000002   PAD
    0x08002154   0x08002154   0x0000003a   Code   RO         1636    .text.vListInsert   list.o
    0x0800218e   0x0800218e   0x00000002   PAD
    0x08002190   0x08002190   0x00000020   Code   RO         1664    .text.vPortEnterCritical  port.o
    0x080021b0   0x080021b0   0x0000001a   Code   RO         1666    .text.vPortExitCritical  port.o
    0x080021ca   0x080021ca   0x00000002   PAD
    0x080021cc   0x080021cc   0x000000b4   Code   RO         1683    .text.vPortFree     heap_4.o
    0x08002280   0x08002280   0x0000001a   Code   RO         1757    .text.vQueueDelete  queue.o
    0x0800229a   0x0800229a   0x00000002   PAD
    0x0800229c   0x0800229c   0x0000001a   Code   RO         1845    .text.vTaskInternalSetTimeOutState  tasks.o
    0x080022b6   0x080022b6   0x00000002   PAD
    0x080022b8   0x080022b8   0x0000000e   Code   RO         1849    .text.vTaskMissedYield  tasks.o
    0x080022c6   0x080022c6   0x00000002   PAD
    0x080022c8   0x080022c8   0x0000001e   Code   RO         1833    .text.vTaskPlaceOnEventList  tasks.o
    0x080022e6   0x080022e6   0x00000002   PAD
    0x080022e8   0x080022e8   0x00000096   Code   RO         1867    .text.vTaskPriorityDisinheritAfterTimeout  tasks.o
    0x0800237e   0x0800237e   0x00000002   PAD
    0x08002380   0x08002380   0x00000010   Code   RO         1789    .text.vTaskSuspendAll  tasks.o
    0x08002390   0x08002390   0x000000ba   Code   RO         1807    .text.vTaskSwitchContext  tasks.o
    0x0800244a   0x0800244a   0x00000002   PAD
    0x0800244c   0x0800244c   0x0000002e   Code   RO         1670    .text.xPortSysTickHandler  port.o
    0x0800247a   0x0800247a   0x00000002   PAD
    0x0800247c   0x0800247c   0x00000094   Code   RO         1717    .text.xQueueCreateMutex  queue.o
    0x08002510   0x08002510   0x00000086   Code   RO         1719    .text.xQueueCreateMutexStatic  queue.o
    0x08002596   0x08002596   0x00000002   PAD
    0x08002598   0x08002598   0x000001b0   Code   RO         1727    .text.xQueueGenericSend  queue.o
    0x08002748   0x08002748   0x00000186   Code   RO         1731    .text.xQueueSemaphoreTake  queue.o
    0x080028ce   0x080028ce   0x00000002   PAD
    0x080028d0   0x080028d0   0x00000068   Code   RO         1847    .text.xTaskCheckForTimeOut  tasks.o
    0x08002938   0x08002938   0x00000026   Code   RO         1861    .text.xTaskGetSchedulerState  tasks.o
    0x0800295e   0x0800295e   0x00000002   PAD
    0x08002960   0x08002960   0x000001c2   Code   RO         1819    .text.xTaskIncrementTick  tasks.o
    0x08002b22   0x08002b22   0x00000002   PAD
    0x08002b24   0x08002b24   0x00000088   Code   RO         1865    .text.xTaskPriorityDisinherit  tasks.o
    0x08002bac   0x08002bac   0x000000be   Code   RO         1863    .text.xTaskPriorityInherit  tasks.o
    0x08002c6a   0x08002c6a   0x00000002   PAD
    0x08002c6c   0x08002c6c   0x000000e0   Code   RO         1839    .text.xTaskRemoveFromEventList  tasks.o
    0x08002d4c   0x08002d4c   0x00000188   Code   RO         1793    .text.xTaskResumeAll  tasks.o
    0x08002ed4   0x08002ed4   0x0000001a   Code   RO         2833    x$fpl$fpinit        fz_wm.l(fpinit.o)
    0x08002eee   0x08002eee   0x00000010   Data   RO         1273    .rodata.AHBPrescTable  system_stm32f4xx.o
    0x08002efe   0x08002efe   0x00000008   Data   RO         1274    .rodata.APBPrescTable  system_stm32f4xx.o
    0x08002f06   0x08002f06   0x00000002   PAD
    0x08002f08   0x08002f08   0x00000018   Data   RO          330    .rodata.EventRecorderInfo  eventrecorder.o
    0x08002f20   0x08002f20   0x00000020   Data   RO         2911    Region$$Table       anon$$obj.o


    Execution Region RW_IRAM1 (Exec base: 0x20000000, Load base: 0x08002f40, Size: 0x000032c0, Max: 0x00030000, ABSOLUTE)

    Exec Addr    Load Addr    Size         Type   Attr      Idx    E Section Name        Object

    0x20000000   0x08002f40   0x00000004   Data   RW         1272    .data.SystemCoreClock  system_stm32f4xx.o
    0x20000004   0x08002f44   0x00000001   Data   RW          423    .data.uwTickFreq    stm32f4xx_hal.o
    0x20000005   0x08002f45   0x00000003   PAD
    0x20000008   0x08002f48   0x00000004   Data   RW          422    .data.uwTickPrio    stm32f4xx_hal.o
    0x2000000c   0x08002f4c   0x00000004   Data   RW         1672    .data.uxCriticalNesting  port.o
    0x20000010   0x08002f50   0x00000030   PAD
    0x20000040        -       0x00000060   Zero   RW         2596    .bss                c_w.l(libspace.o)
    0x200000a0        -       0x00000001   Zero   RW         1585    .bss.EvrFreeRTOSSetup.init  freertos_evr.o
    0x200000a1   0x08002f50   0x00000003   PAD
    0x200000a4        -       0x00000001   Zero   RW          692    .bss.FMC_Initialized  stm32f4xx_hal_msp.o
    0x200000a5   0x08002f50   0x00000003   PAD
    0x200000a8        -       0x00000190   Zero   RW           55    .bss.clib_mutex_cb  clib_arm.o
    0x20000238        -       0x00000014   Zero   RW           54    .bss.clib_mutex_id  clib_arm.o
    0x2000024c        -       0x00000040   Zero   RW           10    .bss.hnand1         main.o
    0x2000028c        -       0x00000048   Zero   RW            8    .bss.htim14         main.o
    0x200002d4        -       0x00000044   Zero   RW            9    .bss.huart3         main.o
    0x20000318   0x08002f50   0x00000028   PAD
    0x20000340        -       0x000004a4   Zero   RW          329    .bss.noinit         eventrecorder.o
    0x200007e4        -       0x00000004   Zero   RW         1887    .bss.pxCurrentTCB   tasks.o
    0x200007e8        -       0x00000004   Zero   RW         1895    .bss.pxDelayedTaskList  tasks.o
    0x200007ec        -       0x00000004   Zero   RW         1693    .bss.pxEnd          heap_4.o
    0x200007f0        -       0x00000004   Zero   RW         1896    .bss.pxOverflowDelayedTaskList  tasks.o
    0x200007f4        -       0x00000460   Zero   RW         1898    .bss.pxReadyTasksLists  tasks.o
    0x20000c54        -       0x00002000   Zero   RW         1700    .bss.ucHeap         heap_4.o
    0x20002c54        -       0x00000004   Zero   RW          424    .bss.uwTick         stm32f4xx_hal.o
    0x20002c58        -       0x00000004   Zero   RW         1892    .bss.uxCurrentNumberOfTasks  tasks.o
    0x20002c5c        -       0x00000004   Zero   RW         1900    .bss.uxSchedulerSuspended  tasks.o
    0x20002c60        -       0x00000004   Zero   RW         1899    .bss.uxTopReadyPriority  tasks.o
    0x20002c64        -       0x00000001   Zero   RW         1694    .bss.xBlockAllocatedBit  heap_4.o
    0x20002c65   0x08002f50   0x00000003   PAD
    0x20002c68        -       0x00000004   Zero   RW         1695    .bss.xFreeBytesRemaining  heap_4.o
    0x20002c6c        -       0x00000004   Zero   RW         1697    .bss.xMinimumEverFreeBytesRemaining  heap_4.o
    0x20002c70        -       0x00000004   Zero   RW         1904    .bss.xNextTaskUnblockTime  tasks.o
    0x20002c74        -       0x00000004   Zero   RW         1906    .bss.xNumOfOverflows  tasks.o
    0x20002c78        -       0x00000004   Zero   RW         1698    .bss.xNumberOfSuccessfulAllocations  heap_4.o
    0x20002c7c        -       0x00000004   Zero   RW         1699    .bss.xNumberOfSuccessfulFrees  heap_4.o
    0x20002c80        -       0x00000004   Zero   RW         1905    .bss.xPendedTicks   tasks.o
    0x20002c84        -       0x00000014   Zero   RW         1902    .bss.xPendingReadyList  tasks.o
    0x20002c98        -       0x00000004   Zero   RW         1893    .bss.xSchedulerRunning  tasks.o
    0x20002c9c        -       0x00000008   Zero   RW         1696    .bss.xStart         heap_4.o
    0x20002ca4        -       0x00000014   Zero   RW         1897    .bss.xSuspendedTaskList  tasks.o
    0x20002cb8        -       0x00000004   Zero   RW         1894    .bss.xTickCount     tasks.o
    0x20002cbc        -       0x00000004   Zero   RW         1901    .bss.xYieldPending  tasks.o
    0x20002cc0        -       0x00000200   Zero   RW         1259    HEAP                startup_stm32f429xx.o
    0x20002ec0        -       0x00000400   Zero   RW         1258    STACK               startup_stm32f429xx.o


==============================================================================

Image component sizes


      Code (inc. data)   RO Data    RW Data    ZI Data      Debug   Object Name

       202          0          0          0        420       3424   clib_arm.o
        30          0          0          0          0      58798   cmsis_os2.o
       382          0         24          0       1188      20766   eventrecorder.o
       428          0          0          0          1      18037   freertos_evr.o
       634          0          0          0       8221       4874   heap_4.o
       116          0          0          0          0       2313   list.o
       508          0          0          0        204       9076   main.o
       240          8          0          4          0       2995   port.o
      1244          0          0          0          0      22077   queue.o
        64         26        428          0       1536        848   startup_stm32f429xx.o
       138          0          0          5          4       7964   stm32f4xx_hal.o
       194          0          0          0          0      10990   stm32f4xx_hal_cortex.o
       164          0          0          0          0       9896   stm32f4xx_hal_dma.o
       412          0          0          0          0       5428   stm32f4xx_hal_gpio.o
       378          0          0          0          1      10801   stm32f4xx_hal_msp.o
        90          0          0          0          0      16710   stm32f4xx_hal_nand.o
      1372          0          0          0          0       7589   stm32f4xx_hal_rcc.o
       382          0          0          0          0      55382   stm32f4xx_hal_tim.o
      1286          0          0          0          0      27105   stm32f4xx_hal_uart.o
        28          0          0          0          0       1581   stm32f4xx_it.o
       146          0          0          0          0      12390   stm32f4xx_ll_fmc.o
        18          0         24          4          0       2774   system_stm32f4xx.o
      2136          0          0          0       1208      35763   tasks.o

    ----------------------------------------------------------------------
     10712         46        510         16      12880     347581   Object Totals
         0          0         32          0          0          0   (incl. Generated)
       120         12          2          3         97          0   (incl. Padding)

    ----------------------------------------------------------------------

      Code (inc. data)   RO Data    RW Data    ZI Data      Debug   Library Member Name

         8          0          0          0          0         68   __main.o
         0          0          0          0          0          0   __rtentry.o
        20          0          0          0          0          0   __rtentry2.o
         6          0          0          0          0          0   __rtentry4.o
        52          8          0          0          0          0   __scatter.o
        26          0          0          0          0          0   __scatter_copy.o
        28          0          0          0          0          0   __scatter_zi.o
        18          0          0          0          0         80   exit.o
         6          0          0          0          0        152   heapauxi.o
         0          0          0          0          0          0   indicate_semi.o
         2          0          0          0          0          0   libinit.o
         6          0          0          0          0          0   libinit2.o
         2          0          0          0          0          0   libshutdown.o
         2          0          0          0          0          0   libshutdown2.o
         8          4          0          0         96         68   libspace.o
       240          0          0          0          0        100   lludivv7m.o
        78          0          0          0          0         80   rt_memclr_w.o
       138          0          0          0          0         68   rt_memcpy_v6.o
       100          0          0          0          0         80   rt_memcpy_w.o
         2          0          0          0          0          0   rtexit.o
        10          0          0          0          0          0   rtexit2.o
        12          4          0          0          0         68   sys_exit.o
        74          0          0          0          0         80   sys_stackheap_outer.o
         2          0          0          0          0         68   use_no_semi.o
        26          0          0          0          0        116   fpinit.o

    ----------------------------------------------------------------------
       874         16          0          0         96       1028   Library Totals
         8          0          0          0          0          0   (incl. Padding)

    ----------------------------------------------------------------------

      Code (inc. data)   RO Data    RW Data    ZI Data      Debug   Library Name

       840         16          0          0         96        912   c_w.l
        26          0          0          0          0        116   fz_wm.l

    ----------------------------------------------------------------------
       874         16          0          0         96       1028   Library Totals

    ----------------------------------------------------------------------

==============================================================================


      Code (inc. data)   RO Data    RW Data    ZI Data      Debug   

     11586         62        510         16      12976     347825   Grand Totals
     11586         62        510         16      12976     347825   ELF Image Totals
     11586         62        510         16          0          0   ROM Totals

==============================================================================

    Total RO  Size (Code + RO Data)                12096 (  11.81kB)
    Total RW  Size (RW Data + ZI Data)             12992 (  12.69kB)
    Total ROM Size (Code + RO Data + RW Data)      12112 (  11.83kB)

==============================================================================

