Component: ARM Compiler 6.16 Tool: armlink [5e4cc100]

==============================================================================

Section Cross References

    main.o(.text.main) refers to stm32f4xx_hal.o(.text.HAL_Init) for HAL_Init
    main.o(.text.main) refers to main.o(.text.SystemClock_Config) for SystemClock_Config
    main.o(.text.main) refers to main.o(.bss.hnand1) for hnand1
    main.o(.text.main) refers to stm32f4xx_hal_nand.o(.text.HAL_NAND_Init) for HAL_NAND_Init
    main.o(.text.main) refers to main.o(.bss.htim14) for htim14
    main.o(.text.main) refers to stm32f4xx_hal_tim.o(.text.HAL_TIM_Base_Init) for HAL_TIM_Base_Init
    main.o(.text.main) refers to main.o(.bss.huart3) for huart3
    main.o(.text.main) refers to stm32f4xx_hal_uart.o(.text.HAL_UART_Init) for HAL_UART_Init
    main.o(.text.main) refers to stm32f4xx_hal_gpio.o(.text.HAL_GPIO_WritePin) for HAL_GPIO_WritePin
    main.o(.text.main) refers to drvuart.o(.text.UART_StartCommunication) for UART_StartCommunication
    main.o(.text.main) refers to communication.o(.text.COM_CommunicationManagement) for COM_CommunicationManagement
    main.o(.ARM.exidx.text.main) refers to main.o(.text.main) for [Anonymous Symbol]
    main.o(.text.SystemClock_Config) refers to rt_memclr_w.o(.text) for __aeabi_memclr4
    main.o(.text.SystemClock_Config) refers to stm32f4xx_hal_rcc.o(.text.HAL_RCC_OscConfig) for HAL_RCC_OscConfig
    main.o(.text.SystemClock_Config) refers to stm32f4xx_hal_rcc.o(.text.HAL_RCC_ClockConfig) for HAL_RCC_ClockConfig
    main.o(.ARM.exidx.text.SystemClock_Config) refers to main.o(.text.SystemClock_Config) for [Anonymous Symbol]
    main.o(.ARM.exidx.text.Error_Handler) refers to main.o(.text.Error_Handler) for [Anonymous Symbol]
    main.o(.ARM.exidx.text.fputc) refers to main.o(.text.fputc) for [Anonymous Symbol]
    main.o(.text.HAL_SYSTICK_Callback) refers to counters.o(.text.CNT_MsInterruptHandler) for CNT_MsInterruptHandler
    main.o(.ARM.exidx.text.HAL_SYSTICK_Callback) refers to main.o(.text.HAL_SYSTICK_Callback) for [Anonymous Symbol]
    main.o(.data.g_siBootInfo) refers to drvnand.o(.text.DAT_ReadBuffer) for DAT_ReadBuffer
    stm32f4xx_it.o(.ARM.exidx.text.NMI_Handler) refers to stm32f4xx_it.o(.text.NMI_Handler) for [Anonymous Symbol]
    stm32f4xx_it.o(.ARM.exidx.text.HardFault_Handler) refers to stm32f4xx_it.o(.text.HardFault_Handler) for [Anonymous Symbol]
    stm32f4xx_it.o(.ARM.exidx.text.MemManage_Handler) refers to stm32f4xx_it.o(.text.MemManage_Handler) for [Anonymous Symbol]
    stm32f4xx_it.o(.ARM.exidx.text.BusFault_Handler) refers to stm32f4xx_it.o(.text.BusFault_Handler) for [Anonymous Symbol]
    stm32f4xx_it.o(.ARM.exidx.text.UsageFault_Handler) refers to stm32f4xx_it.o(.text.UsageFault_Handler) for [Anonymous Symbol]
    stm32f4xx_it.o(.ARM.exidx.text.DebugMon_Handler) refers to stm32f4xx_it.o(.text.DebugMon_Handler) for [Anonymous Symbol]
    stm32f4xx_it.o(.text.USART3_IRQHandler) refers to main.o(.bss.huart3) for huart3
    stm32f4xx_it.o(.text.USART3_IRQHandler) refers to stm32f4xx_hal_uart.o(.text.HAL_UART_IRQHandler) for HAL_UART_IRQHandler
    stm32f4xx_it.o(.ARM.exidx.text.USART3_IRQHandler) refers to stm32f4xx_it.o(.text.USART3_IRQHandler) for [Anonymous Symbol]
    stm32f4xx_it.o(.text.TIM8_TRG_COM_TIM14_IRQHandler) refers to main.o(.bss.htim14) for htim14
    stm32f4xx_it.o(.text.TIM8_TRG_COM_TIM14_IRQHandler) refers to stm32f4xx_hal_tim.o(.text.HAL_TIM_IRQHandler) for HAL_TIM_IRQHandler
    stm32f4xx_it.o(.ARM.exidx.text.TIM8_TRG_COM_TIM14_IRQHandler) refers to stm32f4xx_it.o(.text.TIM8_TRG_COM_TIM14_IRQHandler) for [Anonymous Symbol]
    drvuart.o(.text.UART_GetCharFromRxBuffer) refers to drvuart.o(.bss.rbuf) for rbuf
    drvuart.o(.ARM.exidx.text.UART_GetCharFromRxBuffer) refers to drvuart.o(.text.UART_GetCharFromRxBuffer) for [Anonymous Symbol]
    drvuart.o(.text.UART_AddByteToRxBuffer) refers to drvuart.o(.bss.rbuf) for rbuf
    drvuart.o(.ARM.exidx.text.UART_AddByteToRxBuffer) refers to drvuart.o(.text.UART_AddByteToRxBuffer) for [Anonymous Symbol]
    drvuart.o(.text.UART_SendBuffer) refers to drvuart.o(.data.uart_transmit_done) for uart_transmit_done
    drvuart.o(.text.UART_SendBuffer) refers to main.o(.bss.huart3) for huart3
    drvuart.o(.text.UART_SendBuffer) refers to stm32f4xx_hal_uart.o(.text.HAL_UART_Transmit_IT) for HAL_UART_Transmit_IT
    drvuart.o(.text.UART_SendBuffer) refers to counters.o(.text.CNT_SecondsCntrStart) for CNT_SecondsCntrStart
    drvuart.o(.text.UART_SendBuffer) refers to drvuart.o(.bss.new_receive_is_busy) for new_receive_is_busy
    drvuart.o(.text.UART_SendBuffer) refers to drvuart.o(.bss.uart_TempBuffer) for uart_TempBuffer
    drvuart.o(.text.UART_SendBuffer) refers to stm32f4xx_hal_uart.o(.text.HAL_UART_Receive_IT) for HAL_UART_Receive_IT
    drvuart.o(.text.UART_SendBuffer) refers to counters.o(.text.CNT_SecondsCntrGet) for CNT_SecondsCntrGet
[...]
    HAL_RCC_GetSysClockFreq                  0x080038e5   Thumb Code   104  stm32f4xx_hal_rcc.o(.text.HAL_RCC_GetSysClockFreq)
    HAL_RCC_OscConfig                        0x0800394d   Thumb Code   840  stm32f4xx_hal_rcc.o(.text.HAL_RCC_OscConfig)
    HAL_SYSTICK_Config                       0x08003c95   Thumb Code    44  stm32f4xx_hal_cortex.o(.text.HAL_SYSTICK_Config)
    HAL_TIMEx_BreakCallback                  0x08003cc1   Thumb Code     2  stm32f4xx_hal_tim_ex.o(.text.HAL_TIMEx_BreakCallback)
    HAL_TIMEx_CommutCallback                 0x08003cc5   Thumb Code     2  stm32f4xx_hal_tim_ex.o(.text.HAL_TIMEx_CommutCallback)
    HAL_TIM_Base_Init                        0x08003cc9   Thumb Code    90  stm32f4xx_hal_tim.o(.text.HAL_TIM_Base_Init)
    HAL_TIM_Base_MspInit                     0x08003d25   Thumb Code    72  stm32f4xx_hal_msp.o(.text.HAL_TIM_Base_MspInit)
    HAL_TIM_IC_CaptureCallback               0x08003d6d   Thumb Code     2  stm32f4xx_hal_tim.o(.text.HAL_TIM_IC_CaptureCallback)
    HAL_TIM_IRQHandler                       0x08003d71   Thumb Code   362  stm32f4xx_hal_tim.o(.text.HAL_TIM_IRQHandler)
    HAL_TIM_OC_DelayElapsedCallback          0x08003edd   Thumb Code     2  stm32f4xx_hal_tim.o(.text.HAL_TIM_OC_DelayElapsedCallback)
    HAL_TIM_PWM_PulseFinishedCallback        0x08003ee1   Thumb Code     2  stm32f4xx_hal_tim.o(.text.HAL_TIM_PWM_PulseFinishedCallback)
    HAL_TIM_PeriodElapsedCallback            0x08003ee5   Thumb Code     2  stm32f4xx_hal_tim.o(.text.HAL_TIM_PeriodElapsedCallback)
    HAL_TIM_TriggerCallback                  0x08003ee9   Thumb Code     2  stm32f4xx_hal_tim.o(.text.HAL_TIM_TriggerCallback)
    HAL_UARTEx_RxEventCallback               0x08003eed   Thumb Code     2  stm32f4xx_hal_uart.o(.text.HAL_UARTEx_RxEventCallback)
    HAL_UART_DeInit                          0x08003ef1   Thumb Code    54  stm32f4xx_hal_uart.o(.text.HAL_UART_DeInit)
    HAL_UART_ErrorCallback                   0x08003f29   Thumb Code    44  drvuart.o(.text.HAL_UART_ErrorCallback)
    HAL_UART_IRQHandler                      0x08003f55   Thumb Code   750  stm32f4xx_hal_uart.o(.text.HAL_UART_IRQHandler)
    HAL_UART_Init                            0x08004245   Thumb Code    94  stm32f4xx_hal_uart.o(.text.HAL_UART_Init)
    HAL_UART_MspDeInit                       0x080042a5   Thumb Code    54  stm32f4xx_hal_msp.o(.text.HAL_UART_MspDeInit)
    HAL_UART_MspInit                         0x080042dd   Thumb Code   132  stm32f4xx_hal_msp.o(.text.HAL_UART_MspInit)
    HAL_UART_Receive_IT                      0x08004361   Thumb Code    86  stm32f4xx_hal_uart.o(.text.HAL_UART_Receive_IT)
    HAL_UART_RxCpltCallback                  0x080043b9   Thumb Code    90  drvuart.o(.text.HAL_UART_RxCpltCallback)
    HAL_UART_Transmit_IT                     0x08004415   Thumb Code    68  stm32f4xx_hal_uart.o(.text.HAL_UART_Transmit_IT)
    HAL_UART_TxCpltCallback                  0x08004459   Thumb Code    14  drvuart.o(.text.HAL_UART_TxCpltCallback)
    HardFault_Handler                        0x08004469   Thumb Code     2  stm32f4xx_it.o(.text.HardFault_Handler)
    IMGH_FindImage                           0x0800446d   Thumb Code    58  fwuimagesinfohandler.o(.text.IMGH_FindImage)
    IMGH_InitFWUImagesInfo                   0x080044a9   Thumb Code   252  fwuimagesinfohandler.o(.text.IMGH_InitFWUImagesInfo)
    IntF_EraseSectorsUnsafe                  0x080045c1   Thumb Code    36  drvinternalflash.o(.text.IntF_EraseSectorsUnsafe)
    IntF_ReadFromInternalFlash               0x080045e5   Thumb Code    20  drvinternalflash.o(.text.IntF_ReadFromInternalFlash)
    IntF_WriteToInternalFlashUnsafe          0x080045f9   Thumb Code    58  drvinternalflash.o(.text.IntF_WriteToInternalFlashUnsafe)
    MemManage_Handler                        0x08004635   Thumb Code     2  stm32f4xx_it.o(.text.MemManage_Handler)
    NMI_Handler                              0x08004639   Thumb Code     2  stm32f4xx_it.o(.text.NMI_Handler)
    PendSV_Handler                           0x08004641   Thumb Code   100  port.o(.text.PendSV_Handler)
    SVC_Handler                              0x080046b1   Thumb Code    36  port.o(.text.SVC_Handler)
    SysTick_Handler                          0x080046d5   Thumb Code    26  cmsis_os2.o(.text.SysTick_Handler)
    SystemClock_Config                       0x080046f1   Thumb Code   162  main.o(.text.SystemClock_Config)
    SystemInit                               0x08004795   Thumb Code    18  system_stm32f4xx.o(.text.SystemInit)
    TIM8_TRG_COM_TIM14_IRQHandler            0x080047a9   Thumb Code    16  stm32f4xx_it.o(.text.TIM8_TRG_COM_TIM14_IRQHandler)
    TIM_Base_SetConfig                       0x080047b9   Thumb Code   292  stm32f4xx_hal_tim.o(.text.TIM_Base_SetConfig)
    UART_GetCharFromRxBuffer                 0x080048ed   Thumb Code    20  drvuart.o(.text.UART_GetCharFromRxBuffer)
    UART_IsDataDataAvailable                 0x08004901   Thumb Code    24  drvuart.o(.text.UART_IsDataDataAvailable)
    UART_SendBuffer                          0x080049dd   Thumb Code   148  drvuart.o(.text.UART_SendBuffer)
    UART_StartCommunication                  0x08004b51   Thumb Code    64  drvuart.o(.text.UART_StartCommunication)
    USART3_IRQHandler                        0x08004b91   Thumb Code    16  stm32f4xx_it.o(.text.USART3_IRQHandler)
    UsageFault_Handler                       0x08004ba1   Thumb Code     2  stm32f4xx_it.o(.text.UsageFault_Handler)
    __user_perthread_libspace                0x08004bc9   Thumb Code    68  clib_arm.o(.text.__user_perthread_libspace)
    _mutex_acquire                           0x08004c0d   Thumb Code    26  clib_arm.o(.text._mutex_acquire)
    _mutex_free                              0x08004c29   Thumb Code    48  clib_arm.o(.text._mutex_free)
    _mutex_initialize                        0x08004c59   Thumb Code    90  clib_arm.o(.text._mutex_initialize)
    _mutex_release                           0x08004cb5   Thumb Code    28  clib_arm.o(.text._mutex_release)
    _platform_post_stackheap_init            0x08004cd1   Thumb Code    10  clib_arm.o(.text._platform_post_stackheap_init)
    _sys_close                               0x08004cdd   Thumb Code    22  retarget_io.o(.text._sys_close)
    _sys_flen                                0x08004cf5   Thumb Code    22  retarget_io.o(.text._sys_flen)
    _sys_istty                               0x08004d0d   Thumb Code    16  retarget_io.o(.text._sys_istty)
    _sys_open                                0x08004d1d   Thumb Code   100  retarget_io.o(.text._sys_open)
    _sys_read                                0x08004d81   Thumb Code    90  retarget_io.o(.text._sys_read)
    _sys_seek                                0x08004ddd   Thumb Code    24  retarget_io.o(.text._sys_seek)
    _sys_write                               0x08004df5   Thumb Code   158  retarget_io.o(.text._sys_write)
    _ttywrch                                 0x08004e95   Thumb Code     4  retarget_io.o(.text._ttywrch)
    com_InitComResponse                      0x08004e99   Thumb Code    70  communication.o(.text.com_InitComResponse)
    efs_close                                0x0800517d   Thumb Code     4  fs_config.o(.text.efs_close)
    efs_flen                                 0x08005181   Thumb Code     6  fs_config.o(.text.efs_flen)
    efs_flush                                0x08005189   Thumb Code     4  fs_config.o(.text.efs_flush)
    efs_handle_get                           0x0800518d   Thumb Code     6  fs_config.o(.text.efs_handle_get)
    efs_open                                 0x08005195   Thumb Code     4  fs_config.o(.text.efs_open)
    efs_read                                 0x08005199   Thumb Code     4  fs_config.o(.text.efs_read)
    efs_seek                                 0x0800519d   Thumb Code     4  fs_config.o(.text.efs_seek)
    efs_write                                0x080051a1   Thumb Code     6  fs_config.o(.text.efs_write)
    elink_cmd                                0x080051a9   Thumb Code     4  fs_config.o(.text.elink_cmd)
    elink_dir                                0x080051ad   Thumb Code     4  fs_config.o(.text.elink_dir)
    elink_insert                             0x080051b1   Thumb Code     4  fs_config.o(.text.elink_insert)
    elink_scan                               0x080051b5   Thumb Code     4  fs_config.o(.text.elink_scan)
    fputc                                    0x080051b9   Thumb Code    34  main.o(.text.fputc)
    fs_mutex_acquire                         0x080051dd   Thumb Code    18  fs_config.o(.text.fs_mutex_acquire)
    fs_mutex_release                         0x080051f1   Thumb Code    14  fs_config.o(.text.fs_mutex_release)
    main                                     0x08005201   Thumb Code   366  main.o(.text.main)
    osDelay                                  0x08005371   Thumb Code    58  cmsis_os2.o(.text.osDelay)
    osMutexAcquire                           0x080053ad   Thumb Code   106  cmsis_os2.o(.text.osMutexAcquire)
    osMutexRelease                           0x08005419   Thumb Code    86  cmsis_os2.o(.text.osMutexRelease)
    pvPortMalloc                             0x08005581   Thumb Code   454  heap_4.o(.text.pvPortMalloc)
    pvTaskIncrementMutexHeldCount            0x08005749   Thumb Code    24  tasks.o(.text.pvTaskIncrementMutexHeldCount)
    uxListRemove                             0x08005761   Thumb Code    36  list.o(.text.uxListRemove)
    vApplicationStackOverflowHook            0x08005785   Thumb Code     2  cmsis_os2.o(.text.vApplicationStackOverflowHook)
    vApplicationTickHook                     0x08005789   Thumb Code     2  cmsis_os2.o(.text.vApplicationTickHook)
    vListInitialise                          0x0800578d   Thumb Code    22  list.o(.text.vListInitialise)
    vListInsert                              0x080057a5   Thumb Code    58  list.o(.text.vListInsert)
    vPortEnterCritical                       0x080057e1   Thumb Code    32  port.o(.text.vPortEnterCritical)
    vPortExitCritical                        0x08005801   Thumb Code    26  port.o(.text.vPortExitCritical)
    vPortFree                                0x0800581d   Thumb Code   180  heap_4.o(.text.vPortFree)
    vQueueDelete                             0x080058d1   Thumb Code    26  queue.o(.text.vQueueDelete)
    vTaskDelay                               0x080058ed   Thumb Code   148  tasks.o(.text.vTaskDelay)
    vTaskInternalSetTimeOutState             0x08005981   Thumb Code    26  tasks.o(.text.vTaskInternalSetTimeOutState)
    vTaskMissedYield                         0x0800599d   Thumb Code    14  tasks.o(.text.vTaskMissedYield)
    vTaskPlaceOnEventList                    0x080059ad   Thumb Code    30  tasks.o(.text.vTaskPlaceOnEventList)
    vTaskPriorityDisinheritAfterTimeout      0x080059cd   Thumb Code   150  tasks.o(.text.vTaskPriorityDisinheritAfterTimeout)
    vTaskSuspendAll                          0x08005a65   Thumb Code    16  tasks.o(.text.vTaskSuspendAll)
    vTaskSwitchContext                       0x08005a75   Thumb Code   186  tasks.o(.text.vTaskSwitchContext)
    xPortSysTickHandler                      0x08005b31   Thumb Code    46  port.o(.text.xPortSysTickHandler)
    xQueueCreateMutex                        0x08005b61   Thumb Code   148  queue.o(.text.xQueueCreateMutex)
    xQueueCreateMutexStatic                  0x08005bf5   Thumb Code   134  queue.o(.text.xQueueCreateMutexStatic)
    xQueueGenericSend                        0x08005c7d   Thumb Code   432  queue.o(.text.xQueueGenericSend)
    xQueueGiveMutexRecursive                 0x08005e2d   Thumb Code    58  queue.o(.text.xQueueGiveMutexRecursive)
    xQueueSemaphoreTake                      0x08005e69   Thumb Code   390  queue.o(.text.xQueueSemaphoreTake)
    xQueueTakeMutexRecursive                 0x08005ff1   Thumb Code    58  queue.o(.text.xQueueTakeMutexRecursive)
    xTaskCheckForTimeOut                     0x0800602d   Thumb Code   104  tasks.o(.text.xTaskCheckForTimeOut)
    xTaskGetCurrentTaskHandle                0x08006095   Thumb Code    12  tasks.o(.text.xTaskGetCurrentTaskHandle)
    xTaskGetSchedulerState                   0x080060a1   Thumb Code    38  tasks.o(.text.xTaskGetSchedulerState)
    xTaskIncrementTick                       0x080060c9   Thumb Code   450  tasks.o(.text.xTaskIncrementTick)
    xTaskPriorityDisinherit                  0x0800628d   Thumb Code   136  tasks.o(.text.xTaskPriorityDisinherit)
    xTaskPriorityInherit                     0x08006315   Thumb Code   190  tasks.o(.text.xTaskPriorityInherit)
    xTaskRemoveFromEventList                 0x080063d5   Thumb Code   224  tasks.o(.text.xTaskRemoveFromEventList)
    xTaskResumeAll                           0x080064b5   Thumb Code   392  tasks.o(.text.xTaskResumeAll)
    __sys_close                              0x08006721   Thumb Code   114  fs_sys.o(i.__sys_close)
    __sys_ensure                             0x080067a1   Thumb Code   104  fs_sys.o(i.__sys_ensure)
    __sys_flen                               0x08006811   Thumb Code   116  fs_sys.o(i.__sys_flen)
    __sys_open                               0x08006891   Thumb Code   172  fs_sys.o(i.__sys_open)
    __sys_read                               0x08006949   Thumb Code   150  fs_sys.o(i.__sys_read)
    __sys_seek                               0x080069ed   Thumb Code   122  fs_sys.o(i.__sys_seek)
    __sys_write                              0x08006a75   Thumb Code   132  fs_sys.o(i.__sys_write)
    fat_close                                0x080071d9   Thumb Code   320  fs_fat.o(i.fat_close)
    fat_flen                                 0x08007355   Thumb Code    26  fs_fat.o(i.fat_flen)
    fat_flush                                0x08007375   Thumb Code    74  fs_fat.o(i.fat_flush)
    fat_handle_get                           0x080073c9   Thumb Code    66  fs_fat.o(i.fat_handle_get)
    fat_open                                 0x08007415   Thumb Code   556  fs_fat.o(i.fat_open)
    fat_read                                 0x0800764d   Thumb Code   304  fs_fat.o(i.fat_read)
    fat_seek                                 0x08007789   Thumb Code   552  fs_fat.o(i.fat_seek)
    fat_vol_chk                              0x080079bd   Thumb Code   212  fs_fat.o(i.fat_vol_chk)
    fat_write                                0x08007a91   Thumb Code   464  fs_fat.o(i.fat_write)
    fs_drive_id                              0x08008099   Thumb Code   188  fs_common.o(i.fs_drive_id)
    fs_get_time                              0x08008165   Thumb Code    26  fs_time.o(i.fs_get_time)
    fsj_write                                0x080081f1   Thumb Code   184  fs_journal.o(i.fsj_write)
    get_u16                                  0x0800830d   Thumb Code    16  fs_common.o(i.get_u16)
    get_u32                                  0x0800831d   Thumb Code    22  fs_common.o(i.get_u32)
    set_u16                                  0x08008b03   Thumb Code     8  fs_common.o(i.set_u16)
    set_u32                                  0x08008b0b   Thumb Code    16  fs_common.o(i.set_u32)
    _get_lc_ctype                            0x08008d05   Thumb Code    44  lc_ctype_c.o(locale$$code)
    _fp_init                                 0x08008d31   Thumb Code    26  fpinit.o(x$fpl$fpinit)
    __fplib_config_fpu_vfp                   0x08008d49   Thumb Code     0  fpinit.o(x$fpl$fpinit)
    __fplib_config_pureend_doubles           0x08008d49   Thumb Code     0  fpinit.o(x$fpl$fpinit)
    AHBPrescTable                            0x080091f8   Data          16  system_stm32f4xx.o(.rodata.AHBPrescTable)
    APBPrescTable                            0x08009208   Data           8  system_stm32f4xx.o(.rodata.APBPrescTable)
    EventRecorderInfo                        0x08009210   Data          24  eventrecorder.o(.rodata.EventRecorderInfo)
    __stderr_name                            0x08009228   Data           8  retarget_io.o(.rodata.__stderr_name)
    __stdin_name                             0x08009230   Data           7  retarget_io.o(.rodata.__stdin_name)
    __stdout_name                            0x08009237   Data           8  retarget_io.o(.rodata.__stdout_name)
    fs_DevPool                               0x08009240   Data           8  fs_config.o(.rodata.fs_DevPool)
    fs_fat_fh_cnt                            0x08009248   Data           1  fs_config.o(.rodata.fs_fat_fh_cnt)
    fs_ndrv                                  0x08009249   Data           1  fs_config.o(.rodata.fs_ndrv)
    g_bootModeCommands                       0x0800924c   Data          24  communication.o(.rodata.g_bootModeCommands)
    Region$$Table$$Base                      0x0800928c   Number         0  anon$$obj.o(Region$$Table)
    Region$$Table$$Limit                     0x080092ac   Number         0  anon$$obj.o(Region$$Table)
    __ctype                                  0x080092b9   Data           0  lc_ctype_c.o(locale$$data)
    __aeabi_stdin                            0x20000004   Data           4  stdio_streams.o(.data)
    __aeabi_stdout                           0x20000008   Data           4  stdio_streams.o(.data)
    __aeabi_stderr                           0x2000000c   Data           4  stdio_streams.o(.data)
    _stream_list_lock                        0x20000010   Data           4  streamlock.o(.data)
    ITM_RxBuffer                             0x20000014   Data           4  retarget_io.o(.data.ITM_RxBuffer)
    SystemCoreClock                          0x20000018   Data           4  system_stm32f4xx.o(.data.SystemCoreClock)
    g_siBootInfo                             0x2000001c   Data          24  main.o(.data.g_siBootInfo)
    tx_restart                               0x20000034   Data           4  drvuart.o(.data.tx_restart)
    uart_transmit_done                       0x20000038   Data           1  drvuart.o(.data.uart_transmit_done)
    uwTickFreq                               0x20000039   Data           1  stm32f4xx_hal.o(.data.uwTickFreq)
    uwTickPrio                               0x2000003c   Data           4  stm32f4xx_hal.o(.data.uwTickPrio)
    __stdin                                  0x20000080   Data          84  stdio_streams.o(.bss)
    __stdout                                 0x200000d4   Data          84  stdio_streams.o(.bss)
    __stderr                                 0x20000128   Data          84  stdio_streams.o(.bss)
    __libspace_start                         0x2000017c   Data          96  libspace.o(.bss)
    __temporary_stack_top$libspace           0x200001dc   Data           0  libspace.o(.bss)
    COM_flgCommandWasRecevied                0x200002bc   Data           1  communication.o(.bss.COM_flgCommandWasRecevied)
    TransmitBuffer                           0x200002c6   Data         255  communication.o(.bss.TransmitBuffer)
    com_ParsingStep                          0x2000056c   Data           1  communication.o(.bss.com_ParsingStep)
    com_ReceivTimeout                        0x2000056e   Data           2  communication.o(.bss.com_ReceivTimeout)
    com_ReceivedCheckSum                     0x20000570   Data           1  communication.o(.bss.com_ReceivedCheckSum)
    com_ReceivedCommand                      0x20000574   Data          60  communication.o(.bss.com_ReceivedCommand)
    com_ReceivedDataCounter                  0x200005b0   Data           2  communication.o(.bss.com_ReceivedDataCounter)
    com_TmpLenMsg                            0x200005b2   Data           1  communication.o(.bss.com_TmpLenMsg)
    fs_efs_fh                                0x200005b4   Data          28  fs_config.o(.bss.fs_efs_fh)
    fs_fat_fh                                0x200005d0   Data         144  fs_config.o(.bss.fs_fat_fh)
    hnand1                                   0x20000704   Data          64  main.o(.bss.hnand1)
    htim14                                   0x20000744   Data          72  main.o(.bss.htim14)
    huart3                                   0x2000078c   Data          68  main.o(.bss.huart3)
    new_receive_is_busy                      0x20000898   Data           1  drvuart.o(.bss.new_receive_is_busy)
    pFlash                                   0x20000f54   Data          32  stm32f4xx_hal_flash.o(.bss.pFlash)
    pxCurrentTCB                             0x20000f74   Data           4  tasks.o(.bss.pxCurrentTCB)
    rbuf                                     0x200013e4   Data         258  drvuart.o(.bss.rbuf)
    tbuf                                     0x200014e6   Data         260  drvuart.o(.bss.tbuf)
    uart_TempBuffer                          0x200015ea   Data          50  drvuart.o(.bss.uart_TempBuffer)
    uwTick                                   0x2000361c   Data           4  stm32f4xx_hal.o(.bss.uwTick)



==============================================================================

Memory Map of the image

  Image Entry point : 0x080001ad

  Load Region LR_IROM1 (Base: 0x08000000, Size: 0x00009440, Max: 0x00200000, ABSOLUTE)

    Execution Region ER_IROM1 (Exec base: 0x08000000, Load base: 0x08000000, Size: 0x000093bc, Max: 0x00200000, ABSOLUTE)

    Exec Addr    Load Addr    Size         Type   Attr      Idx    E Section Name        Object

    0x08000000   0x08000000   0x000001ac   Data   RO         1463    RESET               startup_stm32f429xx.o
    0x080001ac   0x080001ac   0x00000008   Code   RO         2924  * !!!main             c_w.l(__main.o)
    0x080001b4   0x080001b4   0x00000034   Code   RO         3258    !!!scatter          c_w.l(__scatter.o)
    0x080001e8   0x080001e8   0x0000001a   Code   RO         3260    !!handler_copy      c_w.l(__scatter_copy.o)
    0x08000202   0x08000202   0x00000002   PAD
    0x08000204   0x08000204   0x0000001c   Code   RO         3262    !!handler_zi        c_w.l(__scatter_zi.o)
    0x08000220   0x08000220   0x00000000   Code   RO         2867    .ARM.Collect$$_printf_percent$$00000000  c_w.l(_printf_percent.o)
    0x08000220   0x08000220   0x00000006   Code   RO         2866    .ARM.Collect$$_printf_percent$$00000009  c_w.l(_printf_d.o)
    0x08000226   0x08000226   0x00000006   Code   RO         2865    .ARM.Collect$$_printf_percent$$00000014  c_w.l(_printf_s.o)
    0x0800022c   0x0800022c   0x00000004   Code   RO         3004    .ARM.Collect$$_printf_percent$$00000017  c_w.l(_printf_percent_end.o)
    0x08000230   0x08000230   0x00000002   Code   RO         3203    .ARM.Collect$$libinit$$00000000  c_w.l(libinit.o)
    0x08000232   0x08000232   0x00000004   Code   RO         3078    .ARM.Collect$$libinit$$00000001  c_w.l(libinit2.o)
    0x08000236   0x08000236   0x00000000   Code   RO         3081    .ARM.Collect$$libinit$$00000004  c_w.l(libinit2.o)
    0x08000236   0x08000236   0x00000008   Code   RO         3082    .ARM.Collect$$libinit$$00000005  c_w.l(libinit2.o)
    0x0800023e   0x0800023e   0x00000000   Code   RO         3084    .ARM.Collect$$libinit$$0000000A  c_w.l(libinit2.o)
    0x0800023e   0x0800023e   0x00000000   Code   RO         3086    .ARM.Collect$$libinit$$0000000C  c_w.l(libinit2.o)
    0x0800023e   0x0800023e   0x00000000   Code   RO         3088    .ARM.Collect$$libinit$$0000000E  c_w.l(libinit2.o)
    0x0800023e   0x0800023e   0x00000006   Code   RO         3089    .ARM.Collect$$libinit$$0000000F  c_w.l(libinit2.o)
    0x08000244   0x08000244   0x00000000   Code   RO         3091    .ARM.Collect$$libinit$$00000011  c_w.l(libinit2.o)
    0x08000244   0x08000244   0x0000000c   Code   RO         3092    .ARM.Collect$$libinit$$00000012  c_w.l(libinit2.o)
    0x08000250   0x08000250   0x00000000   Code   RO         3093    .ARM.Collect$$libinit$$00000013  c_w.l(libinit2.o)
    0x08000250   0x08000250   0x00000000   Code   RO         3095    .ARM.Collect$$libinit$$00000015  c_w.l(libinit2.o)
    0x08000250   0x08000250   0x00000000   Code   RO         3097    .ARM.Collect$$libinit$$00000017  c_w.l(libinit2.o)
    0x08000250   0x08000250   0x00000000   Code   RO         3099    .ARM.Collect$$libinit$$00000019  c_w.l(libinit2.o)
    0x08000250   0x08000250   0x00000000   Code   RO         3101    .ARM.Collect$$libinit$$0000001B  c_w.l(libinit2.o)
    0x08000250   0x08000250   0x00000000   Code   RO         3103    .ARM.Collect$$libinit$$0000001D  c_w.l(libinit2.o)
    0x08000250   0x08000250   0x00000000   Code   RO         3105    .ARM.Collect$$libinit$$0000001F  c_w.l(libinit2.o)
    0x08000250   0x08000250   0x00000000   Code   RO         3107    .ARM.Collect$$libinit$$00000021  c_w.l(libinit2.o)
    0x08000250   0x08000250   0x00000000   Code   RO         3109    .ARM.Collect$$libinit$$00000023  c_w.l(libinit2.o)
    0x08000250   0x08000250   0x00000004   Code   RO         3110    .ARM.Collect$$libinit$$00000024  c_w.l(libinit2.o)
    0x08000254   0x08000254   0x00000000   Code   RO         3111    .ARM.Collect$$libinit$$00000025  c_w.l(libinit2.o)
    0x08000254   0x08000254   0x00000000   Code   RO         3115    .ARM.Collect$$libinit$$0000002C  c_w.l(libinit2.o)
    0x08000254   0x08000254   0x00000000   Code   RO         3117    .ARM.Collect$$libinit$$0000002E  c_w.l(libinit2.o)
    0x08000254   0x08000254   0x00000000   Code   RO         3119    .ARM.Collect$$libinit$$00000030  c_w.l(libinit2.o)
    0x08000254   0x08000254   0x00000000   Code   RO         3121    .ARM.Collect$$libinit$$00000032  c_w.l(libinit2.o)
    0x08000254   0x08000254   0x00000002   Code   RO         3122    .ARM.Collect$$libinit$$00000033  c_w.l(libinit2.o)
    0x08000256   0x08000256   0x00000002   Code   RO         3256    .ARM.Collect$$libshutdown$$00000000  c_w.l(libshutdown.o)
    0x08000258   0x08000258   0x00000000   Code   RO         3124    .ARM.Collect$$libshutdown$$00000002  c_w.l(libshutdown2.o)
    0x08000258   0x08000258   0x00000004   Code   RO         3125    .ARM.Collect$$libshutdown$$00000003  c_w.l(libshutdown2.o)
    0x0800025c   0x0800025c   0x00000000   Code   RO         3126    .ARM.Collect$$libshutdown$$00000004  c_w.l(libshutdown2.o)
    0x0800025c   0x0800025c   0x00000000   Code   RO         3129    .ARM.Collect$$libshutdown$$00000007  c_w.l(libshutdown2.o)
    0x0800025c   0x0800025c   0x00000000   Code   RO         3132    .ARM.Collect$$libshutdown$$0000000A  c_w.l(libshutdown2.o)
    0x0800025c   0x0800025c   0x00000000   Code   RO         3134    .ARM.Collect$$libshutdown$$0000000C  c_w.l(libshutdown2.o)
    0x0800025c   0x0800025c   0x00000004   Code   RO         3135    .ARM.Collect$$libshutdown$$0000000D  c_w.l(libshutdown2.o)
    0x08000260   0x08000260   0x00000000   Code   RO         3137    .ARM.Collect$$libshutdown$$0000000F  c_w.l(libshutdown2.o)
    0x08000260   0x08000260   0x00000002   Code   RO         3138    .ARM.Collect$$libshutdown$$00000010  c_w.l(libshutdown2.o)
    0x08000262   0x08000262   0x00000000   Code   RO         2929    .ARM.Collect$$rtentry$$00000000  c_w.l(__rtentry.o)
    0x08000262   0x08000262   0x00000000   Code   RO         3021    .ARM.Collect$$rtentry$$00000002  c_w.l(__rtentry2.o)
    0x08000262   0x08000262   0x00000006   Code   RO         3033    .ARM.Collect$$rtentry$$00000004  c_w.l(__rtentry4.o)
    0x08000268   0x08000268   0x00000008   Code   RO         3022    .ARM.Collect$$rtentry$$00000008  c_w.l(__rtentry2.o)
    0x08000270   0x08000270   0x00000004   Code   RO         3024    .ARM.Collect$$rtentry$$0000000A  c_w.l(__rtentry2.o)
    0x08000274   0x08000274   0x00000000   Code   RO         3026    .ARM.Collect$$rtentry$$0000000C  c_w.l(__rtentry2.o)
    0x08000274   0x08000274   0x00000008   Code   RO         3027    .ARM.Collect$$rtentry$$0000000D  c_w.l(__rtentry2.o)
    0x0800027c   0x0800027c   0x00000002   Code   RO         3213    .ARM.Collect$$rtexit$$00000000  c_w.l(rtexit.o)
    0x0800027e   0x0800027e   0x00000000   Code   RO         3230    .ARM.Collect$$rtexit$$00000002  c_w.l(rtexit2.o)
    0x0800027e   0x0800027e   0x00000004   Code   RO         3231    .ARM.Collect$$rtexit$$00000003  c_w.l(rtexit2.o)
    0x08000282   0x08000282   0x00000006   Code   RO         3232    .ARM.Collect$$rtexit$$00000004  c_w.l(rtexit2.o)
    0x08000288   0x08000288   0x00000040   Code   RO         1464    .text               startup_stm32f429xx.o
    0x080002c8   0x080002c8   0x00000004   Code   RO         2831    .text               c_w.l(rt_errno_addr_twolibspace.o)
    0x080002cc   0x080002cc   0x000000f0   Code   RO         2833    .text               c_w.l(lludivv7m.o)
    0x080003bc   0x080003bc   0x00000018   Code   RO         2837    .text               c_w.l(noretval__2printf.o)
    0x080003d4   0x080003d4   0x00000068   Code   RO         2839    .text               c_w.l(__printf.o)
    0x0800043c   0x0800043c   0x00000052   Code   RO         2841    .text               c_w.l(_printf_str.o)
    0x0800048e   0x0800048e   0x00000002   PAD
    0x08000490   0x08000490   0x00000078   Code   RO         2843    .text               c_w.l(_printf_dec.o)
    0x08000508   0x08000508   0x000000f8   Code   RO         2876    .text               c_w.l(fseek.o)
    0x08000600   0x08000600   0x00000032   Code   RO         2878    .text               c_w.l(fwrite.o)
    0x08000632   0x08000632   0x00000002   PAD
    0x08000634   0x08000634   0x0000002c   Code   RO         2880    .text               c_w.l(puts.o)
    0x08000660   0x08000660   0x0000004c   Code   RO         2890    .text               c_w.l(fclose.o)
    0x080006ac   0x080006ac   0x00000034   Code   RO         2892    .text               c_w.l(fclose_locked.o)
    0x080006e0   0x080006e0   0x0000002c   Code   RO         2894    .text               c_w.l(fseek_locked.o)
    0x0800070c   0x0800070c   0x0000001e   Code   RO         2896    .text               c_w.l(feof_locked.o)
    0x0800072a   0x0800072a   0x0000001e   Code   RO         2898    .text               c_w.l(ferror_locked.o)
    0x08000748   0x08000748   0x00000090   Code   RO         2900    .text               c_w.l(fflush_locked.o)
    0x080007d8   0x080007d8   0x0000014c   Code   RO         2902    .text               c_w.l(fopen_locked.o)
    0x08000924   0x08000924   0x00000032   Code   RO         2904    .text               c_w.l(strncasecmp.o)
    0x08000956   0x08000956   0x0000003e   Code   RO         2906    .text               c_w.l(strlen.o)
    0x08000994   0x08000994   0x0000008a   Code   RO         2908    .text               c_w.l(rt_memcpy_v6.o)
    0x08000a1e   0x08000a1e   0x00000064   Code   RO         2910    .text               c_w.l(rt_memcpy_w.o)
    0x08000a82   0x08000a82   0x00000044   Code   RO         2916    .text               c_w.l(rt_memclr.o)
    0x08000ac6   0x08000ac6   0x0000004e   Code   RO         2918    .text               c_w.l(rt_memclr_w.o)
    0x08000b14   0x08000b14   0x00000004   PAD
    0x08000b18   0x08000b18   0x0000007c   Code   RO         2920    .text               c_w.l(strcmpv7em.o)
    0x08000b94   0x08000b94   0x00000006   Code   RO         2922    .text               c_w.l(heapauxi.o)
    0x08000b9a   0x08000b9a   0x00000002   PAD
    0x08000b9c   0x08000b9c   0x00000008   Code   RO         2926    .text               c_w.l(libspace.o)
    0x08000ba4   0x08000ba4   0x000000a6   Code   RO         2942    .text               c_w.l(h1_alloc_threads.o)
    0x08000c4a   0x08000c4a   0x00000076   Code   RO         2944    .text               c_w.l(h1_free_threads.o)
    0x08000cc0   0x08000cc0   0x0000001a   Code   RO         2996    .text               c_w.l(tolower.o)
    0x08000cda   0x08000cda   0x000000b2   Code   RO         2998    .text               c_w.l(_printf_intcommon.o)
    0x08000d8c   0x08000d8c   0x0000002c   Code   RO         3000    .text               c_w.l(_printf_char.o)
    0x08000db8   0x08000db8   0x00000024   Code   RO         3002    .text               c_w.l(_printf_char_file.o)
    0x08000ddc   0x08000ddc   0x00000042   Code   RO         3009    .text               c_w.l(ftell.o)
    0x08000e1e   0x08000e1e   0x00000002   PAD
    0x08000e20   0x08000e20   0x000000f0   Code   RO         3011    .text               c_w.l(stdio.o)
    0x08000f10   0x08000f10   0x000001c8   Code   RO         3018    .text               c_w.l(initio_locked.o)
    0x080010d8   0x080010d8   0x00000010   Code   RO         3035    .text               c_w.l(rt_ctype_table.o)
    0x080010e8   0x080010e8   0x0000000a   Code   RO         3044    .text               c_w.l(rt_heap_descriptor_twolibspace.o)
    0x080010f2   0x080010f2   0x00000004   Code   RO         3046    .text               c_w.l(hguard.o)
    0x080010f6   0x080010f6   0x0000008a   Code   RO         3048    .text               c_w.l(init_alloc.o)
    0x08001180   0x08001180   0x00000012   Code   RO         3054    .text               c_w.l(h1_init_threads.o)
    0x08001192   0x08001192   0x00000002   PAD
    0x08001194   0x08001194   0x00000030   Code   RO         3064    .text               c_w.l(_printf_char_common.o)
    0x080011c4   0x080011c4   0x0000023a   Code   RO         3066    .text               c_w.l(filbuf.o)
    0x080013fe   0x080013fe   0x00000068   Code   RO         3070    .text               c_w.l(setvbuf_locked.o)
    0x08001466   0x08001466   0x0000000e   Code   RO         3072    .text               c_w.l(defsig_rtred_outer.o)
    0x08001474   0x08001474   0x0000004a   Code   RO         3145    .text               c_w.l(sys_stackheap_outer.o)
    0x080014be   0x080014be   0x0000000a   Code   RO         3154    .text               c_w.l(rt_locale_twolibspace.o)
    0x080014c8   0x080014c8   0x00000000   Code   RO         3159    .text               c_w.l(maybetermalloc2.o)
    0x080014c8   0x080014c8   0x00000052   Code   RO         3162    .text               c_w.l(h1_extend_threads.o)
    0x0800151a   0x0800151a   0x00000132   Code   RO         3172    .text               c_w.l(freadfast_locked.o)
    0x0800164c   0x0800164c   0x0000005c   Code   RO         3176    .text               c_w.l(flushlinebuffered_locked.o)
    0x080016a8   0x080016a8   0x00000012   Code   RO         3181    .text               c_w.l(exit.o)
    0x080016ba   0x080016ba   0x0000000a   Code   RO         3183    .text               c_w.l(defsig_exit.o)
    0x080016c4   0x080016c4   0x00000034   Code   RO         3189    .text               c_w.l(defsig_rtred_inner.o)
    0x080016f8   0x080016f8   0x0000000e   Code   RO         3191    .text               c_w.l(defsig_rtmem_outer.o)
    0x08001706   0x08001706   0x00000002   PAD
    0x08001708   0x08001708   0x0000000c   Code   RO         3206    .text               c_w.l(sys_exit.o)
    0x08001714   0x08001714   0x00000002   Code   RO         3210    .text               c_w.l(use_no_semi.o)
    0x08001716   0x08001716   0x00000000   Code   RO         3212    .text               c_w.l(indicate_semi.o)
    0x08001716   0x08001716   0x00000010   Code   RO         3215    .text               c_w.l(term_alloc.o)
    0x08001726   0x08001726   0x00000032   Code   RO         3219    .text               c_w.l(defsig_general.o)
    0x08001758   0x08001758   0x00000050   Code   RO         3223    .text               c_w.l(defsig_rtmem_inner.o)
    0x080017a8   0x080017a8   0x0000000a   Code   RO         3238    .text               c_w.l(h1_final_threads.o)
    0x080017b2   0x080017b2   0x00000002   PAD
    0x080017b4   0x080017b4   0x00000018   Code   RO         1569    .text.$Sub$$fflush  fs_config.o
    0x080017cc   0x080017cc   0x0000005a   Code   RO          190    .text.BL_JumpToApplication  boot_loader.o
    0x08001826   0x08001826   0x00000002   PAD
    0x08001828   0x08001828   0x000000de   Code   RO          192    .text.BL_LoadImageToInetnalFlash  boot_loader.o
    0x08001906   0x08001906   0x00000002   PAD
    0x08001908   0x08001908   0x00000002   Code   RO           31    .text.BusFault_Handler  stm32f4xx_it.o
    0x0800190a   0x0800190a   0x00000002   PAD
    0x0800190c   0x0800190c   0x00000018   Code   RO          205    .text.CF_CalcBufferSum  commonfunctions.o
    0x08001924   0x08001924   0x00000008   Code   RO          203    .text.CF_Min        commonfunctions.o
    0x0800192c   0x0800192c   0x0000001a   Code   RO          168    .text.CNT_SecondsCntrGet  counters.o
    0x08001946   0x08001946   0x00000002   PAD
    0x08001948   0x08001948   0x00000024   Code   RO          162    .text.CNT_SecondsCntrStart  counters.o
    0x0800196c   0x0800196c   0x0000016c   Code   RO          126    .text.COM_CommunicationManagement  communication.o
    0x08001ad8   0x08001ad8   0x000000f4   Code   RO          128    .text.COM_ParseData  communication.o
    0x08001bcc   0x08001bcc   0x00000048   Code   RO          104    .text.DAT_EraseFile  drvnand.o
    0x08001c14   0x08001c14   0x0000026c   Code   RO           98    .text.DAT_ReadBuffer  drvnand.o
    0x08001e80   0x08001e80   0x00000240   Code   RO          102    .text.DAT_WriteBuffer  drvnand.o
    0x080020c0   0x080020c0   0x00000002   Code   RO           35    .text.DebugMon_Handler  stm32f4xx_it.o
    0x080020c2   0x080020c2   0x00000002   PAD
    0x080020c4   0x080020c4   0x00000172   Code   RO          521    .text.EventRecord2  eventrecorder.o
    0x08002236   0x08002236   0x00000002   PAD
    0x08002238   0x08002238   0x00000292   Code   RO          523    .text.EventRecord4  eventrecorder.o
    0x080024ca   0x080024ca   0x00000002   PAD
    0x080024cc   0x080024cc   0x000005fa   Code   RO          519    .text.EventRecordData  eventrecorder.o
    0x08002ac6   0x08002ac6   0x00000002   PAD
    0x08002ac8   0x08002ac8   0x0000000c   Code   RO          505    .text.EventRecorderTimerGetCount  eventrecorder.o
    0x08002ad4   0x08002ad4   0x00000014   Code   RO         1849    .text.EvrFreeRTOSHeap_Free  freertos_evr.o
    0x08002ae8   0x08002ae8   0x00000010   Code   RO         1847    .text.EvrFreeRTOSHeap_Malloc  freertos_evr.o
    0x08002af8   0x08002af8   0x00000014   Code   RO         1781    .text.EvrFreeRTOSQueue_BlockingOnQueueReceive  freertos_evr.o
    0x08002b0c   0x08002b0c   0x00000014   Code   RO         1783    .text.EvrFreeRTOSQueue_BlockingOnQueueSend  freertos_evr.o
    0x08002b20   0x08002b20   0x00000014   Code   RO         1737    .text.EvrFreeRTOSQueue_CreateMutex  freertos_evr.o
    0x08002b34   0x08002b34   0x00000010   Code   RO         1739    .text.EvrFreeRTOSQueue_CreateMutexFailed  freertos_evr.o
    0x08002b44   0x08002b44   0x00000014   Code   RO         1741    .text.EvrFreeRTOSQueue_GiveMutexRecursive  freertos_evr.o
    0x08002b58   0x08002b58   0x00000010   Code   RO         1743    .text.EvrFreeRTOSQueue_GiveMutexRecursiveFailed  freertos_evr.o
    0x08002b68   0x08002b68   0x00000014   Code   RO         1733    .text.EvrFreeRTOSQueue_QueueCreate  freertos_evr.o
    0x08002b7c   0x08002b7c   0x00000010   Code   RO         1735    .text.EvrFreeRTOSQueue_QueueCreateFailed  freertos_evr.o
    0x08002b8c   0x08002b8c   0x00000014   Code   RO         1777    .text.EvrFreeRTOSQueue_QueueDelete  freertos_evr.o
    0x08002ba0   0x08002ba0   0x00000014   Code   RO         1757    .text.EvrFreeRTOSQueue_QueueReceive  freertos_evr.o
    0x08002bb4   0x08002bb4   0x00000010   Code   RO         1765    .text.EvrFreeRTOSQueue_QueueReceiveFailed  freertos_evr.o
    0x08002bc4   0x08002bc4   0x00000014   Code   RO         1753    .text.EvrFreeRTOSQueue_QueueSend  freertos_evr.o
    0x08002bd8   0x08002bd8   0x00000010   Code   RO         1755    .text.EvrFreeRTOSQueue_QueueSendFailed  freertos_evr.o
    0x08002be8   0x08002be8   0x00000014   Code   RO         1745    .text.EvrFreeRTOSQueue_TakeMutexRecursive  freertos_evr.o
    0x08002bfc   0x08002bfc   0x00000010   Code   RO         1747    .text.EvrFreeRTOSQueue_TakeMutexRecursiveFailed  freertos_evr.o
    0x08002c0c   0x08002c0c   0x00000030   Code   RO         1679    .text.EvrFreeRTOSSetup  freertos_evr.o
    0x08002c3c   0x08002c3c   0x00000014   Code   RO         1711    .text.EvrFreeRTOSTasks_MovedTaskToReadyState  freertos_evr.o
    0x08002c50   0x08002c50   0x00000014   Code   RO         1713    .text.EvrFreeRTOSTasks_PostMovedTaskToReadyState  freertos_evr.o
    0x08002c64   0x08002c64   0x00000014   Code   RO         1689    .text.EvrFreeRTOSTasks_TaskDelay  freertos_evr.o
    0x08002c78   0x08002c78   0x00000014   Code   RO         1699    .text.EvrFreeRTOSTasks_TaskIncrementTick  freertos_evr.o
    0x08002c8c   0x08002c8c   0x00000014   Code   RO         1709    .text.EvrFreeRTOSTasks_TaskPriorityDisinherit  freertos_evr.o
    0x08002ca0   0x08002ca0   0x00000014   Code   RO         1707    .text.EvrFreeRTOSTasks_TaskPriorityInherit  freertos_evr.o
    0x08002cb4   0x08002cb4   0x00000014   Code   RO         1705    .text.EvrFreeRTOSTasks_TaskSwitchedIn  freertos_evr.o
    0x08002cc8   0x08002cc8   0x00000014   Code   RO         1703    .text.EvrFreeRTOSTasks_TaskSwitchedOut  freertos_evr.o
    0x08002cdc   0x08002cdc   0x000000fa   Code   RO         1488    .text.FLASH_WaitForLastOperation  stm32f4xx_hal_flash.o
    0x08002dd6   0x08002dd6   0x00000002   PAD
    0x08002dd8   0x08002dd8   0x0000002a   Code   RO         1416    .text.FMC_NAND_AttributeSpace_Timing_Init  stm32f4xx_ll_fmc.o
    0x08002e02   0x08002e02   0x00000002   PAD
    0x08002e04   0x08002e04   0x0000002a   Code   RO         1414    .text.FMC_NAND_CommonSpace_Timing_Init  stm32f4xx_ll_fmc.o
    0x08002e2e   0x08002e2e   0x00000002   PAD
    0x08002e30   0x08002e30   0x0000003e   Code   RO         1412    .text.FMC_NAND_Init  stm32f4xx_ll_fmc.o
    0x08002e6e   0x08002e6e   0x00000002   PAD
    0x08002e70   0x08002e70   0x00000080   Code   RO          714    .text.HAL_DMA_Abort  stm32f4xx_hal_dma.o
    0x08002ef0   0x08002ef0   0x00000024   Code   RO          716    .text.HAL_DMA_Abort_IT  stm32f4xx_hal_dma.o
    0x08002f14   0x08002f14   0x00000028   Code   RO          611    .text.HAL_Delay     stm32f4xx_hal.o
    0x08002f3c   0x08002f3c   0x00000188   Code   RO         1519    .text.HAL_FLASHEx_Erase  stm32f4xx_hal_flash_ex.o
    0x080030c4   0x080030c4   0x00000014   Code   RO         1500    .text.HAL_FLASH_Lock  stm32f4xx_hal_flash.o
    0x080030d8   0x080030d8   0x0000010c   Code   RO         1486    .text.HAL_FLASH_Program  stm32f4xx_hal_flash.o
    0x080031e4   0x080031e4   0x0000002e   Code   RO         1498    .text.HAL_FLASH_Unlock  stm32f4xx_hal_flash.o
    0x08003212   0x08003212   0x00000002   PAD
    0x08003214   0x08003214   0x00000106   Code   RO          755    .text.HAL_GPIO_DeInit  stm32f4xx_hal_gpio.o
    0x0800331a   0x0800331a   0x00000002   PAD
    0x0800331c   0x0800331c   0x0000019c   Code   RO          753    .text.HAL_GPIO_Init  stm32f4xx_hal_gpio.o
    0x080034b8   0x080034b8   0x0000000a   Code   RO          759    .text.HAL_GPIO_WritePin  stm32f4xx_hal_gpio.o
    0x080034c2   0x080034c2   0x00000002   PAD
    0x080034c4   0x080034c4   0x0000000c   Code   RO          603    .text.HAL_GetTick   stm32f4xx_hal.o
    0x080034d0   0x080034d0   0x0000002e   Code   RO          591    .text.HAL_Init      stm32f4xx_hal.o
    0x080034fe   0x080034fe   0x00000002   PAD
    0x08003500   0x08003500   0x00000050   Code   RO          593    .text.HAL_InitTick  stm32f4xx_hal.o
    0x08003550   0x08003550   0x00000002   Code   RO          599    .text.HAL_MspDeInit  stm32f4xx_hal.o
    0x08003552   0x08003552   0x00000002   PAD
    0x08003554   0x08003554   0x00000038   Code   RO          567    .text.HAL_MspInit   stm32f4xx_hal_msp.o
    0x0800358c   0x0800358c   0x0000005a   Code   RO          777    .text.HAL_NAND_Init  stm32f4xx_hal_nand.o
    0x080035e6   0x080035e6   0x00000002   PAD
    0x080035e8   0x080035e8   0x00000088   Code   RO          577    .text.HAL_NAND_MspInit  stm32f4xx_hal_msp.o
    0x08003670   0x08003670   0x00000028   Code   RO          666    .text.HAL_NVIC_DisableIRQ  stm32f4xx_hal_cortex.o
    0x08003698   0x08003698   0x00000020   Code   RO          664    .text.HAL_NVIC_EnableIRQ  stm32f4xx_hal_cortex.o
    0x080036b8   0x080036b8   0x00000056   Code   RO          662    .text.HAL_NVIC_SetPriority  stm32f4xx_hal_cortex.o
    0x0800370e   0x0800370e   0x00000002   PAD
    0x08003710   0x08003710   0x00000020   Code   RO          660    .text.HAL_NVIC_SetPriorityGrouping  stm32f4xx_hal_cortex.o
    0x08003730   0x08003730   0x00000004   Code   RO          668    .text.HAL_NVIC_SystemReset  stm32f4xx_hal_cortex.o
    0x08003734   0x08003734   0x00000160   Code   RO          905    .text.HAL_RCC_ClockConfig  stm32f4xx_hal_rcc.o
    0x08003894   0x08003894   0x00000026   Code   RO          917    .text.HAL_RCC_GetPCLK1Freq  stm32f4xx_hal_rcc.o
    0x080038ba   0x080038ba   0x00000002   PAD
    0x080038bc   0x080038bc   0x00000026   Code   RO          919    .text.HAL_RCC_GetPCLK2Freq  stm32f4xx_hal_rcc.o
    0x080038e2   0x080038e2   0x00000002   PAD
    0x080038e4   0x080038e4   0x00000068   Code   RO          907    .text.HAL_RCC_GetSysClockFreq  stm32f4xx_hal_rcc.o
    0x0800394c   0x0800394c   0x00000348   Code   RO          903    .text.HAL_RCC_OscConfig  stm32f4xx_hal_rcc.o
    0x08003c94   0x08003c94   0x0000002c   Code   RO          672    .text.HAL_SYSTICK_Config  stm32f4xx_hal_cortex.o
    0x08003cc0   0x08003cc0   0x00000002   Code   RO         1266    .text.HAL_TIMEx_BreakCallback  stm32f4xx_hal_tim_ex.o
    0x08003cc2   0x08003cc2   0x00000002   PAD
    0x08003cc4   0x08003cc4   0x00000002   Code   RO         1262    .text.HAL_TIMEx_CommutCallback  stm32f4xx_hal_tim_ex.o
    0x08003cc6   0x08003cc6   0x00000002   PAD
    0x08003cc8   0x08003cc8   0x0000005a   Code   RO          961    .text.HAL_TIM_Base_Init  stm32f4xx_hal_tim.o
    0x08003d22   0x08003d22   0x00000002   PAD
    0x08003d24   0x08003d24   0x00000048   Code   RO          569    .text.HAL_TIM_Base_MspInit  stm32f4xx_hal_msp.o
    0x08003d6c   0x08003d6c   0x00000002   Code   RO         1097    .text.HAL_TIM_IC_CaptureCallback  stm32f4xx_hal_tim.o
    0x08003d6e   0x08003d6e   0x00000002   PAD
    0x08003d70   0x08003d70   0x0000016a   Code   RO         1095    .text.HAL_TIM_IRQHandler  stm32f4xx_hal_tim.o
    0x08003eda   0x08003eda   0x00000002   PAD
    0x08003edc   0x08003edc   0x00000002   Code   RO         1099    .text.HAL_TIM_OC_DelayElapsedCallback  stm32f4xx_hal_tim.o
    0x08003ede   0x08003ede   0x00000002   PAD
    0x08003ee0   0x08003ee0   0x00000002   Code   RO         1101    .text.HAL_TIM_PWM_PulseFinishedCallback  stm32f4xx_hal_tim.o
    0x08003ee2   0x08003ee2   0x00000002   PAD
    0x08003ee4   0x08003ee4   0x00000002   Code   RO         1103    .text.HAL_TIM_PeriodElapsedCallback  stm32f4xx_hal_tim.o
    0x08003ee6   0x08003ee6   0x00000002   PAD
    0x08003ee8   0x08003ee8   0x00000002   Code   RO         1105    .text.HAL_TIM_TriggerCallback  stm32f4xx_hal_tim.o
    0x08003eea   0x08003eea   0x00000002   PAD
    0x08003eec   0x08003eec   0x00000002   Code   RO         1364    .text.HAL_UARTEx_RxEventCallback  stm32f4xx_hal_uart.o
    0x08003eee   0x08003eee   0x00000002   PAD
    0x08003ef0   0x08003ef0   0x00000036   Code   RO         1292    .text.HAL_UART_DeInit  stm32f4xx_hal_uart.o
    0x08003f26   0x08003f26   0x00000002   PAD
    0x08003f28   0x08003f28   0x0000002c   Code   RO           62    .text.HAL_UART_ErrorCallback  drvuart.o
    0x08003f54   0x08003f54   0x000002ee   Code   RO         1356    .text.HAL_UART_IRQHandler  stm32f4xx_hal_uart.o
    0x08004242   0x08004242   0x00000002   PAD
    0x08004244   0x08004244   0x0000005e   Code   RO         1280    .text.HAL_UART_Init  stm32f4xx_hal_uart.o
    0x080042a2   0x080042a2   0x00000002   PAD
    0x080042a4   0x080042a4   0x00000036   Code   RO          575    .text.HAL_UART_MspDeInit  stm32f4xx_hal_msp.o
    0x080042da   0x080042da   0x00000002   PAD
    0x080042dc   0x080042dc   0x00000084   Code   RO          573    .text.HAL_UART_MspInit  stm32f4xx_hal_msp.o
    0x08004360   0x08004360   0x00000056   Code   RO         1302    .text.HAL_UART_Receive_IT  stm32f4xx_hal_uart.o
    0x080043b6   0x080043b6   0x00000002   PAD
    0x080043b8   0x080043b8   0x0000005a   Code   RO           58    .text.HAL_UART_RxCpltCallback  drvuart.o
    0x08004412   0x08004412   0x00000002   PAD
    0x08004414   0x08004414   0x00000044   Code   RO         1300    .text.HAL_UART_Transmit_IT  stm32f4xx_hal_uart.o
    0x08004458   0x08004458   0x0000000e   Code   RO           60    .text.HAL_UART_TxCpltCallback  drvuart.o
    0x08004466   0x08004466   0x00000002   PAD
    0x08004468   0x08004468   0x00000002   Code   RO           27    .text.HardFault_Handler  stm32f4xx_it.o
    0x0800446a   0x0800446a   0x00000002   PAD
    0x0800446c   0x0800446c   0x0000003a   Code   RO          223    .text.IMGH_FindImage  fwuimagesinfohandler.o
    0x080044a6   0x080044a6   0x00000002   PAD
    0x080044a8   0x080044a8   0x00000118   Code   RO          215    .text.IMGH_InitFWUImagesInfo  fwuimagesinfohandler.o
    0x080045c0   0x080045c0   0x00000024   Code   RO           80    .text.IntF_EraseSectorsUnsafe  drvinternalflash.o
    0x080045e4   0x080045e4   0x00000014   Code   RO           88    .text.IntF_ReadFromInternalFlash  drvinternalflash.o
    0x080045f8   0x080045f8   0x0000003a   Code   RO           84    .text.IntF_WriteToInternalFlashUnsafe  drvinternalflash.o
    0x08004632   0x08004632   0x00000002   PAD
    0x08004634   0x08004634   0x00000002   Code   RO           29    .text.MemManage_Handler  stm32f4xx_it.o
    0x08004636   0x08004636   0x00000002   PAD
    0x08004638   0x08004638   0x00000002   Code   RO           25    .text.NMI_Handler   stm32f4xx_it.o
    0x0800463a   0x0800463a   0x00000006   PAD
    0x08004640   0x08004640   0x00000064   Code   RO         1934    .text.PendSV_Handler  port.o
    0x080046a4   0x080046a4   0x0000000c   PAD
    0x080046b0   0x080046b0   0x00000024   Code   RO         1918    .text.SVC_Handler   port.o
    0x080046d4   0x080046d4   0x0000001a   Code   RO          260    .text.SysTick_Handler  cmsis_os2.o
    0x080046ee   0x080046ee   0x00000002   PAD
    0x080046f0   0x080046f0   0x000000a2   Code   RO            4    .text.SystemClock_Config  main.o
    0x08004792   0x08004792   0x00000002   PAD
    0x08004794   0x08004794   0x00000012   Code   RO         1471    .text.SystemInit    system_stm32f4xx.o
    0x080047a6   0x080047a6   0x00000002   PAD
    0x080047a8   0x080047a8   0x00000010   Code   RO           39    .text.TIM8_TRG_COM_TIM14_IRQHandler  stm32f4xx_it.o
    0x080047b8   0x080047b8   0x00000124   Code   RO          965    .text.TIM_Base_SetConfig  stm32f4xx_hal_tim.o
    0x080048dc   0x080048dc   0x00000010   Code   RO         1360    .text.UART_DMAAbortOnError  stm32f4xx_hal_uart.o
    0x080048ec   0x080048ec   0x00000014   Code   RO           48    .text.UART_GetCharFromRxBuffer  drvuart.o
    0x08004900   0x08004900   0x00000018   Code   RO           54    .text.UART_IsDataDataAvailable  drvuart.o
    0x08004918   0x08004918   0x000000c4   Code   RO         1358    .text.UART_Receive_IT  stm32f4xx_hal_uart.o
    0x080049dc   0x080049dc   0x00000094   Code   RO           52    .text.UART_SendBuffer  drvuart.o
    0x08004a70   0x08004a70   0x000000de   Code   RO         1284    .text.UART_SetConfig  stm32f4xx_hal_uart.o
    0x08004b4e   0x08004b4e   0x00000002   PAD
    0x08004b50   0x08004b50   0x00000040   Code   RO           56    .text.UART_StartCommunication  drvuart.o
    0x08004b90   0x08004b90   0x00000010   Code   RO           37    .text.USART3_IRQHandler  stm32f4xx_it.o
    0x08004ba0   0x08004ba0   0x00000002   Code   RO           33    .text.UsageFault_Handler  stm32f4xx_it.o
    0x08004ba2   0x08004ba2   0x00000002   PAD
    0x08004ba4   0x08004ba4   0x00000024   Code   RO          670    .text.__NVIC_SystemReset  stm32f4xx_hal_cortex.o
    0x08004bc8   0x08004bc8   0x00000044   Code   RO          238    .text.__user_perthread_libspace  clib_arm.o
    0x08004c0c   0x08004c0c   0x0000001a   Code   RO          242    .text._mutex_acquire  clib_arm.o
    0x08004c26   0x08004c26   0x00000002   PAD
    0x08004c28   0x08004c28   0x00000030   Code   RO          246    .text._mutex_free   clib_arm.o
    0x08004c58   0x08004c58   0x0000005a   Code   RO          240    .text._mutex_initialize  clib_arm.o
    0x08004cb2   0x08004cb2   0x00000002   PAD
    0x08004cb4   0x08004cb4   0x0000001c   Code   RO          244    .text._mutex_release  clib_arm.o
    0x08004cd0   0x08004cd0   0x0000000a   Code   RO          236    .text._platform_post_stackheap_init  clib_arm.o
    0x08004cda   0x08004cda   0x00000002   PAD
    0x08004cdc   0x08004cdc   0x00000016   Code   RO          541    .text._sys_close    retarget_io.o
    0x08004cf2   0x08004cf2   0x00000002   PAD
    0x08004cf4   0x08004cf4   0x00000016   Code   RO          553    .text._sys_flen     retarget_io.o
    0x08004d0a   0x08004d0a   0x00000002   PAD
    0x08004d0c   0x08004d0c   0x00000010   Code   RO          549    .text._sys_istty    retarget_io.o
    0x08004d1c   0x08004d1c   0x00000064   Code   RO          539    .text._sys_open     retarget_io.o
    0x08004d80   0x08004d80   0x0000005a   Code   RO          545    .text._sys_read     retarget_io.o
    0x08004dda   0x08004dda   0x00000002   PAD
    0x08004ddc   0x08004ddc   0x00000018   Code   RO          551    .text._sys_seek     retarget_io.o
    0x08004df4   0x08004df4   0x0000009e   Code   RO          543    .text._sys_write    retarget_io.o
    0x08004e92   0x08004e92   0x00000002   PAD
    0x08004e94   0x08004e94   0x00000004   Code   RO          547    .text._ttywrch      retarget_io.o
    0x08004e98   0x08004e98   0x00000046   Code   RO          116    .text.com_InitComResponse  communication.o
    0x08004ede   0x08004ede   0x00000002   PAD
    0x08004ee0   0x08004ee0   0x000000fe   Code   RO          122    .text.com_PerformUpdate  communication.o
    0x08004fde   0x08004fde   0x00000002   PAD
    0x08004fe0   0x08004fe0   0x00000054   Code   RO          118    .text.com_ResetSI   communication.o
    0x08005034   0x08005034   0x000000ea   Code   RO          124    .text.com_RollbackToGolden  communication.o
    0x0800511e   0x0800511e   0x00000002   PAD
    0x08005120   0x08005120   0x0000005c   Code   RO          120    .text.com_StartProgram  communication.o
    0x0800517c   0x0800517c   0x00000004   Code   RO         1583    .text.efs_close     fs_config.o
    0x08005180   0x08005180   0x00000006   Code   RO         1591    .text.efs_flen      fs_config.o
    0x08005186   0x08005186   0x00000002   PAD
    0x08005188   0x08005188   0x00000004   Code   RO         1589    .text.efs_flush     fs_config.o
    0x0800518c   0x0800518c   0x00000006   Code   RO         1571    .text.efs_handle_get  fs_config.o
    0x08005192   0x08005192   0x00000002   PAD
    0x08005194   0x08005194   0x00000004   Code   RO         1581    .text.efs_open      fs_config.o
    0x08005198   0x08005198   0x00000004   Code   RO         1585    .text.efs_read      fs_config.o
    0x0800519c   0x0800519c   0x00000004   Code   RO         1593    .text.efs_seek      fs_config.o
    0x080051a0   0x080051a0   0x00000006   Code   RO         1587    .text.efs_write     fs_config.o
    0x080051a6   0x080051a6   0x00000002   PAD
    0x080051a8   0x080051a8   0x00000004   Code   RO         1617    .text.elink_cmd     fs_config.o
    0x080051ac   0x080051ac   0x00000004   Code   RO         1615    .text.elink_dir     fs_config.o
    0x080051b0   0x080051b0   0x00000004   Code   RO         1619    .text.elink_insert  fs_config.o
    0x080051b4   0x080051b4   0x00000004   Code   RO         1623    .text.elink_scan    fs_config.o
    0x080051b8   0x080051b8   0x00000022   Code   RO            8    .text.fputc         main.o
    0x080051da   0x080051da   0x00000002   PAD
    0x080051dc   0x080051dc   0x00000012   Code   RO         1551    .text.fs_mutex_acquire  fs_config.o
    0x080051ee   0x080051ee   0x00000002   PAD
    0x080051f0   0x080051f0   0x0000000e   Code   RO         1553    .text.fs_mutex_release  fs_config.o
    0x080051fe   0x080051fe   0x00000002   PAD
    0x08005200   0x08005200   0x0000016e   Code   RO            2    .text.main          main.o
    0x0800536e   0x0800536e   0x00000002   PAD
    0x08005370   0x08005370   0x0000003a   Code   RO          320    .text.osDelay       cmsis_os2.o
    0x080053aa   0x080053aa   0x00000002   PAD
    0x080053ac   0x080053ac   0x0000006a   Code   RO          352    .text.osMutexAcquire  cmsis_os2.o
    0x08005416   0x08005416   0x00000002   PAD
    0x08005418   0x08005418   0x00000056   Code   RO          354    .text.osMutexRelease  cmsis_os2.o
    0x0800546e   0x0800546e   0x00000002   PAD
    0x08005470   0x08005470   0x0000009c   Code   RO         2057    .text.prvAddCurrentTaskToDelayedList  tasks.o
    0x0800550c   0x0800550c   0x00000072   Code   RO         2003    .text.prvUnlockQueue  queue.o
    0x0800557e   0x0800557e   0x00000002   PAD
    0x08005580   0x08005580   0x000001c6   Code   RO         1947    .text.pvPortMalloc  heap_4.o
    0x08005746   0x08005746   0x00000002   PAD
    0x08005748   0x08005748   0x00000018   Code   RO         2137    .text.pvTaskIncrementMutexHeldCount  tasks.o
    0x08005760   0x08005760   0x00000024   Code   RO         1904    .text.uxListRemove  list.o
    0x08005784   0x08005784   0x00000002   Code   RO          410    .text.vApplicationStackOverflowHook  cmsis_os2.o
    0x08005786   0x08005786   0x00000002   PAD
    0x08005788   0x08005788   0x00000002   Code   RO          408    .text.vApplicationTickHook  cmsis_os2.o
    0x0800578a   0x0800578a   0x00000002   PAD
    0x0800578c   0x0800578c   0x00000016   Code   RO         1896    .text.vListInitialise  list.o
    0x080057a2   0x080057a2   0x00000002   PAD
    0x080057a4   0x080057a4   0x0000003a   Code   RO         1902    .text.vListInsert   list.o
    0x080057de   0x080057de   0x00000002   PAD
    0x080057e0   0x080057e0   0x00000020   Code   RO         1930    .text.vPortEnterCritical  port.o
    0x08005800   0x08005800   0x0000001a   Code   RO         1932    .text.vPortExitCritical  port.o
    0x0800581a   0x0800581a   0x00000002   PAD
    0x0800581c   0x0800581c   0x000000b4   Code   RO         1949    .text.vPortFree     heap_4.o
    0x080058d0   0x080058d0   0x0000001a   Code   RO         2023    .text.vQueueDelete  queue.o
    0x080058ea   0x080058ea   0x00000002   PAD
    0x080058ec   0x080058ec   0x00000094   Code   RO         2061    .text.vTaskDelay    tasks.o
    0x08005980   0x08005980   0x0000001a   Code   RO         2111    .text.vTaskInternalSetTimeOutState  tasks.o
    0x0800599a   0x0800599a   0x00000002   PAD
    0x0800599c   0x0800599c   0x0000000e   Code   RO         2115    .text.vTaskMissedYield  tasks.o
    0x080059aa   0x080059aa   0x00000002   PAD
    0x080059ac   0x080059ac   0x0000001e   Code   RO         2099    .text.vTaskPlaceOnEventList  tasks.o
    0x080059ca   0x080059ca   0x00000002   PAD
    0x080059cc   0x080059cc   0x00000096   Code   RO         2133    .text.vTaskPriorityDisinheritAfterTimeout  tasks.o
    0x08005a62   0x08005a62   0x00000002   PAD
    0x08005a64   0x08005a64   0x00000010   Code   RO         2055    .text.vTaskSuspendAll  tasks.o
    0x08005a74   0x08005a74   0x000000ba   Code   RO         2073    .text.vTaskSwitchContext  tasks.o
    0x08005b2e   0x08005b2e   0x00000002   PAD
    0x08005b30   0x08005b30   0x0000002e   Code   RO         1936    .text.xPortSysTickHandler  port.o
    0x08005b5e   0x08005b5e   0x00000002   PAD
    0x08005b60   0x08005b60   0x00000094   Code   RO         1983    .text.xQueueCreateMutex  queue.o
    0x08005bf4   0x08005bf4   0x00000086   Code   RO         1985    .text.xQueueCreateMutexStatic  queue.o
    0x08005c7a   0x08005c7a   0x00000002   PAD
    0x08005c7c   0x08005c7c   0x000001b0   Code   RO         1993    .text.xQueueGenericSend  queue.o
    0x08005e2c   0x08005e2c   0x0000003a   Code   RO         1991    .text.xQueueGiveMutexRecursive  queue.o
    0x08005e66   0x08005e66   0x00000002   PAD
    0x08005e68   0x08005e68   0x00000186   Code   RO         1997    .text.xQueueSemaphoreTake  queue.o
    0x08005fee   0x08005fee   0x00000002   PAD
    0x08005ff0   0x08005ff0   0x0000003a   Code   RO         1995    .text.xQueueTakeMutexRecursive  queue.o
    0x0800602a   0x0800602a   0x00000002   PAD
    0x0800602c   0x0800602c   0x00000068   Code   RO         2113    .text.xTaskCheckForTimeOut  tasks.o
    0x08006094   0x08006094   0x0000000c   Code   RO         2125    .text.xTaskGetCurrentTaskHandle  tasks.o
    0x080060a0   0x080060a0   0x00000026   Code   RO         2127    .text.xTaskGetSchedulerState  tasks.o
    0x080060c6   0x080060c6   0x00000002   PAD
    0x080060c8   0x080060c8   0x000001c2   Code   RO         2085    .text.xTaskIncrementTick  tasks.o
    0x0800628a   0x0800628a   0x00000002   PAD
    0x0800628c   0x0800628c   0x00000088   Code   RO         2131    .text.xTaskPriorityDisinherit  tasks.o
    0x08006314   0x08006314   0x000000be   Code   RO         2129    .text.xTaskPriorityInherit  tasks.o
    0x080063d2   0x080063d2   0x00000002   PAD
    0x080063d4   0x080063d4   0x000000e0   Code   RO         2105    .text.xTaskRemoveFromEventList  tasks.o
    0x080064b4   0x080064b4   0x00000188   Code   RO         2059    .text.xTaskResumeAll  tasks.o
    0x0800663c   0x0800663c   0x0000000c   Code   RO         2551    i.EvrFsFAT_FileHandleInvalid  FS_Dbg_LFN_CM3_L.lib(fs_fat.o)
    0x08006648   0x08006648   0x0000000c   Code   RO         2553    i.EvrFsFAT_InvalidParameter  FS_Dbg_LFN_CM3_L.lib(fs_fat.o)
    0x08006654   0x08006654   0x00000018   Code   RO         2554    i.EvrFsFAT_NameCacheEntryInsert  FS_Dbg_LFN_CM3_L.lib(fs_fat.o)
    0x0800666c   0x0800666c   0x00000010   Code   RO         2555    i.EvrFsFAT_PathName  FS_Dbg_LFN_CM3_L.lib(fs_fat.o)
    0x0800667c   0x0800667c   0x00000016   Code   RO         2556    i.EvrFsFAT_SectorReadFailed  FS_Dbg_LFN_CM3_L.lib(fs_fat.o)
    0x08006692   0x08006692   0x00000016   Code   RO         2557    i.EvrFsFAT_SectorWriteFailed  FS_Dbg_LFN_CM3_L.lib(fs_fat.o)
    0x080066a8   0x080066a8   0x00000078   Code   RO         2791    i.SetBuf            FS_Dbg_LFN_CM3_L.lib(fs_journal.o)
    0x08006720   0x08006720   0x00000080   Code   RO         2428    i.__sys_close       FS_Dbg_LFN_CM3_L.lib(fs_sys.o)
    0x080067a0   0x080067a0   0x00000070   Code   RO         2429    i.__sys_ensure      FS_Dbg_LFN_CM3_L.lib(fs_sys.o)
    0x08006810   0x08006810   0x00000080   Code   RO         2430    i.__sys_flen        FS_Dbg_LFN_CM3_L.lib(fs_sys.o)
    0x08006890   0x08006890   0x000000b8   Code   RO         2431    i.__sys_open        FS_Dbg_LFN_CM3_L.lib(fs_sys.o)
    0x08006948   0x08006948   0x000000a4   Code   RO         2432    i.__sys_read        FS_Dbg_LFN_CM3_L.lib(fs_sys.o)
    0x080069ec   0x080069ec   0x00000088   Code   RO         2433    i.__sys_seek        FS_Dbg_LFN_CM3_L.lib(fs_sys.o)
    0x08006a74   0x08006a74   0x00000090   Code   RO         2434    i.__sys_write       FS_Dbg_LFN_CM3_L.lib(fs_sys.o)
    0x08006b04   0x08006b04   0x00000076   Code   RO         2559    i.alloc_clus        FS_Dbg_LFN_CM3_L.lib(fs_fat.o)
    0x08006b7a   0x08006b7a   0x0000009a   Code   RO         2560    i.alloc_table_read  FS_Dbg_LFN_CM3_L.lib(fs_fat.o)
    0x08006c14   0x08006c14   0x000000dc   Code   RO         2561    i.alloc_table_write  FS_Dbg_LFN_CM3_L.lib(fs_fat.o)
    0x08006cf0   0x08006cf0   0x000000b8   Code   RO         2564    i.cache_fat         FS_Dbg_LFN_CM3_L.lib(fs_fat.o)
    0x08006da8   0x08006da8   0x00000060   Code   RO         2565    i.char_validate     FS_Dbg_LFN_CM3_L.lib(fs_fat.o)
    0x08006e08   0x08006e08   0x00000044   Code   RO         2566    i.clear_clus        FS_Dbg_LFN_CM3_L.lib(fs_fat.o)
    0x08006e4c   0x08006e4c   0x00000024   Code   RO         2567    i.clus_to_sect      FS_Dbg_LFN_CM3_L.lib(fs_fat.o)
    0x08006e70   0x08006e70   0x000000d4   Code   RO         2568    i.create_dot_entries  FS_Dbg_LFN_CM3_L.lib(fs_fat.o)
    0x08006f44   0x08006f44   0x000000e4   Code   RO         2569    i.create_lfn_entry  FS_Dbg_LFN_CM3_L.lib(fs_fat.o)
    0x08007028   0x08007028   0x0000008a   Code   RO         2570    i.create_sfn_entry  FS_Dbg_LFN_CM3_L.lib(fs_fat.o)
    0x080070b2   0x080070b2   0x00000038   Code   RO         2571    i.entry_flush       FS_Dbg_LFN_CM3_L.lib(fs_fat.o)
    0x080070ea   0x080070ea   0x0000001c   Code   RO         2572    i.entry_pos_comp    FS_Dbg_LFN_CM3_L.lib(fs_fat.o)
    0x08007106   0x08007106   0x00000060   Code   RO         2573    i.entry_pos_inc     FS_Dbg_LFN_CM3_L.lib(fs_fat.o)
    0x08007166   0x08007166   0x00000044   Code   RO         2574    i.entry_read        FS_Dbg_LFN_CM3_L.lib(fs_fat.o)
    0x080071aa   0x080071aa   0x0000002e   Code   RO         2575    i.entry_type        FS_Dbg_LFN_CM3_L.lib(fs_fat.o)
    0x080071d8   0x080071d8   0x0000014c   Code   RO         2580    i.fat_close         FS_Dbg_LFN_CM3_L.lib(fs_fat.o)
    0x08007324   0x08007324   0x00000030   Code   RO         2581    i.fat_crc32         FS_Dbg_LFN_CM3_L.lib(fs_fat.o)
    0x08007354   0x08007354   0x00000020   Code   RO         2585    i.fat_flen          FS_Dbg_LFN_CM3_L.lib(fs_fat.o)
    0x08007374   0x08007374   0x00000054   Code   RO         2586    i.fat_flush         FS_Dbg_LFN_CM3_L.lib(fs_fat.o)
    0x080073c8   0x080073c8   0x0000004c   Code   RO         2589    i.fat_handle_get    FS_Dbg_LFN_CM3_L.lib(fs_fat.o)
    0x08007414   0x08007414   0x00000238   Code   RO         2597    i.fat_open          FS_Dbg_LFN_CM3_L.lib(fs_fat.o)
    0x0800764c   0x0800764c   0x0000013c   Code   RO         2599    i.fat_read          FS_Dbg_LFN_CM3_L.lib(fs_fat.o)
    0x08007788   0x08007788   0x00000234   Code   RO         2602    i.fat_seek          FS_Dbg_LFN_CM3_L.lib(fs_fat.o)
    0x080079bc   0x080079bc   0x000000d4   Code   RO         2608    i.fat_vol_chk       FS_Dbg_LFN_CM3_L.lib(fs_fat.o)
    0x08007a90   0x08007a90   0x000001dc   Code   RO         2609    i.fat_write         FS_Dbg_LFN_CM3_L.lib(fs_fat.o)
    0x08007c6c   0x08007c6c   0x00000058   Code   RO         2610    i.file_locked       FS_Dbg_LFN_CM3_L.lib(fs_fat.o)
    0x08007cc4   0x08007cc4   0x0000002c   Code   RO         2612    i.format_date       FS_Dbg_LFN_CM3_L.lib(fs_fat.o)
    0x08007cf0   0x08007cf0   0x0000002e   Code   RO         2613    i.format_time       FS_Dbg_LFN_CM3_L.lib(fs_fat.o)
    0x08007d1e   0x08007d1e   0x000000bc   Code   RO         2614    i.frec_allocate     FS_Dbg_LFN_CM3_L.lib(fs_fat.o)
    0x08007dda   0x08007dda   0x00000002   PAD
    0x08007ddc   0x08007ddc   0x00000228   Code   RO         2617    i.frec_find         FS_Dbg_LFN_CM3_L.lib(fs_fat.o)
    0x08008004   0x08008004   0x00000094   Code   RO         2618    i.frec_find_elink   FS_Dbg_LFN_CM3_L.lib(fs_fat.o)
    0x08008098   0x08008098   0x000000cc   Code   RO         2520    i.fs_drive_id       FS_Dbg_LFN_CM3_L.lib(fs_common.o)
    0x08008164   0x08008164   0x0000001a   Code   RO         2813    i.fs_get_time       FS_Dbg_LFN_CM3_L.lib(fs_time.o)
    0x0800817e   0x0800817e   0x00000002   PAD
    0x08008180   0x08008180   0x00000070   Code   RO         2621    i.fsinfo_write      FS_Dbg_LFN_CM3_L.lib(fs_fat.o)
    0x080081f0   0x080081f0   0x000000b8   Code   RO         2794    i.fsj_write         FS_Dbg_LFN_CM3_L.lib(fs_journal.o)
    0x080082a8   0x080082a8   0x00000022   Code   RO         2622    i.get_EOC           FS_Dbg_LFN_CM3_L.lib(fs_fat.o)
    0x080082ca   0x080082ca   0x00000032   Code   RO         2624    i.get_fat_sect      FS_Dbg_LFN_CM3_L.lib(fs_fat.o)
    0x080082fc   0x080082fc   0x00000010   Code   RO         2625    i.get_root_clus     FS_Dbg_LFN_CM3_L.lib(fs_fat.o)
    0x0800830c   0x0800830c   0x00000010   Code   RO         2525    i.get_u16           FS_Dbg_LFN_CM3_L.lib(fs_common.o)
    0x0800831c   0x0800831c   0x00000016   Code   RO         2526    i.get_u32           FS_Dbg_LFN_CM3_L.lib(fs_common.o)
    0x08008332   0x08008332   0x00000002   PAD
    0x08008334   0x08008334   0x00000020   Code   RO         2636    i.lfn_char_cnt      FS_Dbg_LFN_CM3_L.lib(fs_fat.o)
    0x08008354   0x08008354   0x00000004   Code   RO         2637    i.link_clus         FS_Dbg_LFN_CM3_L.lib(fs_fat.o)
    0x08008358   0x08008358   0x00000028   Code   RO         2638    i.long_ent_hash     FS_Dbg_LFN_CM3_L.lib(fs_fat.o)
    0x08008380   0x08008380   0x000000b0   Code   RO         2641    i.name_analyse      FS_Dbg_LFN_CM3_L.lib(fs_fat.o)
    0x08008430   0x08008430   0x000000b4   Code   RO         2642    i.name_basis_gen    FS_Dbg_LFN_CM3_L.lib(fs_fat.o)
    0x080084e4   0x080084e4   0x00000008   Code   RO         2643    i.name_hash         FS_Dbg_LFN_CM3_L.lib(fs_fat.o)
    0x080084ec   0x080084ec   0x00000128   Code   RO         2644    i.name_nt_gen       FS_Dbg_LFN_CM3_L.lib(fs_fat.o)
    0x08008614   0x08008614   0x00000052   Code   RO         2645    i.name_strip        FS_Dbg_LFN_CM3_L.lib(fs_fat.o)
    0x08008666   0x08008666   0x00000002   PAD
    0x08008668   0x08008668   0x00000038   Code   RO         2646    i.name_validate     FS_Dbg_LFN_CM3_L.lib(fs_fat.o)
    0x080086a0   0x080086a0   0x0000023e   Code   RO         2647    i.path_create       FS_Dbg_LFN_CM3_L.lib(fs_fat.o)
    0x080088de   0x080088de   0x00000002   PAD
    0x080088e0   0x080088e0   0x00000032   Code   RO         2648    i.path_init         FS_Dbg_LFN_CM3_L.lib(fs_fat.o)
    0x08008912   0x08008912   0x00000002   PAD
    0x08008914   0x08008914   0x000000b4   Code   RO         2649    i.path_open         FS_Dbg_LFN_CM3_L.lib(fs_fat.o)
    0x080089c8   0x080089c8   0x00000058   Code   RO         2650    i.path_validate     FS_Dbg_LFN_CM3_L.lib(fs_fat.o)
    0x08008a20   0x08008a20   0x00000086   Code   RO         2651    i.read_cache        FS_Dbg_LFN_CM3_L.lib(fs_fat.o)
    0x08008aa6   0x08008aa6   0x0000005c   Code   RO         2652    i.read_sector       FS_Dbg_LFN_CM3_L.lib(fs_fat.o)
    0x08008b02   0x08008b02   0x00000008   Code   RO         2527    i.set_u16           FS_Dbg_LFN_CM3_L.lib(fs_common.o)
    0x08008b0a   0x08008b0a   0x00000010   Code   RO         2528    i.set_u32           FS_Dbg_LFN_CM3_L.lib(fs_common.o)
    0x08008b1a   0x08008b1a   0x00000048   Code   RO         2653    i.sfn_extract       FS_Dbg_LFN_CM3_L.lib(fs_fat.o)
    0x08008b62   0x08008b62   0x0000001a   Code   RO         2654    i.short_ent_hash    FS_Dbg_LFN_CM3_L.lib(fs_fat.o)
    0x08008b7c   0x08008b7c   0x0000001e   Code   RO         2655    i.sn_chksum         FS_Dbg_LFN_CM3_L.lib(fs_fat.o)
    0x08008b9a   0x08008b9a   0x00000072   Code   RO         2657    i.unlink_clus       FS_Dbg_LFN_CM3_L.lib(fs_fat.o)
    0x08008c0c   0x08008c0c   0x000000bc   Code   RO         2658    i.write_cache       FS_Dbg_LFN_CM3_L.lib(fs_fat.o)
    0x08008cc8   0x08008cc8   0x0000003c   Code   RO         2659    i.write_sector      FS_Dbg_LFN_CM3_L.lib(fs_fat.o)
    0x08008d04   0x08008d04   0x0000002c   Code   RO         3179    locale$$code        c_w.l(lc_ctype_c.o)
    0x08008d30   0x08008d30   0x0000001a   Code   RO         3204    x$fpl$fpinit        fz_wm.l(fpinit.o)
    0x08008d4a   0x08008d4a   0x00000002   PAD
    0x08008d4c   0x08008d4c   0x000004ac   Data   RO         2660    .constdata          FS_Dbg_LFN_CM3_L.lib(fs_fat.o)
    0x080091f8   0x080091f8   0x00000010   Data   RO         1476    .rodata.AHBPrescTable  system_stm32f4xx.o
    0x08009208   0x08009208   0x00000008   Data   RO         1477    .rodata.APBPrescTable  system_stm32f4xx.o
    0x08009210   0x08009210   0x00000018   Data   RO          526    .rodata.EventRecorderInfo  eventrecorder.o
    0x08009228   0x08009228   0x00000008   Data   RO          558    .rodata.__stderr_name  retarget_io.o
    0x08009230   0x08009230   0x00000007   Data   RO          556    .rodata.__stdin_name  retarget_io.o
    0x08009237   0x08009237   0x00000008   Data   RO          557    .rodata.__stdout_name  retarget_io.o
    0x0800923f   0x0800923f   0x00000001   PAD
    0x08009240   0x08009240   0x00000008   Data   RO         1646    .rodata.fs_DevPool  fs_config.o
    0x08009248   0x08009248   0x00000001   Data   RO         1641    .rodata.fs_fat_fh_cnt  fs_config.o
    0x08009249   0x08009249   0x00000001   Data   RO         1643    .rodata.fs_ndrv     fs_config.o
    0x0800924a   0x0800924a   0x00000002   PAD
    0x0800924c   0x0800924c   0x00000018   Data   RO          138    .rodata.g_bootModeCommands  communication.o
    0x08009264   0x08009264   0x00000003   Data   RO          106    .rodata.str1.1      drvnand.o
    0x08009267   0x08009267   0x0000000f   Data   RO          226    .rodata.str1.1      fwuimagesinfohandler.o
    0x08009276   0x08009276   0x00000002   PAD
    0x08009278   0x08009278   0x00000011   Data   RO          107    .rodata.str1.4      drvnand.o
    0x08009289   0x08009289   0x00000003   PAD
    0x0800928c   0x0800928c   0x00000020   Data   RO         3257    Region$$Table       anon$$obj.o
    0x080092ac   0x080092ac   0x00000110   Data   RO         3178    locale$$data        c_w.l(lc_ctype_c.o)


    Execution Region RW_IRAM1 (Exec base: 0x20000000, Load base: 0x080093c0, Size: 0x00003c88, Max: 0x00030000, ABSOLUTE)

    Exec Addr    Load Addr    Size         Type   Attr      Idx    E Section Name        Object

    0x20000000   0x080093c0   0x00000001   Data   RW         2529    .data               FS_Dbg_LFN_CM3_L.lib(fs_common.o)
    0x20000001   0x080093c1   0x00000003   PAD
    0x20000004   0x080093c4   0x00000004   Data   RW         2887    .data               c_w.l(stdio_streams.o)
    0x20000008   0x080093c8   0x00000004   Data   RW         2888    .data               c_w.l(stdio_streams.o)
    0x2000000c   0x080093cc   0x00000004   Data   RW         2889    .data               c_w.l(stdio_streams.o)
    0x20000010   0x080093d0   0x00000004   Data   RW         3013    .data               c_w.l(streamlock.o)
    0x20000014   0x080093d4   0x00000004   Data   RW          555    .data.ITM_RxBuffer  retarget_io.o
    0x20000018   0x080093d8   0x00000004   Data   RW         1475    .data.SystemCoreClock  system_stm32f4xx.o
    0x2000001c   0x080093dc   0x00000018   Data   RW           12    .data.g_siBootInfo  main.o
    0x20000034   0x080093f4   0x00000004   Data   RW           66    .data.tx_restart    drvuart.o
    0x20000038   0x080093f8   0x00000001   Data   RW           70    .data.uart_transmit_done  drvuart.o
    0x20000039   0x080093f9   0x00000001   Data   RW          650    .data.uwTickFreq    stm32f4xx_hal.o
    0x2000003a   0x080093fa   0x00000002   PAD
    0x2000003c   0x080093fc   0x00000004   Data   RW          649    .data.uwTickPrio    stm32f4xx_hal.o
    0x20000040   0x08009400   0x00000004   Data   RW         1938    .data.uxCriticalNesting  port.o
    0x20000044   0x08009404   0x0000003c   PAD
    0x20000080        -       0x00000054   Zero   RW         2884    .bss                c_w.l(stdio_streams.o)
    0x200000d4        -       0x00000054   Zero   RW         2885    .bss                c_w.l(stdio_streams.o)
    0x20000128        -       0x00000054   Zero   RW         2886    .bss                c_w.l(stdio_streams.o)
    0x2000017c        -       0x00000060   Zero   RW         2927    .bss                c_w.l(libspace.o)
    0x200001dc        -       0x000000c8   Zero   RW          194    .bss.BL_LoadImageToInetnalFlash.buffer  boot_loader.o
    0x200002a4        -       0x00000004   Zero   RW          176    .bss.CNT_SecCounter  counters.o
    0x200002a8        -       0x00000014   Zero   RW          177    .bss.CNT_SecondsInitVal  counters.o
    0x200002bc        -       0x00000001   Zero   RW          145    .bss.COM_flgCommandWasRecevied  communication.o
    0x200002bd        -       0x00000001   Zero   RW         1851    .bss.EvrFreeRTOSSetup.init  freertos_evr.o
    0x200002be   0x08009404   0x00000002   PAD
    0x200002c0        -       0x00000001   Zero   RW          581    .bss.FMC_Initialized  stm32f4xx_hal_msp.o
    0x200002c1        -       0x00000005   Zero   RW          178    .bss.Is_CNT_SecondsActive  counters.o
    0x200002c6        -       0x000000ff   Zero   RW          143    .bss.TransmitBuffer  communication.o
    0x200003c5   0x08009404   0x00000003   PAD
    0x200003c8        -       0x00000190   Zero   RW          251    .bss.clib_mutex_cb  clib_arm.o
    0x20000558        -       0x00000014   Zero   RW          250    .bss.clib_mutex_id  clib_arm.o
    0x2000056c        -       0x00000001   Zero   RW          139    .bss.com_ParsingStep  communication.o
    0x2000056d   0x08009404   0x00000001   PAD
    0x2000056e        -       0x00000002   Zero   RW          140    .bss.com_ReceivTimeout  communication.o
    0x20000570        -       0x00000001   Zero   RW          148    .bss.com_ReceivedCheckSum  communication.o
    0x20000571   0x08009404   0x00000003   PAD
    0x20000574        -       0x0000003c   Zero   RW          146    .bss.com_ReceivedCommand  communication.o
    0x200005b0        -       0x00000002   Zero   RW          141    .bss.com_ReceivedDataCounter  communication.o
    0x200005b2        -       0x00000001   Zero   RW          147    .bss.com_TmpLenMsg  communication.o
    0x200005b3   0x08009404   0x00000001   PAD
    0x200005b4        -       0x0000001c   Zero   RW         1648    .bss.fs_efs_fh      fs_config.o
    0x200005d0        -       0x00000090   Zero   RW         1647    .bss.fs_fat_fh      fs_config.o
    0x20000660        -       0x00000084   Zero   RW         1645    .bss.fs_nand0_vol   fs_config.o
    0x200006e4        -       0x00000020   Zero   RW          225    .bss.g_imagesInfo   fwuimagesinfohandler.o
    0x20000704        -       0x00000040   Zero   RW           15    .bss.hnand1         main.o
    0x20000744        -       0x00000048   Zero   RW           13    .bss.htim14         main.o
    0x2000078c        -       0x00000044   Zero   RW           14    .bss.huart3         main.o
    0x200007d0        -       0x000000c8   Zero   RW          227    .bss.imgh_CopyRuningImageToFlash.buffer  fwuimagesinfohandler.o
    0x20000898        -       0x00000001   Zero   RW           69    .bss.new_receive_is_busy  drvuart.o
    0x20000899   0x08009404   0x00000027   PAD
    0x200008c0        -       0x000004a4   Zero   RW          525    .bss.noinit         eventrecorder.o
    0x20000d64        -       0x000001e0   Zero   RW          248    .bss.os_libspace    clib_arm.o
    0x20000f44        -       0x00000010   Zero   RW          249    .bss.os_libspace_id  clib_arm.o
    0x20000f54        -       0x00000020   Zero   RW         1510    .bss.pFlash         stm32f4xx_hal_flash.o
    0x20000f74        -       0x00000004   Zero   RW         2153    .bss.pxCurrentTCB   tasks.o
    0x20000f78        -       0x00000004   Zero   RW         2161    .bss.pxDelayedTaskList  tasks.o
    0x20000f7c        -       0x00000004   Zero   RW         1959    .bss.pxEnd          heap_4.o
    0x20000f80        -       0x00000004   Zero   RW         2162    .bss.pxOverflowDelayedTaskList  tasks.o
    0x20000f84        -       0x00000460   Zero   RW         2164    .bss.pxReadyTasksLists  tasks.o
    0x200013e4        -       0x00000102   Zero   RW           64    .bss.rbuf           drvuart.o
    0x200014e6        -       0x00000104   Zero   RW           65    .bss.tbuf           drvuart.o
    0x200015ea        -       0x00000032   Zero   RW           71    .bss.uart_TempBuffer  drvuart.o
    0x2000161c        -       0x00002000   Zero   RW         1966    .bss.ucHeap         heap_4.o
    0x2000361c        -       0x00000004   Zero   RW          651    .bss.uwTick         stm32f4xx_hal.o
    0x20003620        -       0x00000004   Zero   RW         2158    .bss.uxCurrentNumberOfTasks  tasks.o
    0x20003624        -       0x00000004   Zero   RW         2166    .bss.uxSchedulerSuspended  tasks.o
    0x20003628        -       0x00000004   Zero   RW         2165    .bss.uxTopReadyPriority  tasks.o
    0x2000362c        -       0x00000001   Zero   RW         1960    .bss.xBlockAllocatedBit  heap_4.o
    0x2000362d   0x08009404   0x00000003   PAD
    0x20003630        -       0x00000004   Zero   RW         1961    .bss.xFreeBytesRemaining  heap_4.o
    0x20003634        -       0x00000004   Zero   RW         1963    .bss.xMinimumEverFreeBytesRemaining  heap_4.o
    0x20003638        -       0x00000004   Zero   RW         2170    .bss.xNextTaskUnblockTime  tasks.o
    0x2000363c        -       0x00000004   Zero   RW         2172    .bss.xNumOfOverflows  tasks.o
    0x20003640        -       0x00000004   Zero   RW         1964    .bss.xNumberOfSuccessfulAllocations  heap_4.o
    0x20003644        -       0x00000004   Zero   RW         1965    .bss.xNumberOfSuccessfulFrees  heap_4.o
    0x20003648        -       0x00000004   Zero   RW         2171    .bss.xPendedTicks   tasks.o
    0x2000364c        -       0x00000014   Zero   RW         2168    .bss.xPendingReadyList  tasks.o
    0x20003660        -       0x00000004   Zero   RW         2159    .bss.xSchedulerRunning  tasks.o
    0x20003664        -       0x00000008   Zero   RW         1962    .bss.xStart         heap_4.o
    0x2000366c        -       0x00000014   Zero   RW         2163    .bss.xSuspendedTaskList  tasks.o
    0x20003680        -       0x00000004   Zero   RW         2160    .bss.xTickCount     tasks.o
    0x20003684        -       0x00000004   Zero   RW         2167    .bss.xYieldPending  tasks.o
    0x20003688        -       0x00000200   Zero   RW         1462    HEAP                startup_stm32f429xx.o
    0x20003888        -       0x00000400   Zero   RW         1461    STACK               startup_stm32f429xx.o


==============================================================================

Image component sizes


      Code (inc. data)   RO Data    RW Data    ZI Data      Debug   Object Name

       312          0          0          0        200       5765   boot_loader.o
       270          0          0          0        916       3424   clib_arm.o
       280          0          0          0          0      58798   cmsis_os2.o
        32          0          0          0          0       1056   commonfunctions.o
      1342         26         24          0        323      13483   communication.o
        62          0          0          0         29       2130   counters.o
       114          0          0          0          0       4178   drvinternalflash.o
      1268         68         20          0          0       4030   drvnand.o
       404          0          0          5        569       6108   drvuart.o
      2570          0         24          0       1188      20766   eventrecorder.o
       520          0          0          0          1      18037   freertos_evr.o
       110          0         10          0        304      19243   fs_config.o
       338         28         15          0        232       4074   fwuimagesinfohandler.o
       634          0          0          0       8221       4874   heap_4.o
       116          0          0          0          0       2313   list.o
       562          0          0         24        204      10365   main.o
       240          8          0          4          0       2995   port.o
      1360          0          0          0          0      22077   queue.o
       436          0         23          4          0       4062   retarget_io.o
        64         26        428          0       1536        848   startup_stm32f429xx.o
       180          0          0          5          4       7964   stm32f4xx_hal.o
       274          0          0          0          0      10990   stm32f4xx_hal_cortex.o
       164          0          0          0          0       9896   stm32f4xx_hal_dma.o
       584          0          0          0         32       5588   stm32f4xx_hal_flash.o
       392          0          0          0          0       8370   stm32f4xx_hal_flash_ex.o
       684          0          0          0          0       5428   stm32f4xx_hal_gpio.o
       450          0          0          0          1      10874   stm32f4xx_hal_msp.o
        90          0          0          0          0      16710   stm32f4xx_hal_nand.o
      1372          0          0          0          0       7589   stm32f4xx_hal_rcc.o
       754          0          0          0          0      55382   stm32f4xx_hal_tim.o
         4          0          0          0          0      21727   stm32f4xx_hal_tim_ex.o
      1488          0          0          0          0      27105   stm32f4xx_hal_uart.o
        44          0          0          0          0       2249   stm32f4xx_it.o
       146          0          0          0          0      12390   stm32f4xx_ll_fmc.o
        18          0         24          4          0       2774   system_stm32f4xx.o
      2296          0          0          0       1208      35763   tasks.o

    ----------------------------------------------------------------------
     20168        168        608         48      15080     449425   Object Totals
         0          0         32          0          0          0   (incl. Generated)
       194         12          8          2        112          0   (incl. Padding)

    ----------------------------------------------------------------------

      Code (inc. data)   RO Data    RW Data    ZI Data      Debug   Library Member Name

       266         16          0          1          0        356   fs_common.o
      8324        184       1196          0          0       5004   fs_fat.o
       304         20          0          0          0        176   fs_journal.o
       996         86          0          0          0        572   fs_sys.o
        26          0          0          0          0         68   fs_time.o
         8          0          0          0          0         68   __main.o
       104          0          0          0          0         84   __printf.o
         0          0          0          0          0          0   __rtentry.o
        20          0          0          0          0          0   __rtentry2.o
         6          0          0          0          0          0   __rtentry4.o
        52          8          0          0          0          0   __scatter.o
        26          0          0          0          0          0   __scatter_copy.o
        28          0          0          0          0          0   __scatter_zi.o
        44          0          0          0          0        108   _printf_char.o
        48          6          0          0          0         96   _printf_char_common.o
        36          4          0          0          0         80   _printf_char_file.o
         6          0          0          0          0          0   _printf_d.o
       120         16          0          0          0         92   _printf_dec.o
       178          0          0          0          0         88   _printf_intcommon.o
         0          0          0          0          0          0   _printf_percent.o
         4          0          0          0          0          0   _printf_percent_end.o
         6          0          0          0          0          0   _printf_s.o
        82          0          0          0          0         80   _printf_str.o
        10          0          0          0          0         68   defsig_exit.o
        50          0          0          0          0         88   defsig_general.o
        80         58          0          0          0         76   defsig_rtmem_inner.o
        14          0          0          0          0         80   defsig_rtmem_outer.o
        52         38          0          0          0         76   defsig_rtred_inner.o
        14          0          0          0          0         80   defsig_rtred_outer.o
        18          0          0          0          0         80   exit.o
        76          0          0          0          0         88   fclose.o
        52          6          0          0          0         80   fclose_locked.o
        30          0          0          0          0         80   feof_locked.o
        30          0          0          0          0         80   ferror_locked.o
       144         10          0          0          0        128   fflush_locked.o
       570          0          0          0          0        132   filbuf.o
        92          8          0          0          0         88   flushlinebuffered_locked.o
       332         10          0          0          0        152   fopen_locked.o
       306          0          0          0          0         96   freadfast_locked.o
       248          6          0          0          0         84   fseek.o
        44          0          0          0          0         84   fseek_locked.o
        66          0          0          0          0         76   ftell.o
        50          0          0          0          0         84   fwrite.o
       166          0          0          0          0        144   h1_alloc_threads.o
        82          0          0          0          0        104   h1_extend_threads.o
        10          0          0          0          0         76   h1_final_threads.o
       118          0          0          0          0        108   h1_free_threads.o
        18          0          0          0          0         84   h1_init_threads.o
         6          0          0          0          0        152   heapauxi.o
         4          0          0          0          0        136   hguard.o
         0          0          0          0          0          0   indicate_semi.o
       138          0          0          0          0        168   init_alloc.o
       456         48          0          0          0        116   initio_locked.o
        44         10        272          0          0         76   lc_ctype_c.o
         2          0          0          0          0          0   libinit.o
        36          0          0          0          0          0   libinit2.o
         2          0          0          0          0          0   libshutdown.o
        10          0          0          0          0          0   libshutdown2.o
         8          4          0          0         96         68   libspace.o
       240          0          0          0          0        100   lludivv7m.o
         0          0          0          0          0          0   maybetermalloc2.o
        24          4          0          0          0         84   noretval__2printf.o
        44          4          0          0          0         84   puts.o
        16          4          0          0          0         76   rt_ctype_table.o
         4          0          0          0          0         68   rt_errno_addr_twolibspace.o
        10          0          0          0          0         76   rt_heap_descriptor_twolibspace.o
        10          0          0          0          0         76   rt_locale_twolibspace.o
        68          0          0          0          0         68   rt_memclr.o
        78          0          0          0          0         80   rt_memclr_w.o
       138          0          0          0          0         68   rt_memcpy_v6.o
       100          0          0          0          0         80   rt_memcpy_w.o
         2          0          0          0          0          0   rtexit.o
        10          0          0          0          0          0   rtexit2.o
       104          0          0          0          0         88   setvbuf_locked.o
       240          6          0          0          0        156   stdio.o
         0          0          0         12        252          0   stdio_streams.o
       124          0          0          0          0         88   strcmpv7em.o
         0          0          0          4          0          0   streamlock.o
        62          0          0          0          0         76   strlen.o
        50          0          0          0          0         84   strncasecmp.o
        12          4          0          0          0         68   sys_exit.o
        74          0          0          0          0         80   sys_stackheap_outer.o
        16          0          0          0          0         80   term_alloc.o
        26          0          0          0          0         76   tolower.o
         2          0          0          0          0         68   use_no_semi.o
        26          0          0          0          0        116   fpinit.o

    ----------------------------------------------------------------------
     15576        560       1468         20        348      11744   Library Totals
        34          0          0          3          0          0   (incl. Padding)

    ----------------------------------------------------------------------

      Code (inc. data)   RO Data    RW Data    ZI Data      Debug   Library Name

      9916        306       1196          1          0       6176   FS_Dbg_LFN_CM3_L.lib
      5600        254        272         16        348       5452   c_w.l
        26          0          0          0          0        116   fz_wm.l

    ----------------------------------------------------------------------
     15576        560       1468         20        348      11744   Library Totals

    ----------------------------------------------------------------------

==============================================================================


      Code (inc. data)   RO Data    RW Data    ZI Data      Debug   

     35744        728       2076         68      15428     453573   Grand Totals
     35744        728       2076         68      15428     453573   ELF Image Totals
     35744        728       2076         68          0          0   ROM Totals

==============================================================================

    Total RO  Size (Code + RO Data)                37820 (  36.93kB)
    Total RW  Size (RW Data + ZI Data)             15496 (  15.13kB)
    Total ROM Size (Code + RO Data + RW Data)      37888 (  37.00kB)

==============================================================================

